digraph dependencies {
  rankdir="LR";
  node [shape=box, style="rounded,filled", fillcolor=lightgrey];
  "github.com/podhmo/go-scan/testdata/walk/a" [label="a", shape=box, style="rounded,filled", fillcolor=lightblue];
  "github.com/podhmo/go-scan/testdata/walk/b" [label="b"];

  "github.com/podhmo/go-scan/testdata/walk/a" -> "github.com/podhmo/go-scan/testdata/walk/b";
}
