digraph dependencies {
  rankdir="LR";
  "<tmp>/a/a.go" [label="a/a.go", shape=note, style=filled, fillcolor=khaki];
  "github.com/podhmo/go-scan/testdata/walk/b" [label="github.com/podhmo/go-scan/testdata/walk/b", shape=box, style="rounded,filled", fillcolor=lightgrey];

  "<tmp>/a/a.go" -> "github.com/podhmo/go-scan/testdata/walk/b";
}
