graph TD;
    github.com/podhmo/go-scan/testdata/walk/a[github.com/podhmo/go-scan/testdata/walk/a] --> github.com/podhmo/go-scan/testdata/walk/b[github.com/podhmo/go-scan/testdata/walk/b]
    github.com/podhmo/go-scan/testdata/walk/a[github.com/podhmo/go-scan/testdata/walk/a] --> github.com/podhmo/go-scan/testdata/walk/c[github.com/podhmo/go-scan/testdata/walk/c]
    github.com/podhmo/go-scan/testdata/walk/a[github.com/podhmo/go-scan/testdata/walk/a] --> github.com/podhmo/go-scan/testdata/walk/d[github.com/podhmo/go-scan/testdata/walk/d]
