package example.com/a

  func Ffunc(s S)
    func F0func()
      func F1func()
        func Hfunc()
      func Hfunc()
      func logfunc() func()
    func F1func()
      func Hfunc()
    func Hfunc()
    func logfunc() func()

  func F0func()
    func F1func()
      func Hfunc()
    func Hfunc()
    func logfunc() func()

  func F1func()
    func Hfunc()

  func (S).Mfunc()
    func Ffunc(s S)
      func F0func()
        func F1func()
          func Hfunc()
        func Hfunc()
        func logfunc() func()
      func F1func()
        func Hfunc()
      func Hfunc()
      func logfunc() func()
    func F0func()
      func F1func()
        func Hfunc()
      func Hfunc()
      func logfunc() func()
    func Hfunc()
    func logfunc() func()
