func (*Data).ComplexLogic()
  func github.com/podhmo/go-scan/examples/goinspect/testdata/src/another.Helper()
  [accessor] func (*Data).GetID()
func github.com/podhmo/go-scan/examples/goinspect/testdata/src/features.Main()
  [accessor] func (*Data).SetName(string)
  func (*Data).ComplexLogic()
    func github.com/podhmo/go-scan/examples/goinspect/testdata/src/another.Helper()
    [accessor] func (*Data).GetID()
  func github.com/podhmo/go-scan/examples/goinspect/testdata/src/features.Execute(unhandled_type_*ast.FuncType)
func (*Person).Greet()
  func github.com/podhmo/go-scan/examples/goinspect/testdata/src/myapp.privateFunc()
func (*Service).Do(Greeter)
  func .Greet()
func github.com/podhmo/go-scan/examples/goinspect/testdata/src/myapp.Recursive(int)
  func github.com/podhmo/go-scan/examples/goinspect/testdata/src/myapp.Recursive(int) ... (cycle detected)
