func (*Person).Greet() #1
  func github.com/podhmo/go-scan/examples/goinspect/testdata/src/another.Helper() #2
  func github.com/podhmo/go-scan/examples/goinspect/testdata/src/myapp.privateFunc() #3
[accessor] func (*Person).String() #4
func (*Service).Do(Greeter) #5
  func .Greet() #6
func github.com/podhmo/go-scan/examples/goinspect/testdata/src/myapp.Recursive(int) #7
  [recursive] func github.com/podhmo/go-scan/examples/goinspect/testdata/src/myapp.Recursive(int) #7
