func github.com/google/go-cmp/cmp.Diff(...) #1
  func (*defaultReporter).String(...) #2
    func .String(...) #3
    func github.com/google/go-cmp/cmp.assert(...) #4
    func (formatOptions).FormatDiff(...) #5
      func github.com/google/go-cmp/cmp.assert(...) #4
      func (formatOptions).WithTypeMode(...) #6
      func (formatOptions).WithVerbosity(...) #7
      func (formatOptions).verbosity(...) #8
      func github.com/google/go-cmp/cmp.verbosityPreset(...) #9
        func (formatOptions).verbosity(...) #8
      [recursive] func (formatOptions).FormatDiff(...) #5
      func (formatOptions).formatDiffList(...) #10
        func (*textList).AppendEllipsis(...) #11
          func (diffStats).Append(...) #12
            func github.com/google/go-cmp/cmp.assert(...) #4
        func (formatOptions).WithTypeMode(...) #6
        func (formatOptions).verbosity(...) #8
      func (*pointerReferences).PushPair(...) #13
      func (*pointerReferences).Pop(...) #14
      func (formatOptions).FormatType(...) #15
        func .Equal(...) #3
      func (formatOptions).FormatValue(...) #16
        func (*pointerReferences).Push(...) #17
        func (*pointerReferences).Pop(...) #14
        func github.com/google/go-cmp/cmp.makeLeafReference(...) #18
          func github.com/google/go-cmp/cmp.formatPointer(...) #19
            func github.com/google/go-cmp/cmp.formatHex(...) #20
        func (formatOptions).formatString(...) #21
          func (formatOptions).verbosity(...) #8
          func github.com/google/go-cmp/cmp.formatString(...) #22
      func (formatOptions).CanFormatDiffSlice(...) #23
      func (formatOptions).FormatDiffSlice(...) #24
        func .Kind(...) #3
        func github.com/google/go-cmp/cmp.formatASCII(...) #25
        func (formatOptions).formatDiffSlice(...) #26
          func github.com/google/go-cmp/cmp.coalesceAdjacentEdits(...) #27
          func github.com/google/go-cmp/cmp.coalesceInterveningIdentical(...) #28
          func github.com/google/go-cmp/cmp.cleanupSurroundingIdentical(...) #29
          func (*textList).AppendEllipsis(...) #11
          func (diffStats).IsZero(...) #30
          func (diffStats).Append(...) #12
          func github.com/google/go-cmp/cmp.assert(...) #4
          func (formatOptions).verbosity(...) #8
        func github.com/google/go-cmp/cmp.assert(...) #4
        func (formatOptions).WithTypeMode(...) #6
        func (formatOptions).FormatType(...) #15
        func github.com/google/go-cmp/cmp.formatString(...) #22
        func github.com/google/go-cmp/cmp.formatHex(...) #20
    func github.com/google/go-cmp/cmp.resolveReferences(...) #31
      func github.com/google/go-cmp/cmp.assert(...) #4
      func github.com/google/go-cmp/cmp.formatReference(...) #32
      func github.com/google/go-cmp/cmp.updateReferencePrefix(...) #33
  func github.com/google/go-cmp/cmp.rootStep(...) #34
  func github.com/google/go-cmp/cmp.newState(...) #35
    func (*pointerPath).Init(...) #36
    func (*state).processOption(...) #37
      func .isFiltered(...) #3
      [recursive] func (*state).processOption(...) #37
  func (*state).compareAny(...) #38
    func (*Path).push(...) #39
    func (*Path).pop(...) #40
