func errors.Is(error, error) #1
  func errors.is(error, error, bool) #2
    func .Is(error) #3
    [recursive] func errors.is(error, error, bool) #2
func errors.As(error, any) #4
  func errors.as(error, any, reflectlite.Value, reflectlite.Type) #5
    func .As(any) #3
func errors.Unwrap(error) #6
  func .Unwrap() #3
func errors.New(string) #7
[accessor] func (*errorString).Error() #8
func errors.Join([]error) #9
func (*joinError).Error() #10
[accessor] func (*joinError).Unwrap() #11
