func (*Person).Greet() #1
  func github.com/podhmo/go-scan/examples/goinspect/testdata/src/myapp.privateFunc() #2
[accessor] func (*Person).String() #3
func github.com/podhmo/go-scan/examples/goinspect/testdata/src/myapp.main() #4
  func (*Service).Do(Greeter) #5
    func .Greet() #6
  func github.com/podhmo/go-scan/examples/goinspect/testdata/src/myapp.Recursive(int) #7
    [recursive] func github.com/podhmo/go-scan/examples/goinspect/testdata/src/myapp.Recursive(int) #7
