func (*Person).Greet() #1
[accessor] func (*Person).String() #2
func (*Service).Do(Greeter) #3
func github.com/podhmo/go-scan/examples/goinspect/testdata/src/myapp.main() #4
func github.com/podhmo/go-scan/examples/goinspect/testdata/src/myapp.privateFunc() #5
func github.com/podhmo/go-scan/examples/goinspect/testdata/src/myapp.Recursive(int) #6
