func (*Person).Greet() #1
  func github.com/podhmo/go-scan/examples/goinspect/testdata/src/myapp.privateFunc() #2
func (*Service).Do(Greeter) #3
  func .Greet() #4
func github.com/podhmo/go-scan/examples/goinspect/testdata/src/myapp.main() #5
  func (*Service).Do(Greeter) #3
  func github.com/podhmo/go-scan/examples/goinspect/testdata/src/myapp.Recursive(int) #6
    func github.com/podhmo/go-scan/examples/goinspect/testdata/src/myapp.Recursive(int) #6
func github.com/podhmo/go-scan/examples/goinspect/testdata/src/myapp.Recursive(int) #6
