=== RUN   TestNewSymbolCache
=== RUN   TestNewSymbolCache/CacheDisabled_WithEmptyPath
=== RUN   TestNewSymbolCache/CacheEnabled_WithNonEmptyPath
--- PASS: TestNewSymbolCache (0.00s)
    --- PASS: TestNewSymbolCache/CacheDisabled_WithEmptyPath (0.00s)
    --- PASS: TestNewSymbolCache/CacheEnabled_WithNonEmptyPath (0.00s)
=== RUN   TestSymbolCache_Load_Save
=== RUN   TestSymbolCache_Load_Save/Load_file_not_exist
=== RUN   TestSymbolCache_Load_Save/Save_and_Load_data
=== RUN   TestSymbolCache_Load_Save/Load_corrupted_json
2025/09/23 03:09:50 WARN Failed to unmarshal cache file, starting with an empty cache path=/tmp/cache_test_2243135866/test_cache.json error="invalid character 'h' in literal true (expecting 'r')"
=== RUN   TestSymbolCache_Load_Save/Save_empty_cache
--- PASS: TestSymbolCache_Load_Save (0.00s)
    --- PASS: TestSymbolCache_Load_Save/Load_file_not_exist (0.00s)
    --- PASS: TestSymbolCache_Load_Save/Save_and_Load_data (0.00s)
    --- PASS: TestSymbolCache_Load_Save/Load_corrupted_json (0.00s)
    --- PASS: TestSymbolCache_Load_Save/Save_empty_cache (0.00s)
=== RUN   TestSymbolCache_Set_Get_VerifyAndGet
=== RUN   TestSymbolCache_Set_Get_VerifyAndGet/setSymbol_and_Get_existing_file
=== RUN   TestSymbolCache_Set_Get_VerifyAndGet/VerifyAndGet_existing_file
=== RUN   TestSymbolCache_Set_Get_VerifyAndGet/VerifyAndGet_non_existent_file
=== RUN   TestSymbolCache_Set_Get_VerifyAndGet/Get_non_existent_key
=== RUN   TestSymbolCache_Set_Get_VerifyAndGet/setSymbol_path_not_in_project_root
--- PASS: TestSymbolCache_Set_Get_VerifyAndGet (0.00s)
    --- PASS: TestSymbolCache_Set_Get_VerifyAndGet/setSymbol_and_Get_existing_file (0.00s)
    --- PASS: TestSymbolCache_Set_Get_VerifyAndGet/VerifyAndGet_existing_file (0.00s)
    --- PASS: TestSymbolCache_Set_Get_VerifyAndGet/VerifyAndGet_non_existent_file (0.00s)
    --- PASS: TestSymbolCache_Set_Get_VerifyAndGet/Get_non_existent_key (0.00s)
    --- PASS: TestSymbolCache_Set_Get_VerifyAndGet/setSymbol_path_not_in_project_root (0.00s)
=== RUN   TestSymbolCache_Disabled_When_Path_Is_Empty
--- PASS: TestSymbolCache_Disabled_When_Path_Is_Empty (0.00s)
=== RUN   TestSymbolCache_PathNormalization
--- PASS: TestSymbolCache_PathNormalization (0.00s)
=== RUN   TestSymbolCache_RootDir
--- PASS: TestSymbolCache_RootDir (0.00s)
=== RUN   TestSymbolCache_FilePath
--- PASS: TestSymbolCache_FilePath (0.00s)
=== RUN   TestSymbolCache_Set_EmptyRootDir
--- PASS: TestSymbolCache_Set_EmptyRootDir (0.01s)
=== RUN   TestSymbolCache_GetFilesToScan
--- PASS: TestSymbolCache_GetFilesToScan (0.00s)
=== RUN   TestScanner_CrossPackageResolution
--- PASS: TestScanner_CrossPackageResolution (0.00s)
=== RUN   TestFindImportersAggressively
=== RUN   TestFindImportersAggressively/importers_of_c
=== RUN   TestFindImportersAggressively/importers_of_a
=== RUN   TestFindImportersAggressively/importers_of_b
=== RUN   TestFindImportersAggressively/importers_of_d
=== RUN   TestFindImportersAggressively/no_importers
--- PASS: TestFindImportersAggressively (0.12s)
    --- PASS: TestFindImportersAggressively/importers_of_c (0.01s)
    --- PASS: TestFindImportersAggressively/importers_of_a (0.02s)
    --- PASS: TestFindImportersAggressively/importers_of_b (0.01s)
    --- PASS: TestFindImportersAggressively/importers_of_d (0.01s)
    --- PASS: TestFindImportersAggressively/no_importers (0.01s)
=== RUN   TestFindImporters
=== RUN   TestFindImporters/importers_of_c
=== RUN   TestFindImporters/importers_of_a
=== RUN   TestFindImporters/importers_of_b
=== RUN   TestFindImporters/importers_of_d
=== RUN   TestFindImporters/no_importers
--- PASS: TestFindImporters (0.00s)
    --- PASS: TestFindImporters/importers_of_c (0.00s)
    --- PASS: TestFindImporters/importers_of_a (0.00s)
    --- PASS: TestFindImporters/importers_of_b (0.00s)
    --- PASS: TestFindImporters/importers_of_d (0.00s)
    --- PASS: TestFindImporters/no_importers (0.00s)
=== RUN   TestScanStdlib_SucceedsWithoutOverride
--- PASS: TestScanStdlib_SucceedsWithoutOverride (0.06s)
=== RUN   TestNew_Integration
--- PASS: TestNew_Integration (0.00s)
=== RUN   TestLazyResolution_Integration
--- PASS: TestLazyResolution_Integration (0.00s)
=== RUN   TestScanner_WithSymbolCache
=== RUN   TestScanner_WithSymbolCache/ScanAndUpdateCache_FindSymbol_CacheHit
=== RUN   TestScanner_WithSymbolCache/FindSymbol_CacheMiss_FallbackScanSuccess
=== RUN   TestScanner_WithSymbolCache/FindSymbol_CacheStale_FallbackScanSuccess
=== RUN   TestScanner_WithSymbolCache/FindSymbol_NonExistentSymbol_FallbackScanFail
=== RUN   TestScanner_WithSymbolCache/CacheDisabled_NoCacheFileCreated
--- PASS: TestScanner_WithSymbolCache (0.01s)
    --- PASS: TestScanner_WithSymbolCache/ScanAndUpdateCache_FindSymbol_CacheHit (0.00s)
    --- PASS: TestScanner_WithSymbolCache/FindSymbol_CacheMiss_FallbackScanSuccess (0.00s)
    --- PASS: TestScanner_WithSymbolCache/FindSymbol_CacheStale_FallbackScanSuccess (0.00s)
    --- PASS: TestScanner_WithSymbolCache/FindSymbol_NonExistentSymbol_FallbackScanFail (0.00s)
    --- PASS: TestScanner_WithSymbolCache/CacheDisabled_NoCacheFileCreated (0.00s)
=== RUN   TestListExportedSymbols
--- PASS: TestListExportedSymbols (0.03s)
=== RUN   TestScannerWithExternalTypeOverrides
--- PASS: TestScannerWithExternalTypeOverrides (0.00s)
=== RUN   TestScanFilesAndGetUnscanned
=== RUN   TestScanFilesAndGetUnscanned/ScanFiles_RelativePath_CoreUser
=== RUN   TestScanFilesAndGetUnscanned/ScanFiles_AbsolutePath_CoreItem
=== RUN   TestScanFilesAndGetUnscanned/ScanFiles_ModuleQualifiedPath_CoreUser
=== RUN   TestScanFilesAndGetUnscanned/ScanFiles_MultipleCalls_VisitedSkipped
=== RUN   TestScanFilesAndGetUnscanned/ScanFiles_AllFilesVisited_EmptyResult
=== RUN   TestScanFilesAndGetUnscanned/UnscannedGoFiles_CorePackage
=== RUN   TestScanFilesAndGetUnscanned/ScanPackageFromFilePath_RespectsVisitedFiles
--- PASS: TestScanFilesAndGetUnscanned (0.01s)
    --- PASS: TestScanFilesAndGetUnscanned/ScanFiles_RelativePath_CoreUser (0.00s)
    --- PASS: TestScanFilesAndGetUnscanned/ScanFiles_AbsolutePath_CoreItem (0.00s)
    --- PASS: TestScanFilesAndGetUnscanned/ScanFiles_ModuleQualifiedPath_CoreUser (0.00s)
    --- PASS: TestScanFilesAndGetUnscanned/ScanFiles_MultipleCalls_VisitedSkipped (0.00s)
    --- PASS: TestScanFilesAndGetUnscanned/ScanFiles_AllFilesVisited_EmptyResult (0.00s)
    --- PASS: TestScanFilesAndGetUnscanned/UnscannedGoFiles_CorePackage (0.00s)
    --- PASS: TestScanFilesAndGetUnscanned/ScanPackageFromFilePath_RespectsVisitedFiles (0.00s)
=== RUN   TestImplements
=== RUN   TestImplements/SimpleStruct_SimpleInterface
=== RUN   TestImplements/SimpleStruct_EmptyInterface
=== RUN   TestImplements/PointerReceiverStruct_PointerReceiverInterface
=== RUN   TestImplements/ValueReceiverStruct_ValueReceiverInterface
=== RUN   TestImplements/ComplexTypeStruct_ComplexTypeInterface
=== RUN   TestImplements/MissingMethodStruct_SimpleInterface
=== RUN   TestImplements/WrongNameStruct_SimpleInterface
=== RUN   TestImplements/WrongParamCountStruct_SimpleInterface
=== RUN   TestImplements/WrongParamTypeStruct_SimpleInterface
=== RUN   TestImplements/WrongReturnCountStruct_SimpleInterface
=== RUN   TestImplements/WrongReturnTypeStruct_SimpleInterface
=== RUN   TestImplements/SimpleStruct_UnimplementedInterface
=== RUN   TestImplements/NoMethodStruct_SimpleInterface
=== RUN   TestImplements/NoMethodStruct_EmptyInterface
=== RUN   TestImplements/StructValueReceiverMethodX_InterfaceRequiresMethodX
=== RUN   TestImplements/StructPointerReceiverMethodX_InterfaceRequiresMethodX
=== RUN   TestImplements/StructPointerRecMethodForInterfaceValue_InterfaceValueRecMethod
=== RUN   TestImplements/MyStructForReceiverTest_InterfaceForValRec
=== RUN   TestImplements/MyStructForReceiverTest_InterfaceForPtrRec
=== RUN   TestImplements/StructWithAnotherType_InterfaceWithAnotherType
=== RUN   TestImplements/StructWithDifferentNamedType_InterfaceWithAnotherType
=== RUN   TestImplements/StructWithMismatchedPointerForAnotherType_InterfaceWithAnotherType
=== RUN   TestImplements/StructImplementingSliceMap_InterfaceWithSliceMap
=== RUN   TestImplements/StructMismatchSlice_InterfaceWithSliceMap
=== RUN   TestImplements/StructMismatchMapValue_InterfaceWithSliceMap
=== RUN   TestImplements/StructMismatchMapKey_InterfaceWithSliceMap
=== RUN   TestImplements/StructWithPointerInSlice_InterfaceWithPointerInSlice
=== RUN   TestImplements/StructWithPointerInSlice_InterfaceWithDifferentPointerInSlice
=== RUN   TestImplements/NilInputs
=== RUN   TestImplements/InvalidKindInputs
=== RUN   TestImplements/MySliceProcessorImpl_SliceProcessor_IntSlice
=== RUN   TestImplements/MySliceProcessorImpl_SliceProcessor_StringSlice
=== RUN   TestImplements/MySliceStructProcessorImpl_SliceStructProcessor_StructSlice
=== RUN   TestImplements/MySliceStructProcessorImpl_SliceStructProcessor_PointerStructSlice
=== RUN   TestImplements/MySliceOfPointerProcessorImpl_SliceOfPointerProcessor_Pointers
=== RUN   TestImplements/MySliceOfPointerProcessorImpl_SliceOfPointerProcessor_PointerAlias
=== RUN   TestImplements/MismatchedSliceProcessorImpl_SliceProcessor_IntParamMismatch
=== RUN   TestImplements/MismatchedReturnSliceProcessorImpl_SliceProcessor_IntReturnMismatch
=== RUN   TestImplements/MismatchedSliceStructProcessorImpl_SliceStructProcessor_StructParamMismatch
=== RUN   TestImplements/MismatchedPointerNess_PointerStructSlice
=== RUN   TestImplements/NotASliceProcessorImpl_SliceProcessor_ParamNotSlice
--- PASS: TestImplements (0.00s)
    --- PASS: TestImplements/SimpleStruct_SimpleInterface (0.00s)
    --- PASS: TestImplements/SimpleStruct_EmptyInterface (0.00s)
    --- PASS: TestImplements/PointerReceiverStruct_PointerReceiverInterface (0.00s)
    --- PASS: TestImplements/ValueReceiverStruct_ValueReceiverInterface (0.00s)
    --- PASS: TestImplements/ComplexTypeStruct_ComplexTypeInterface (0.00s)
    --- PASS: TestImplements/MissingMethodStruct_SimpleInterface (0.00s)
    --- PASS: TestImplements/WrongNameStruct_SimpleInterface (0.00s)
    --- PASS: TestImplements/WrongParamCountStruct_SimpleInterface (0.00s)
    --- PASS: TestImplements/WrongParamTypeStruct_SimpleInterface (0.00s)
    --- PASS: TestImplements/WrongReturnCountStruct_SimpleInterface (0.00s)
    --- PASS: TestImplements/WrongReturnTypeStruct_SimpleInterface (0.00s)
    --- PASS: TestImplements/SimpleStruct_UnimplementedInterface (0.00s)
    --- PASS: TestImplements/NoMethodStruct_SimpleInterface (0.00s)
    --- PASS: TestImplements/NoMethodStruct_EmptyInterface (0.00s)
    --- PASS: TestImplements/StructValueReceiverMethodX_InterfaceRequiresMethodX (0.00s)
    --- PASS: TestImplements/StructPointerReceiverMethodX_InterfaceRequiresMethodX (0.00s)
    --- PASS: TestImplements/StructPointerRecMethodForInterfaceValue_InterfaceValueRecMethod (0.00s)
    --- PASS: TestImplements/MyStructForReceiverTest_InterfaceForValRec (0.00s)
    --- PASS: TestImplements/MyStructForReceiverTest_InterfaceForPtrRec (0.00s)
    --- PASS: TestImplements/StructWithAnotherType_InterfaceWithAnotherType (0.00s)
    --- PASS: TestImplements/StructWithDifferentNamedType_InterfaceWithAnotherType (0.00s)
    --- PASS: TestImplements/StructWithMismatchedPointerForAnotherType_InterfaceWithAnotherType (0.00s)
    --- PASS: TestImplements/StructImplementingSliceMap_InterfaceWithSliceMap (0.00s)
    --- PASS: TestImplements/StructMismatchSlice_InterfaceWithSliceMap (0.00s)
    --- PASS: TestImplements/StructMismatchMapValue_InterfaceWithSliceMap (0.00s)
    --- PASS: TestImplements/StructMismatchMapKey_InterfaceWithSliceMap (0.00s)
    --- PASS: TestImplements/StructWithPointerInSlice_InterfaceWithPointerInSlice (0.00s)
    --- PASS: TestImplements/StructWithPointerInSlice_InterfaceWithDifferentPointerInSlice (0.00s)
    --- PASS: TestImplements/NilInputs (0.00s)
    --- PASS: TestImplements/InvalidKindInputs (0.00s)
    --- PASS: TestImplements/MySliceProcessorImpl_SliceProcessor_IntSlice (0.00s)
    --- PASS: TestImplements/MySliceProcessorImpl_SliceProcessor_StringSlice (0.00s)
    --- PASS: TestImplements/MySliceStructProcessorImpl_SliceStructProcessor_StructSlice (0.00s)
    --- PASS: TestImplements/MySliceStructProcessorImpl_SliceStructProcessor_PointerStructSlice (0.00s)
    --- PASS: TestImplements/MySliceOfPointerProcessorImpl_SliceOfPointerProcessor_Pointers (0.00s)
    --- PASS: TestImplements/MySliceOfPointerProcessorImpl_SliceOfPointerProcessor_PointerAlias (0.00s)
    --- PASS: TestImplements/MismatchedSliceProcessorImpl_SliceProcessor_IntParamMismatch (0.00s)
    --- PASS: TestImplements/MismatchedReturnSliceProcessorImpl_SliceProcessor_IntReturnMismatch (0.00s)
    --- PASS: TestImplements/MismatchedSliceStructProcessorImpl_SliceStructProcessor_StructParamMismatch (0.00s)
    --- PASS: TestImplements/MismatchedPointerNess_PointerStructSlice (0.00s)
    --- PASS: TestImplements/NotASliceProcessorImpl_SliceProcessor_ParamNotSlice (0.00s)
=== RUN   TestSaveGoFile_Imports
2025/09/23 03:09:50 INFO Generated code written path=/tmp/TestSaveGoFile_Imports3446803088/001/test_output.go
2025/09/23 03:09:50 INFO Generated code written path=/tmp/TestSaveGoFile_Imports3446803088/001/no_imports.go
--- PASS: TestSaveGoFile_Imports (0.00s)
=== RUN   TestScanner_ScanPackageFromFilePath_Generics
=== RUN   TestScanner_ScanPackageFromFilePath_Generics/GenericFunctions
=== RUN   TestScanner_ScanPackageFromFilePath_Generics/GenericStructs
=== RUN   TestScanner_ScanPackageFromFilePath_Generics/InstantiatedAndAliases
=== RUN   TestScanner_ScanPackageFromFilePath_Generics/GenericFuncTypes
=== RUN   TestScanner_ScanPackageFromFilePath_Generics/GenericInterfaces
=== RUN   TestScanner_ScanPackageFromFilePath_Generics/RecursiveGenericTypes
--- PASS: TestScanner_ScanPackageFromFilePath_Generics (0.00s)
    --- PASS: TestScanner_ScanPackageFromFilePath_Generics/GenericFunctions (0.00s)
    --- PASS: TestScanner_ScanPackageFromFilePath_Generics/GenericStructs (0.00s)
    --- PASS: TestScanner_ScanPackageFromFilePath_Generics/InstantiatedAndAliases (0.00s)
    --- PASS: TestScanner_ScanPackageFromFilePath_Generics/GenericFuncTypes (0.00s)
    --- PASS: TestScanner_ScanPackageFromFilePath_Generics/GenericInterfaces (0.00s)
    --- PASS: TestScanner_ScanPackageFromFilePath_Generics/RecursiveGenericTypes (0.00s)
=== RUN   TestImplements_DerivingJSON_Scenario
--- PASS: TestImplements_DerivingJSON_Scenario (0.00s)
=== RUN   TestScanPackageFromFilePathImports
--- PASS: TestScanPackageFromFilePathImports (0.00s)
=== RUN   TestWalk
--- PASS: TestWalk (0.00s)
=== RUN   TestWalk_Wildcard
--- PASS: TestWalk_Wildcard (0.00s)
=== RUN   TestImportManager_Add_Concurrent
--- PASS: TestImportManager_Add_Concurrent (0.00s)
=== RUN   TestImportManager_Qualify_Concurrent
--- PASS: TestImportManager_Qualify_Concurrent (0.00s)
=== RUN   TestImportManager_AddAndQualify_MixedConcurrent
--- PASS: TestImportManager_AddAndQualify_MixedConcurrent (0.00s)
=== RUN   TestImportManager_Add
=== RUN   TestImportManager_Add/basic_add
=== RUN   TestImportManager_Add/current_package
=== RUN   TestImportManager_Add/alias_conflict_resolution
=== RUN   TestImportManager_Add/keyword_conflict
=== RUN   TestImportManager_Add/empty_path
=== RUN   TestImportManager_Add/idempotency
=== RUN   TestImportManager_Add/nil_current_package_info
--- PASS: TestImportManager_Add (0.00s)
    --- PASS: TestImportManager_Add/basic_add (0.00s)
    --- PASS: TestImportManager_Add/current_package (0.00s)
    --- PASS: TestImportManager_Add/alias_conflict_resolution (0.00s)
    --- PASS: TestImportManager_Add/keyword_conflict (0.00s)
    --- PASS: TestImportManager_Add/empty_path (0.00s)
    --- PASS: TestImportManager_Add/idempotency (0.00s)
    --- PASS: TestImportManager_Add/nil_current_package_info (0.00s)
=== RUN   TestImportManager_Qualify
=== RUN   TestImportManager_Qualify/current_package_type
=== RUN   TestImportManager_Qualify/empty_package_path_(built-in)
=== RUN   TestImportManager_Qualify/external_package_type
=== RUN   TestImportManager_Qualify/external_package_type_with_dot_in_name
=== RUN   TestImportManager_Qualify/another_external
=== RUN   TestImportManager_Qualify/qualify_same_external_again
--- PASS: TestImportManager_Qualify (0.00s)
    --- PASS: TestImportManager_Qualify/current_package_type (0.00s)
    --- PASS: TestImportManager_Qualify/empty_package_path_(built-in) (0.00s)
    --- PASS: TestImportManager_Qualify/external_package_type (0.00s)
    --- PASS: TestImportManager_Qualify/external_package_type_with_dot_in_name (0.00s)
    --- PASS: TestImportManager_Qualify/another_external (0.00s)
    --- PASS: TestImportManager_Qualify/qualify_same_external_again (0.00s)
=== RUN   TestImportManager_Imports
--- PASS: TestImportManager_Imports (0.00s)
=== RUN   TestImplements_New
=== RUN   TestImplements_New/MyReader_implements_SimpleReader
=== RUN   TestImplements_New/MyEmbeddedReader_implements_EmbeddedReader
=== RUN   TestImplements_New/MyEmbeddedReader_implements_SimpleReader_(via_EmbeddedReader)
=== RUN   TestImplements_New/StructWithEmbeddedConcrete_implements_AnotherInterface
=== RUN   TestImplements_New/NonImplementer_does_not_implement_SimpleReader
=== RUN   TestImplements_New/PartialImplementer_does_not_implement_EmbeddedReader
=== RUN   TestImplements_New/MyReader_does_not_implement_EmbeddedReader
--- PASS: TestImplements_New (0.00s)
    --- PASS: TestImplements_New/MyReader_implements_SimpleReader (0.00s)
    --- PASS: TestImplements_New/MyEmbeddedReader_implements_EmbeddedReader (0.00s)
    --- PASS: TestImplements_New/MyEmbeddedReader_implements_SimpleReader_(via_EmbeddedReader) (0.00s)
    --- PASS: TestImplements_New/StructWithEmbeddedConcrete_implements_AnotherInterface (0.00s)
    --- PASS: TestImplements_New/NonImplementer_does_not_implement_SimpleReader (0.00s)
    --- PASS: TestImplements_New/PartialImplementer_does_not_implement_EmbeddedReader (0.00s)
    --- PASS: TestImplements_New/MyReader_does_not_implement_EmbeddedReader (0.00s)
=== RUN   TestPackageID_SimpleModule
=== RUN   TestPackageID_SimpleModule/standard_library_package
=== RUN   TestPackageID_SimpleModule/main_package
--- PASS: TestPackageID_SimpleModule (0.03s)
    --- PASS: TestPackageID_SimpleModule/standard_library_package (0.00s)
    --- PASS: TestPackageID_SimpleModule/main_package (0.00s)
=== RUN   TestPackageID_Workspace
=== RUN   TestPackageID_Workspace/first_main_package
=== RUN   TestPackageID_Workspace/second_main_package
--- PASS: TestPackageID_Workspace (0.04s)
    --- PASS: TestPackageID_Workspace/first_main_package (0.00s)
    --- PASS: TestPackageID_Workspace/second_main_package (0.00s)
=== RUN   TestPackageID_Replace
--- PASS: TestPackageID_Replace (0.01s)
=== RUN   TestInspectAndDryRun
    goscan_inspect_test.go:91: Captured logs:
        level=DEBUG msg="Enter TypeInfoFromExpr" pos=/tmp/TestInspectAndDryRun2526275295/001/models/user.go:6:7
        level=DEBUG msg="Enter TypeInfoFromExpr" pos=/tmp/TestInspectAndDryRun2526275295/001/models/user.go:7:7
        level=DEBUG msg="Enter TypeInfoFromExpr" pos=/tmp/TestInspectAndDryRun2526275295/001/models/user.go:11:5
        level=INFO msg="found annotation" component=go-scan type_name=User type_pkg_path=a.b/c/models annotation_name=@deriving:json type_file_path=/tmp/TestInspectAndDryRun2526275295/001/models/user.go:5:6 annotation_value=""
        level=DEBUG msg="checking for annotation" component=go-scan type_name=Group type_pkg_path=a.b/c/models annotation_name=@deriving:json type_file_path=/tmp/TestInspectAndDryRun2526275295/001/models/user.go:10:6 result=miss
--- PASS: TestInspectAndDryRun (0.00s)
=== RUN   TestInspectResolutionPath
    goscan_inspect_test.go:187: Captured logs:
        level=DEBUG msg="Enter TypeInfoFromExpr" pos=/tmp/TestInspectResolutionPath3208033374/001/pkg1/main.go:5:4
        level=DEBUG msg="resolving type" type=a.b/c/pkg2.TypeB resolution_path=[]
        level=DEBUG msg="Enter TypeInfoFromExpr" pos=/tmp/TestInspectResolutionPath3208033374/001/pkg2/another.go:4:7
        level=INFO msg="resolved type" type=a.b/c/pkg2.TypeB resolution_path=[]
--- PASS: TestInspectResolutionPath (0.00s)
=== RUN   TestScan_Wildcard
--- PASS: TestScan_Wildcard (0.03s)
=== RUN   TestImplements_DerivingJSON_Scenario_WithScantest
--- PASS: TestImplements_DerivingJSON_Scenario_WithScantest (0.03s)
=== RUN   TestRunWithFileSystemPatterns
--- PASS: TestRunWithFileSystemPatterns (0.01s)
PASS
ok  	github.com/podhmo/go-scan	0.420s
=== RUN   TestToplevelStructs_Iterator
=== RUN   TestToplevelStructs_Iterator/nil_file
=== RUN   TestToplevelStructs_Iterator/empty_source
=== RUN   TestToplevelStructs_Iterator/only_structs
=== RUN   TestToplevelStructs_Iterator/mixed_types
=== RUN   TestToplevelStructs_Iterator/no_structs
=== RUN   TestToplevelStructs_Iterator/early_exit_after_1_struct
=== RUN   TestToplevelStructs_Iterator/early_exit_after_2_structs
=== RUN   TestToplevelStructs_Iterator/stopAfterN_larger_than_actual_structs_(no_early_exit)
=== RUN   TestToplevelStructs_Iterator/stopAfterN_is_0_(iterate_all)
--- PASS: TestToplevelStructs_Iterator (0.00s)
    --- PASS: TestToplevelStructs_Iterator/nil_file (0.00s)
    --- PASS: TestToplevelStructs_Iterator/empty_source (0.00s)
    --- PASS: TestToplevelStructs_Iterator/only_structs (0.00s)
    --- PASS: TestToplevelStructs_Iterator/mixed_types (0.00s)
    --- PASS: TestToplevelStructs_Iterator/no_structs (0.00s)
    --- PASS: TestToplevelStructs_Iterator/early_exit_after_1_struct (0.00s)
    --- PASS: TestToplevelStructs_Iterator/early_exit_after_2_structs (0.00s)
    --- PASS: TestToplevelStructs_Iterator/stopAfterN_larger_than_actual_structs_(no_early_exit) (0.00s)
    --- PASS: TestToplevelStructs_Iterator/stopAfterN_is_0_(iterate_all) (0.00s)
=== RUN   TestToplevelStructs_Collect
--- PASS: TestToplevelStructs_Collect (0.00s)
PASS
ok  	github.com/podhmo/go-scan/astwalk	0.005s
=== RUN   TestRun
=== RUN   TestRun/default-dot
=== RUN   TestRun/relative-path-dot
=== RUN   TestRun/default-mermaid
=== RUN   TestRun/default-json
=== RUN   TestRun/default-json#01
=== RUN   TestRun/reverse-json
=== RUN   TestRun/bidi-json
=== RUN   TestRun/mermaid-short
=== RUN   TestRun/default-short
=== RUN   TestRun/hops=2
=== RUN   TestRun/ignore-c
=== RUN   TestRun/ignore-c-short
=== RUN   TestRun/hide-c
=== RUN   TestRun/hide-c-short
=== RUN   TestRun/full
=== RUN   TestRun/file-granularity
=== RUN   TestRun/reverse
=== RUN   TestRun/bidi
=== RUN   TestRun/reverse-hops2
=== RUN   TestRun/reverse-hops2-aggressive
=== RUN   TestRun/with-test-files
=== RUN   TestRun/multiple-packages
--- PASS: TestRun (0.72s)
    --- PASS: TestRun/default-dot (0.00s)
    --- PASS: TestRun/relative-path-dot (0.01s)
    --- PASS: TestRun/default-mermaid (0.00s)
    --- PASS: TestRun/default-json (0.00s)
    --- PASS: TestRun/default-json#01 (0.00s)
    --- PASS: TestRun/reverse-json (0.00s)
    --- PASS: TestRun/bidi-json (0.01s)
    --- PASS: TestRun/mermaid-short (0.00s)
    --- PASS: TestRun/default-short (0.00s)
    --- PASS: TestRun/hops=2 (0.18s)
    --- PASS: TestRun/ignore-c (0.02s)
    --- PASS: TestRun/ignore-c-short (0.00s)
    --- PASS: TestRun/hide-c (0.00s)
    --- PASS: TestRun/hide-c-short (0.00s)
    --- PASS: TestRun/full (0.20s)
    --- PASS: TestRun/file-granularity (0.01s)
    --- PASS: TestRun/reverse (0.00s)
    --- PASS: TestRun/bidi (0.01s)
    --- PASS: TestRun/reverse-hops2 (0.01s)
    --- PASS: TestRun/reverse-hops2-aggressive (0.10s)
    --- PASS: TestRun/with-test-files (0.00s)
    --- PASS: TestRun/multiple-packages (0.13s)
PASS
ok  	github.com/podhmo/go-scan/examples/deps-walk	0.727s
=== RUN   TestFindOrphans_ShallowScan_UnresolvedInterfaceMethodCall
time=2025-09-23T03:09:51.603Z level=INFO msg="* scan module" module=example.com/test
time=2025-09-23T03:09:51.623Z level=INFO msg="analysis phase" packages=3
time=2025-09-23T03:09:51.623Z level=INFO msg="** scan package" package=example.com/test/foreign
time=2025-09-23T03:09:51.623Z level=INFO msg="** scan package" package=example.com/test/local
time=2025-09-23T03:09:51.623Z level=INFO msg="** scan package" package=example.com/test
time=2025-09-23T03:09:51.623Z level=INFO msg="found main entry point(s), running in application mode" count=1
time=2025-09-23T03:09:51.624Z level=INFO msg="symbolic execution complete"
time=2025-09-23T03:09:51.624Z level=INFO msg="finalizing analysis for interface resolution"
--- PASS: TestFindOrphans_ShallowScan_UnresolvedInterfaceMethodCall (0.03s)
=== RUN   TestFindOrphans
time=2025-09-23T03:09:51.631Z level=INFO msg="* scan module" module=example.com/find-orphans-test
time=2025-09-23T03:09:51.640Z level=INFO msg="analysis phase" packages=2
time=2025-09-23T03:09:51.640Z level=INFO msg="** scan package" package=example.com/find-orphans-test/greeter
time=2025-09-23T03:09:51.641Z level=INFO msg="** scan package" package=example.com/find-orphans-test
time=2025-09-23T03:09:51.641Z level=INFO msg="found main entry point(s), running in application mode" count=1
time=2025-09-23T03:09:51.641Z level=INFO msg="symbolic execution complete"
time=2025-09-23T03:09:51.641Z level=INFO msg="finalizing analysis for interface resolution"
--- PASS: TestFindOrphans (0.02s)
=== RUN   TestFindOrphans_ScanAndReportScopeSeparation
time=2025-09-23T03:09:51.649Z level=INFO msg="* scan module" module=example.com/scope-test
time=2025-09-23T03:09:51.656Z level=INFO msg="analysis phase" packages=2
time=2025-09-23T03:09:51.656Z level=INFO msg="** scan package" package=example.com/scope-test/pkga
time=2025-09-23T03:09:51.656Z level=INFO msg="** scan package" package=example.com/scope-test/pkgc
time=2025-09-23T03:09:51.656Z level=INFO msg="running in forced library mode" analysis_functions=3
time=2025-09-23T03:09:51.656Z level=INFO msg="symbolic execution complete"
time=2025-09-23T03:09:51.656Z level=INFO msg="finalizing analysis for interface resolution"
--- PASS: TestFindOrphans_ScanAndReportScopeSeparation (0.01s)
=== RUN   TestFindOrphans_GlobalVarInitialization_LibraryMode
time=2025-09-23T03:09:51.670Z level=INFO msg="* scan module" module=example.com/global-var-lib
time=2025-09-23T03:09:51.681Z level=INFO msg="analysis phase" packages=2
time=2025-09-23T03:09:51.681Z level=INFO msg="** scan package" package=example.com/global-var-lib/importer
time=2025-09-23T03:09:51.681Z level=INFO msg="** scan package" package=example.com/global-var-lib/lib
time=2025-09-23T03:09:51.681Z level=INFO msg="no main entry point found, running in library mode" analysis_functions=2
time=2025-09-23T03:09:51.681Z level=INFO msg="symbolic execution complete"
time=2025-09-23T03:09:51.681Z level=INFO msg="finalizing analysis for interface resolution"
--- PASS: TestFindOrphans_GlobalVarInitialization_LibraryMode (0.03s)
=== RUN   TestFindOrphans_GlobalVarInitialization
time=2025-09-23T03:09:51.688Z level=INFO msg="* scan module" module=example.com/global-var-init
time=2025-09-23T03:09:51.697Z level=INFO msg="analysis phase" packages=2
time=2025-09-23T03:09:51.697Z level=INFO msg="** scan package" package=example.com/global-var-init
time=2025-09-23T03:09:51.698Z level=INFO msg="** scan package" package=example.com/global-var-init/other
time=2025-09-23T03:09:51.698Z level=INFO msg="found main entry point(s), running in application mode" count=1
time=2025-09-23T03:09:51.698Z level=INFO msg="symbolic execution complete"
time=2025-09-23T03:09:51.698Z level=INFO msg="finalizing analysis for interface resolution"
--- PASS: TestFindOrphans_GlobalVarInitialization (0.02s)
=== RUN   TestFindOrphans_MultiMain
time=2025-09-23T03:09:51.715Z level=INFO msg="* scan module" module=example.com/cmda
time=2025-09-23T03:09:51.715Z level=INFO msg="* scan module" module=example.com/cmdb
time=2025-09-23T03:09:51.731Z level=INFO msg="analysis phase" packages=2
time=2025-09-23T03:09:51.731Z level=INFO msg="** scan package" package=example.com/cmda
time=2025-09-23T03:09:51.731Z level=INFO msg="** scan package" package=example.com/cmdb
time=2025-09-23T03:09:51.731Z level=INFO msg="found main entry point(s), running in application mode" count=2
time=2025-09-23T03:09:51.732Z level=INFO msg="symbolic execution complete"
time=2025-09-23T03:09:51.732Z level=INFO msg="finalizing analysis for interface resolution"
--- PASS: TestFindOrphans_MultiMain (0.04s)
=== RUN   TestFindOrphans_SubtestUsage
time=2025-09-23T03:09:51.741Z level=INFO msg="* scan module" module=example.com/subtest-usage
time=2025-09-23T03:09:51.748Z level=INFO msg="analysis phase" packages=1
time=2025-09-23T03:09:51.748Z level=INFO msg="** scan package" package=example.com/subtest-usage/lib
time=2025-09-23T03:09:51.748Z level=INFO msg="running in forced library mode" analysis_functions=1
time=2025-09-23T03:09:51.793Z level=INFO msg="symbolic execution complete"
time=2025-09-23T03:09:51.793Z level=INFO msg="finalizing analysis for interface resolution"
--- PASS: TestFindOrphans_SubtestUsage (0.06s)
=== RUN   TestFindOrphans_ShallowScan_SymbolicMethodCall
time=2025-09-23T03:09:51.809Z level=INFO msg="* scan module" module=example.com/mainmodule
time=2025-09-23T03:09:51.809Z level=INFO msg="* scan module" module=example.com/externalmodule
time=2025-09-23T03:09:51.820Z level=INFO msg="analysis phase" packages=2
time=2025-09-23T03:09:51.820Z level=INFO msg="** scan package" package=example.com/externalmodule/client
time=2025-09-23T03:09:51.820Z level=INFO msg="** scan package" package=example.com/mainmodule
time=2025-09-23T03:09:51.820Z level=INFO msg="found main entry point(s), running in application mode" count=1
time=2025-09-23T03:09:51.820Z level=INFO msg="symbolic execution complete"
time=2025-09-23T03:09:51.820Z level=INFO msg="finalizing analysis for interface resolution"
--- PASS: TestFindOrphans_ShallowScan_SymbolicMethodCall (0.03s)
=== RUN   TestFindOrphans_intraPackageMethodCall
time=2025-09-23T03:09:51.836Z level=INFO msg="* scan module" module=example.com/intra-pkg-methods
time=2025-09-23T03:09:51.842Z level=INFO msg="analysis phase" packages=1
time=2025-09-23T03:09:51.842Z level=INFO msg="** scan package" package=example.com/intra-pkg-methods/lib
time=2025-09-23T03:09:51.842Z level=INFO msg="running in forced library mode" analysis_functions=1
time=2025-09-23T03:09:51.842Z level=INFO msg="symbolic execution complete"
time=2025-09-23T03:09:51.842Z level=INFO msg="finalizing analysis for interface resolution"
--- PASS: TestFindOrphans_intraPackageMethodCall (0.02s)
=== RUN   TestFindOrphans_multiModuleWorkspace_withExcludes
time=2025-09-23T03:09:51.849Z level=INFO msg="* scan module" module=example.com/modulea
time=2025-09-23T03:09:51.856Z level=INFO msg="analysis phase" packages=1
time=2025-09-23T03:09:51.856Z level=INFO msg="** scan package" package=example.com/modulea
time=2025-09-23T03:09:51.857Z level=INFO msg="found main entry point(s), running in application mode" count=1
time=2025-09-23T03:09:51.857Z level=INFO msg="symbolic execution complete"
time=2025-09-23T03:09:51.857Z level=INFO msg="finalizing analysis for interface resolution"
--- PASS: TestFindOrphans_multiModuleWorkspace_withExcludes (0.01s)
=== RUN   TestFindOrphans_CrossModuleUsage
time=2025-09-23T03:09:51.867Z level=INFO msg="* scan module" module=example.com/modulea
time=2025-09-23T03:09:51.867Z level=INFO msg="* scan module" module=example.com/moduleb
time=2025-09-23T03:09:51.877Z level=INFO msg="analysis phase" packages=2
time=2025-09-23T03:09:51.877Z level=INFO msg="** scan package" package=example.com/modulea
time=2025-09-23T03:09:51.877Z level=INFO msg="** scan package" package=example.com/moduleb/lib
time=2025-09-23T03:09:51.877Z level=INFO msg="found main entry point(s), running in application mode" count=1
time=2025-09-23T03:09:51.877Z level=INFO msg="symbolic execution complete"
time=2025-09-23T03:09:51.877Z level=INFO msg="finalizing analysis for interface resolution"
--- PASS: TestFindOrphans_CrossModuleUsage (0.02s)
=== RUN   TestFindOrphans_WithExternalDeps
time=2025-09-23T03:09:51.886Z level=INFO msg="* scan module" module=example.com/modulea
time=2025-09-23T03:09:51.892Z level=INFO msg="analysis phase" packages=1
time=2025-09-23T03:09:51.892Z level=INFO msg="** scan package" package=example.com/modulea
time=2025-09-23T03:09:51.892Z level=INFO msg="found main entry point(s), running in application mode" count=1
time=2025-09-23T03:09:51.892Z level=ERROR msg="identifier not found: yaml" in_func=main in_func_pos="" exec_pos=/app/symgo/evaluator/evaluator.go:2854 pos=397
time=2025-09-23T03:09:51.892Z level=ERROR msg="symbolic execution failed for entry point" function=example.com/modulea.main error="symgo runtime error: identifier not found: yaml\n\t/tmp/TestFindOrphans_WithExternalDeps345042174/001/workspace/modulea/main.go:7:5:\n\t\tyaml.Unmarshal([]byte(\"foo: bar\"), &data)\n\t:0:0:\tin main\n"
time=2025-09-23T03:09:51.892Z level=INFO msg="symbolic execution complete"
time=2025-09-23T03:09:51.892Z level=INFO msg="finalizing analysis for interface resolution"
--- PASS: TestFindOrphans_WithExternalDeps (0.02s)
=== RUN   TestFindOrphans_multiModuleWorkspace_relative
time=2025-09-23T03:09:51.908Z level=INFO msg="* scan module" module=example.com/modulea
time=2025-09-23T03:09:51.908Z level=INFO msg="* scan module" module=example.com/moduleb
time=2025-09-23T03:09:51.919Z level=INFO msg="analysis phase" packages=2
time=2025-09-23T03:09:51.919Z level=INFO msg="** scan package" package=example.com/modulea
time=2025-09-23T03:09:51.919Z level=INFO msg="** scan package" package=example.com/moduleb/lib
time=2025-09-23T03:09:51.919Z level=INFO msg="found main entry point(s), running in application mode" count=1
time=2025-09-23T03:09:51.919Z level=INFO msg="symbolic execution complete"
time=2025-09-23T03:09:51.919Z level=INFO msg="finalizing analysis for interface resolution"
--- PASS: TestFindOrphans_multiModuleWorkspace_relative (0.03s)
=== RUN   TestFindOrphans_Filtering
time=2025-09-23T03:09:51.926Z level=INFO msg="* scan module" module=example.com/filter-test
time=2025-09-23T03:09:51.932Z level=INFO msg="analysis phase" packages=2
time=2025-09-23T03:09:51.932Z level=INFO msg="** scan package" package=example.com/filter-test
time=2025-09-23T03:09:51.932Z level=INFO msg="** scan package" package=example.com/filter-test/dep
time=2025-09-23T03:09:51.933Z level=INFO msg="found main entry point(s), running in application mode" count=1
time=2025-09-23T03:09:51.933Z level=INFO msg="symbolic execution complete"
time=2025-09-23T03:09:51.933Z level=INFO msg="finalizing analysis for interface resolution"
--- PASS: TestFindOrphans_Filtering (0.01s)
=== RUN   TestFindOrphans_ExcludeDirs
time=2025-09-23T03:09:51.943Z level=INFO msg="* scan module" module=example.com/exclude-test
time=2025-09-23T03:09:51.948Z level=INFO msg="analysis phase" packages=1
time=2025-09-23T03:09:51.948Z level=INFO msg="** scan package" package=example.com/exclude-test
time=2025-09-23T03:09:51.948Z level=INFO msg="found main entry point(s), running in application mode" count=1
time=2025-09-23T03:09:51.948Z level=INFO msg="symbolic execution complete"
time=2025-09-23T03:09:51.948Z level=INFO msg="finalizing analysis for interface resolution"
--- PASS: TestFindOrphans_ExcludeDirs (0.02s)
=== RUN   TestFindOrphans_multiModuleWorkspace_withGoWork
time=2025-09-23T03:09:51.973Z level=INFO msg="* scan module" module=example.com/modulea
time=2025-09-23T03:09:51.973Z level=INFO msg="* scan module" module=example.com/moduleb
time=2025-09-23T03:09:51.987Z level=INFO msg="analysis phase" packages=2
time=2025-09-23T03:09:51.987Z level=INFO msg="** scan package" package=example.com/modulea
time=2025-09-23T03:09:51.987Z level=INFO msg="** scan package" package=example.com/moduleb/lib
time=2025-09-23T03:09:51.987Z level=INFO msg="found main entry point(s), running in application mode" count=1
time=2025-09-23T03:09:51.987Z level=INFO msg="symbolic execution complete"
time=2025-09-23T03:09:51.987Z level=INFO msg="finalizing analysis for interface resolution"
--- PASS: TestFindOrphans_multiModuleWorkspace_withGoWork (0.04s)
=== RUN   TestFindOrphans_WithIncludeTests
=== RUN   TestFindOrphans_WithIncludeTests/with_include-tests=true
time=2025-09-23T03:09:51.988Z level=DEBUG source=/app/examples/find-orphans/main.go:109 msg="no go.work file found, falling back to go.mod scan" root=/tmp/TestFindOrphans_WithIncludeTests2500512425/001
time=2025-09-23T03:09:51.988Z level=DEBUG source=/app/examples/find-orphans/main.go:175 msg="creating locators for workspace" count=1 modules=[/tmp/TestFindOrphans_WithIncludeTests2500512425/001]
time=2025-09-23T03:09:51.993Z level=INFO source=/app/examples/find-orphans/main.go:197 msg="* scan module" module=example.com/with-tests
time=2025-09-23T03:09:51.994Z level=DEBUG source=/app/examples/find-orphans/main.go:205 msg="resolved target packages for reporting" count=1 packages=[example.com/with-tests]
time=2025-09-23T03:09:51.994Z level=DEBUG source=/app/examples/find-orphans/main.go:217 msg="resolved scan packages for analysis" count=1 packages=[example.com/with-tests]
time=2025-09-23T03:09:52.001Z level=DEBUG source=/app/examples/find-orphans/main.go:441 msg="walking with patterns" patterns=[example.com/with-tests]
time=2025-09-23T03:09:52.001Z level=DEBUG source=/app/modulewalker.go:59 msg="ScanPackageFromFilePathImports CACHE MISS" importPath=example.com/with-tests
time=2025-09-23T03:09:52.002Z level=DEBUG source=/app/goscan.go:572 msg="privateScan CACHE MISS" importPath=example.com/with-tests
time=2025-09-23T03:09:52.002Z level=DEBUG source=/app/scanner/scanner.go:1056 msg="Enter TypeInfoFromExpr" pos=/tmp/TestFindOrphans_WithIncludeTests2500512425/001/main_test.go:4:22
time=2025-09-23T03:09:52.002Z level=DEBUG source=/app/scanner/scanner.go:1056 msg="Enter TypeInfoFromExpr" pos=/tmp/TestFindOrphans_WithIncludeTests2500512425/001/main_test.go:4:23
time=2025-09-23T03:09:52.002Z level=DEBUG source=/app/goscan.go:650 msg="privateScan finished" importPath=example.com/with-tests id=example.com/with-tests.main
time=2025-09-23T03:09:52.002Z level=INFO source=/app/examples/find-orphans/main.go:445 msg="analysis phase" packages=1
time=2025-09-23T03:09:52.002Z level=DEBUG source=/app/examples/find-orphans/main.go:448 msg="built interface map" interfaces=0
time=2025-09-23T03:09:52.003Z level=DEBUG source=/app/examples/find-orphans/main.go:564 msg="running symbolic execution from entry points"
time=2025-09-23T03:09:52.003Z level=INFO source=/app/examples/find-orphans/main.go:570 msg="** scan package" package=example.com/with-tests
time=2025-09-23T03:09:52.003Z level=DEBUG source=/app/symgo/evaluator/evaluator.go:279 msg="evaluating node" type=*ast.File pos=/tmp/TestFindOrphans_WithIncludeTests2500512425/001/main.go:2:1 source="package main\n\nfunc main()\t{}\n"
time=2025-09-23T03:09:52.003Z level=DEBUG source=/app/symgo/evaluator/evaluator.go:2849 msg="getOrLoadPackage: requesting package" exec_pos=/app/symgo/evaluator/evaluator.go:1356 path=example.com/with-tests
time=2025-09-23T03:09:52.003Z level=DEBUG source=/app/symgo/evaluator/resolver.go:181 msg="ResolvePackage: checking policy" path=example.com/with-tests
time=2025-09-23T03:09:52.003Z level=DEBUG source=/app/symgo/evaluator/resolver.go:186 msg="ResolvePackage: allowed by policy, scanning" path=example.com/with-tests
time=2025-09-23T03:09:52.003Z level=DEBUG source=/app/goscan.go:569 msg="privateScan CACHE HIT" importPath=example.com/with-tests id=example.com/with-tests.main
time=2025-09-23T03:09:52.003Z level=DEBUG source=/app/symgo/evaluator/evaluator.go:2849 msg="ensurePackageEnvPopulated: checking package" exec_pos=/app/symgo/evaluator/evaluator.go:1396 path=example.com/with-tests scanned=true
time=2025-09-23T03:09:52.003Z level=DEBUG source=/app/symgo/evaluator/evaluator.go:1410 msg="populating package-level constants" package=example.com/with-tests
time=2025-09-23T03:09:52.003Z level=DEBUG source=/app/symgo/evaluator/evaluator.go:2849 msg="ensurePackageEnvPopulated: checking package" exec_pos=/app/symgo/evaluator/evaluator.go:1396 path=example.com/with-tests scanned=true
time=2025-09-23T03:09:52.003Z level=DEBUG source=/app/symgo/evaluator/evaluator.go:279 msg="evaluating node" type=*ast.File pos=/tmp/TestFindOrphans_WithIncludeTests2500512425/001/app.go:2:1 source="package main\n\n// This function has a \"Test\" prefix but is not in a _test.go file,\n// so it should always be considered an orphan if unused.\nfunc TestShouldBeOrphan()\t{}\n"
time=2025-09-23T03:09:52.003Z level=DEBUG source=/app/symgo/evaluator/evaluator.go:2849 msg="getOrLoadPackage: requesting package" exec_pos=/app/symgo/evaluator/evaluator.go:1356 path=example.com/with-tests
time=2025-09-23T03:09:52.003Z level=DEBUG source=/app/symgo/evaluator/evaluator.go:2849 msg="getOrLoadPackage: found in cache" exec_pos=/app/symgo/evaluator/evaluator.go:1358 path=example.com/with-tests scanned=true
time=2025-09-23T03:09:52.003Z level=DEBUG source=/app/symgo/evaluator/evaluator.go:2849 msg="ensurePackageEnvPopulated: checking package" exec_pos=/app/symgo/evaluator/evaluator.go:1396 path=example.com/with-tests scanned=true
time=2025-09-23T03:09:52.003Z level=DEBUG source=/app/symgo/evaluator/evaluator.go:2849 msg="ensurePackageEnvPopulated: checking package" exec_pos=/app/symgo/evaluator/evaluator.go:1396 path=example.com/with-tests scanned=true
time=2025-09-23T03:09:52.003Z level=DEBUG source=/app/symgo/evaluator/evaluator.go:279 msg="evaluating node" type=*ast.File pos=/tmp/TestFindOrphans_WithIncludeTests2500512425/001/main_test.go:2:1 source="package main\n\nimport \"testing\"\n\nfunc TestSomething(t *testing.T) {\n\t// This is a real test, it's an entry point.\n}\nfunc unusedInTest()\t{}\n"
time=2025-09-23T03:09:52.003Z level=DEBUG source=/app/symgo/evaluator/evaluator.go:2849 msg="getOrLoadPackage: requesting package" exec_pos=/app/symgo/evaluator/evaluator.go:1356 path=example.com/with-tests
time=2025-09-23T03:09:52.003Z level=DEBUG source=/app/symgo/evaluator/evaluator.go:2849 msg="getOrLoadPackage: found in cache" exec_pos=/app/symgo/evaluator/evaluator.go:1358 path=example.com/with-tests scanned=true
time=2025-09-23T03:09:52.003Z level=DEBUG source=/app/symgo/evaluator/evaluator.go:2849 msg="ensurePackageEnvPopulated: checking package" exec_pos=/app/symgo/evaluator/evaluator.go:1396 path=example.com/with-tests scanned=true
time=2025-09-23T03:09:52.003Z level=DEBUG source=/app/symgo/evaluator/evaluator.go:2849 msg="ensurePackageEnvPopulated: checking package" exec_pos=/app/symgo/evaluator/evaluator.go:1396 path=example.com/with-tests scanned=true
time=2025-09-23T03:09:52.003Z level=DEBUG source=/app/symgo/evaluator/evaluator.go:2849 msg="getOrLoadPackage: requesting package" exec_pos=/app/symgo/evaluator/evaluator.go:1356 path=example.com/with-tests
time=2025-09-23T03:09:52.003Z level=DEBUG source=/app/symgo/evaluator/evaluator.go:2849 msg="getOrLoadPackage: found in cache" exec_pos=/app/symgo/evaluator/evaluator.go:1358 path=example.com/with-tests scanned=true
time=2025-09-23T03:09:52.003Z level=DEBUG source=/app/symgo/evaluator/evaluator.go:2849 msg="ensurePackageEnvPopulated: checking package" exec_pos=/app/symgo/evaluator/evaluator.go:1396 path=example.com/with-tests scanned=true
time=2025-09-23T03:09:52.003Z level=DEBUG source=/app/symgo/evaluator/evaluator.go:2849 msg="getOrLoadPackage: requesting package" exec_pos=/app/symgo/evaluator/evaluator.go:1356 path=example.com/with-tests
time=2025-09-23T03:09:52.003Z level=DEBUG source=/app/symgo/evaluator/evaluator.go:2849 msg="getOrLoadPackage: found in cache" exec_pos=/app/symgo/evaluator/evaluator.go:1358 path=example.com/with-tests scanned=true
time=2025-09-23T03:09:52.003Z level=DEBUG source=/app/symgo/evaluator/evaluator.go:2849 msg="ensurePackageEnvPopulated: checking package" exec_pos=/app/symgo/evaluator/evaluator.go:1396 path=example.com/with-tests scanned=true
time=2025-09-23T03:09:52.003Z level=DEBUG source=/app/symgo/evaluator/evaluator.go:2849 msg="getOrLoadPackage: requesting package" exec_pos=/app/symgo/evaluator/evaluator.go:1356 path=example.com/with-tests
time=2025-09-23T03:09:52.003Z level=DEBUG source=/app/symgo/evaluator/evaluator.go:2849 msg="getOrLoadPackage: found in cache" exec_pos=/app/symgo/evaluator/evaluator.go:1358 path=example.com/with-tests scanned=true
time=2025-09-23T03:09:52.003Z level=DEBUG source=/app/symgo/evaluator/evaluator.go:2849 msg="ensurePackageEnvPopulated: checking package" exec_pos=/app/symgo/evaluator/evaluator.go:1396 path=example.com/with-tests scanned=true
time=2025-09-23T03:09:52.003Z level=DEBUG source=/app/symgo/evaluator/evaluator.go:2849 msg="getOrLoadPackage: requesting package" exec_pos=/app/symgo/evaluator/evaluator.go:1356 path=example.com/with-tests
time=2025-09-23T03:09:52.003Z level=DEBUG source=/app/symgo/evaluator/evaluator.go:2849 msg="getOrLoadPackage: found in cache" exec_pos=/app/symgo/evaluator/evaluator.go:1358 path=example.com/with-tests scanned=true
time=2025-09-23T03:09:52.003Z level=DEBUG source=/app/symgo/evaluator/evaluator.go:2849 msg="ensurePackageEnvPopulated: checking package" exec_pos=/app/symgo/evaluator/evaluator.go:1396 path=example.com/with-tests scanned=true
time=2025-09-23T03:09:52.003Z level=INFO source=/app/examples/find-orphans/main.go:633 msg="found main entry point(s), running in application mode" count=1
time=2025-09-23T03:09:52.003Z level=DEBUG source=/app/examples/find-orphans/main.go:656 msg="analyzing from function" function=example.com/with-tests.main
time=2025-09-23T03:09:52.003Z level=DEBUG source=/app/symgo/evaluator/evaluator.go:2849 msg=applyFunction in_func=main in_func_pos="" exec_pos=/app/symgo/evaluator/evaluator.go:3186 in_func=main in_func_pos="" exec_pos=0 type=FUNCTION value="func main() { ... }" args=""
time=2025-09-23T03:09:52.003Z level=DEBUG source=/app/symgo/evaluator/evaluator.go:2849 msg="getOrLoadPackage: requesting package" in_func=main in_func_pos="" exec_pos=/app/symgo/evaluator/evaluator.go:1356 path=example.com/with-tests
time=2025-09-23T03:09:52.003Z level=DEBUG source=/app/symgo/evaluator/evaluator.go:2849 msg="getOrLoadPackage: found in cache" in_func=main in_func_pos="" exec_pos=/app/symgo/evaluator/evaluator.go:1358 path=example.com/with-tests scanned=true
time=2025-09-23T03:09:52.003Z level=DEBUG source=/app/symgo/evaluator/evaluator.go:2849 msg="ensurePackageEnvPopulated: checking package" in_func=main in_func_pos="" exec_pos=/app/symgo/evaluator/evaluator.go:1396 path=example.com/with-tests scanned=true
time=2025-09-23T03:09:52.003Z level=DEBUG source=/app/symgo/evaluator/evaluator.go:2849 msg="ensurePackageEnvPopulated: checking package" in_func=main in_func_pos="" exec_pos=/app/symgo/evaluator/evaluator.go:1396 path=example.com/with-tests scanned=true
time=2025-09-23T03:09:52.003Z level=DEBUG source=/app/symgo/evaluator/evaluator.go:279 msg="evaluating node" type=*ast.BlockStmt pos=/tmp/TestFindOrphans_WithIncludeTests2500512425/001/main.go:3:13 source="{\n}"
time=2025-09-23T03:09:52.003Z level=DEBUG source=/app/symgo/evaluator/evaluator.go:2849 msg="caching result for function" exec_pos=/app/symgo/evaluator/evaluator.go:3099 function=main
time=2025-09-23T03:09:52.003Z level=INFO source=/app/examples/find-orphans/main.go:710 msg="symbolic execution complete"
time=2025-09-23T03:09:52.003Z level=INFO source=/app/examples/find-orphans/main.go:713 msg="finalizing analysis for interface resolution"
time=2025-09-23T03:09:52.003Z level=DEBUG source=/app/symgo/evaluator/evaluator.go:3920 msg="finalize: starting type collection" package_count=1
time=2025-09-23T03:09:52.003Z level=DEBUG source=/app/symgo/evaluator/evaluator.go:3936 msg="finalize: finished type collection" struct_count=0 interface_count=0
time=2025-09-23T03:09:52.003Z level=DEBUG source=/app/symgo/evaluator/evaluator.go:3949 msg="finalize: implementation map" map="map[string]map[string]struct {}{}"
time=2025-09-23T03:09:52.003Z level=DEBUG source=/app/symgo/evaluator/evaluator.go:3951 msg="finalize: processing called interface methods" count=0
=== RUN   TestFindOrphans_WithIncludeTests/with_include-tests=false
time=2025-09-23T03:09:52.009Z level=DEBUG source=/app/examples/find-orphans/main.go:109 msg="no go.work file found, falling back to go.mod scan" root=/tmp/TestFindOrphans_WithIncludeTests2500512425/001
time=2025-09-23T03:09:52.009Z level=DEBUG source=/app/examples/find-orphans/main.go:175 msg="creating locators for workspace" count=1 modules=[/tmp/TestFindOrphans_WithIncludeTests2500512425/001]
time=2025-09-23T03:09:52.016Z level=INFO source=/app/examples/find-orphans/main.go:197 msg="* scan module" module=example.com/with-tests
time=2025-09-23T03:09:52.016Z level=DEBUG source=/app/examples/find-orphans/main.go:205 msg="resolved target packages for reporting" count=1 packages=[example.com/with-tests]
time=2025-09-23T03:09:52.016Z level=DEBUG source=/app/examples/find-orphans/main.go:217 msg="resolved scan packages for analysis" count=1 packages=[example.com/with-tests]
time=2025-09-23T03:09:52.021Z level=DEBUG source=/app/examples/find-orphans/main.go:441 msg="walking with patterns" patterns=[example.com/with-tests]
time=2025-09-23T03:09:52.021Z level=DEBUG source=/app/modulewalker.go:59 msg="ScanPackageFromFilePathImports CACHE MISS" importPath=example.com/with-tests
time=2025-09-23T03:09:52.021Z level=DEBUG source=/app/goscan.go:572 msg="privateScan CACHE MISS" importPath=example.com/with-tests
time=2025-09-23T03:09:52.021Z level=DEBUG source=/app/goscan.go:650 msg="privateScan finished" importPath=example.com/with-tests id=example.com/with-tests.main
time=2025-09-23T03:09:52.021Z level=INFO source=/app/examples/find-orphans/main.go:445 msg="analysis phase" packages=1
time=2025-09-23T03:09:52.021Z level=DEBUG source=/app/examples/find-orphans/main.go:448 msg="built interface map" interfaces=0
time=2025-09-23T03:09:52.021Z level=DEBUG source=/app/examples/find-orphans/main.go:564 msg="running symbolic execution from entry points"
time=2025-09-23T03:09:52.021Z level=INFO source=/app/examples/find-orphans/main.go:570 msg="** scan package" package=example.com/with-tests
time=2025-09-23T03:09:52.021Z level=DEBUG source=/app/symgo/evaluator/evaluator.go:279 msg="evaluating node" type=*ast.File pos=/tmp/TestFindOrphans_WithIncludeTests2500512425/001/app.go:2:1 source="package main\n\n// This function has a \"Test\" prefix but is not in a _test.go file,\n// so it should always be considered an orphan if unused.\nfunc TestShouldBeOrphan()\t{}\n"
time=2025-09-23T03:09:52.021Z level=DEBUG source=/app/symgo/evaluator/evaluator.go:2849 msg="getOrLoadPackage: requesting package" exec_pos=/app/symgo/evaluator/evaluator.go:1356 path=example.com/with-tests
time=2025-09-23T03:09:52.021Z level=DEBUG source=/app/symgo/evaluator/resolver.go:181 msg="ResolvePackage: checking policy" path=example.com/with-tests
time=2025-09-23T03:09:52.021Z level=DEBUG source=/app/symgo/evaluator/resolver.go:186 msg="ResolvePackage: allowed by policy, scanning" path=example.com/with-tests
time=2025-09-23T03:09:52.022Z level=DEBUG source=/app/goscan.go:569 msg="privateScan CACHE HIT" importPath=example.com/with-tests id=example.com/with-tests.main
time=2025-09-23T03:09:52.022Z level=DEBUG source=/app/symgo/evaluator/evaluator.go:2849 msg="ensurePackageEnvPopulated: checking package" exec_pos=/app/symgo/evaluator/evaluator.go:1396 path=example.com/with-tests scanned=true
time=2025-09-23T03:09:52.022Z level=DEBUG source=/app/symgo/evaluator/evaluator.go:1410 msg="populating package-level constants" package=example.com/with-tests
time=2025-09-23T03:09:52.022Z level=DEBUG source=/app/symgo/evaluator/evaluator.go:2849 msg="ensurePackageEnvPopulated: checking package" exec_pos=/app/symgo/evaluator/evaluator.go:1396 path=example.com/with-tests scanned=true
time=2025-09-23T03:09:52.022Z level=DEBUG source=/app/symgo/evaluator/evaluator.go:279 msg="evaluating node" type=*ast.File pos=/tmp/TestFindOrphans_WithIncludeTests2500512425/001/main.go:2:1 source="package main\n\nfunc main()\t{}\n"
time=2025-09-23T03:09:52.022Z level=DEBUG source=/app/symgo/evaluator/evaluator.go:2849 msg="getOrLoadPackage: requesting package" exec_pos=/app/symgo/evaluator/evaluator.go:1356 path=example.com/with-tests
time=2025-09-23T03:09:52.022Z level=DEBUG source=/app/symgo/evaluator/evaluator.go:2849 msg="getOrLoadPackage: found in cache" exec_pos=/app/symgo/evaluator/evaluator.go:1358 path=example.com/with-tests scanned=true
time=2025-09-23T03:09:52.022Z level=DEBUG source=/app/symgo/evaluator/evaluator.go:2849 msg="ensurePackageEnvPopulated: checking package" exec_pos=/app/symgo/evaluator/evaluator.go:1396 path=example.com/with-tests scanned=true
time=2025-09-23T03:09:52.022Z level=DEBUG source=/app/symgo/evaluator/evaluator.go:2849 msg="ensurePackageEnvPopulated: checking package" exec_pos=/app/symgo/evaluator/evaluator.go:1396 path=example.com/with-tests scanned=true
time=2025-09-23T03:09:52.022Z level=DEBUG source=/app/symgo/evaluator/evaluator.go:2849 msg="getOrLoadPackage: requesting package" exec_pos=/app/symgo/evaluator/evaluator.go:1356 path=example.com/with-tests
time=2025-09-23T03:09:52.022Z level=DEBUG source=/app/symgo/evaluator/evaluator.go:2849 msg="getOrLoadPackage: found in cache" exec_pos=/app/symgo/evaluator/evaluator.go:1358 path=example.com/with-tests scanned=true
time=2025-09-23T03:09:52.022Z level=DEBUG source=/app/symgo/evaluator/evaluator.go:2849 msg="ensurePackageEnvPopulated: checking package" exec_pos=/app/symgo/evaluator/evaluator.go:1396 path=example.com/with-tests scanned=true
time=2025-09-23T03:09:52.022Z level=DEBUG source=/app/symgo/evaluator/evaluator.go:2849 msg="getOrLoadPackage: requesting package" exec_pos=/app/symgo/evaluator/evaluator.go:1356 path=example.com/with-tests
time=2025-09-23T03:09:52.022Z level=DEBUG source=/app/symgo/evaluator/evaluator.go:2849 msg="getOrLoadPackage: found in cache" exec_pos=/app/symgo/evaluator/evaluator.go:1358 path=example.com/with-tests scanned=true
time=2025-09-23T03:09:52.022Z level=DEBUG source=/app/symgo/evaluator/evaluator.go:2849 msg="ensurePackageEnvPopulated: checking package" exec_pos=/app/symgo/evaluator/evaluator.go:1396 path=example.com/with-tests scanned=true
time=2025-09-23T03:09:52.022Z level=INFO source=/app/examples/find-orphans/main.go:633 msg="found main entry point(s), running in application mode" count=1
time=2025-09-23T03:09:52.022Z level=DEBUG source=/app/examples/find-orphans/main.go:656 msg="analyzing from function" function=example.com/with-tests.main
time=2025-09-23T03:09:52.022Z level=DEBUG source=/app/symgo/evaluator/evaluator.go:2849 msg=applyFunction in_func=main in_func_pos="" exec_pos=/app/symgo/evaluator/evaluator.go:3186 in_func=main in_func_pos="" exec_pos=0 type=FUNCTION value="func main() { ... }" args=""
time=2025-09-23T03:09:52.022Z level=DEBUG source=/app/symgo/evaluator/evaluator.go:2849 msg="getOrLoadPackage: requesting package" in_func=main in_func_pos="" exec_pos=/app/symgo/evaluator/evaluator.go:1356 path=example.com/with-tests
time=2025-09-23T03:09:52.022Z level=DEBUG source=/app/symgo/evaluator/evaluator.go:2849 msg="getOrLoadPackage: found in cache" in_func=main in_func_pos="" exec_pos=/app/symgo/evaluator/evaluator.go:1358 path=example.com/with-tests scanned=true
time=2025-09-23T03:09:52.022Z level=DEBUG source=/app/symgo/evaluator/evaluator.go:2849 msg="ensurePackageEnvPopulated: checking package" in_func=main in_func_pos="" exec_pos=/app/symgo/evaluator/evaluator.go:1396 path=example.com/with-tests scanned=true
time=2025-09-23T03:09:52.022Z level=DEBUG source=/app/symgo/evaluator/evaluator.go:2849 msg="ensurePackageEnvPopulated: checking package" in_func=main in_func_pos="" exec_pos=/app/symgo/evaluator/evaluator.go:1396 path=example.com/with-tests scanned=true
time=2025-09-23T03:09:52.022Z level=DEBUG source=/app/symgo/evaluator/evaluator.go:279 msg="evaluating node" type=*ast.BlockStmt pos=/tmp/TestFindOrphans_WithIncludeTests2500512425/001/main.go:3:13 source="{\n}"
time=2025-09-23T03:09:52.022Z level=DEBUG source=/app/symgo/evaluator/evaluator.go:2849 msg="caching result for function" exec_pos=/app/symgo/evaluator/evaluator.go:3099 function=main
time=2025-09-23T03:09:52.022Z level=INFO source=/app/examples/find-orphans/main.go:710 msg="symbolic execution complete"
time=2025-09-23T03:09:52.022Z level=INFO source=/app/examples/find-orphans/main.go:713 msg="finalizing analysis for interface resolution"
time=2025-09-23T03:09:52.022Z level=DEBUG source=/app/symgo/evaluator/evaluator.go:3920 msg="finalize: starting type collection" package_count=1
time=2025-09-23T03:09:52.022Z level=DEBUG source=/app/symgo/evaluator/evaluator.go:3936 msg="finalize: finished type collection" struct_count=0 interface_count=0
time=2025-09-23T03:09:52.022Z level=DEBUG source=/app/symgo/evaluator/evaluator.go:3949 msg="finalize: implementation map" map="map[string]map[string]struct {}{}"
time=2025-09-23T03:09:52.022Z level=DEBUG source=/app/symgo/evaluator/evaluator.go:3951 msg="finalize: processing called interface methods" count=0
--- PASS: TestFindOrphans_WithIncludeTests (0.03s)
    --- PASS: TestFindOrphans_WithIncludeTests/with_include-tests=true (0.02s)
    --- PASS: TestFindOrphans_WithIncludeTests/with_include-tests=false (0.01s)
=== RUN   TestFindOrphans_multiModuleWorkspace
time=2025-09-23T03:09:52.039Z level=INFO msg="* scan module" module=example.com/modulea
time=2025-09-23T03:09:52.039Z level=INFO msg="* scan module" module=example.com/moduleb
time=2025-09-23T03:09:52.063Z level=INFO msg="analysis phase" packages=2
time=2025-09-23T03:09:52.063Z level=INFO msg="** scan package" package=example.com/modulea
time=2025-09-23T03:09:52.063Z level=INFO msg="** scan package" package=example.com/moduleb/lib
time=2025-09-23T03:09:52.063Z level=INFO msg="found main entry point(s), running in application mode" count=1
time=2025-09-23T03:09:52.063Z level=INFO msg="symbolic execution complete"
time=2025-09-23T03:09:52.063Z level=INFO msg="finalizing analysis for interface resolution"
--- PASS: TestFindOrphans_multiModuleWorkspace (0.04s)
=== RUN   TestFindOrphans_libraryMode
time=2025-09-23T03:09:52.071Z level=INFO msg="* scan module" module=example.com/find-orphans-test
time=2025-09-23T03:09:52.077Z level=INFO msg="analysis phase" packages=1
time=2025-09-23T03:09:52.077Z level=INFO msg="** scan package" package=example.com/find-orphans-test/lib
time=2025-09-23T03:09:52.077Z level=INFO msg="no main entry point found, running in library mode" analysis_functions=2
time=2025-09-23T03:09:52.077Z level=INFO msg="symbolic execution complete"
time=2025-09-23T03:09:52.077Z level=INFO msg="finalizing analysis for interface resolution"
--- PASS: TestFindOrphans_libraryMode (0.01s)
=== RUN   TestFindOrphans_json
time=2025-09-23T03:09:52.086Z level=INFO msg="* scan module" module=example.com/find-orphans-test
time=2025-09-23T03:09:52.094Z level=INFO msg="analysis phase" packages=2
time=2025-09-23T03:09:52.096Z level=INFO msg="** scan package" package=example.com/find-orphans-test
time=2025-09-23T03:09:52.096Z level=INFO msg="** scan package" package=example.com/find-orphans-test/greeter
time=2025-09-23T03:09:52.099Z level=INFO msg="found main entry point(s), running in application mode" count=1
time=2025-09-23T03:09:52.099Z level=INFO msg="symbolic execution complete"
time=2025-09-23T03:09:52.099Z level=INFO msg="finalizing analysis for interface resolution"
--- PASS: TestFindOrphans_json (0.02s)
=== RUN   TestFindOrphans_interface
time=2025-09-23T03:09:52.105Z level=INFO msg="* scan module" module=example.com/find-orphans-test
time=2025-09-23T03:09:52.113Z level=INFO msg="analysis phase" packages=2
time=2025-09-23T03:09:52.113Z level=INFO msg="** scan package" package=example.com/find-orphans-test
time=2025-09-23T03:09:52.113Z level=INFO msg="** scan package" package=example.com/find-orphans-test/speaker
time=2025-09-23T03:09:52.113Z level=INFO msg="found main entry point(s), running in application mode" count=1
time=2025-09-23T03:09:52.113Z level=INFO msg="symbolic execution complete"
time=2025-09-23T03:09:52.113Z level=INFO msg="finalizing analysis for interface resolution"
--- PASS: TestFindOrphans_interface (0.01s)
=== RUN   TestFindOrphans_modeLib
time=2025-09-23T03:09:52.120Z level=INFO msg="* scan module" module=example.com/mode-lib-test
time=2025-09-23T03:09:52.125Z level=INFO msg="analysis phase" packages=1
time=2025-09-23T03:09:52.125Z level=INFO msg="** scan package" package=example.com/mode-lib-test
time=2025-09-23T03:09:52.125Z level=INFO msg="running in forced library mode" analysis_functions=2
time=2025-09-23T03:09:52.125Z level=INFO msg="symbolic execution complete"
time=2025-09-23T03:09:52.125Z level=INFO msg="finalizing analysis for interface resolution"
--- PASS: TestFindOrphans_modeLib (0.01s)
=== RUN   TestFindOrphans_modeApp_noMain
time=2025-09-23T03:09:52.132Z level=INFO msg="* scan module" module=example.com/mode-app-fail
time=2025-09-23T03:09:52.139Z level=INFO msg="analysis phase" packages=1
time=2025-09-23T03:09:52.139Z level=INFO msg="** scan package" package=example.com/mode-app-fail
--- PASS: TestFindOrphans_modeApp_noMain (0.01s)
=== RUN   TestFindOrphans_libraryMode_withInitAndMain
time=2025-09-23T03:09:52.156Z level=INFO msg="* scan module" module=example.com/lib-with-main
time=2025-09-23T03:09:52.162Z level=INFO msg="analysis phase" packages=1
time=2025-09-23T03:09:52.162Z level=INFO msg="** scan package" package=example.com/lib-with-main
time=2025-09-23T03:09:52.162Z level=INFO msg="running in forced library mode" analysis_functions=3
time=2025-09-23T03:09:52.162Z level=INFO msg="symbolic execution complete"
time=2025-09-23T03:09:52.162Z level=INFO msg="finalizing analysis for interface resolution"
--- PASS: TestFindOrphans_libraryMode_withInitAndMain (0.02s)
=== RUN   TestFindOrphans_WithPrimaryAnalysisScope
time=2025-09-23T03:09:52.172Z level=INFO msg="* scan module" module=example.com/test
time=2025-09-23T03:09:52.178Z level=INFO msg="analysis phase" packages=1
time=2025-09-23T03:09:52.178Z level=INFO msg="** scan package" package=example.com/test/pkga
time=2025-09-23T03:09:52.178Z level=INFO msg="running in forced library mode" analysis_functions=1
time=2025-09-23T03:09:52.178Z level=INFO msg="symbolic execution complete"
time=2025-09-23T03:09:52.178Z level=INFO msg="finalizing analysis for interface resolution"
--- PASS: TestFindOrphans_WithPrimaryAnalysisScope (0.02s)
=== RUN   TestFindOrphans_excludeMainAndInit
time=2025-09-23T03:09:52.183Z level=INFO msg="* scan module" module=example.com/exclude-main-init
time=2025-09-23T03:09:52.192Z level=INFO msg="analysis phase" packages=1
time=2025-09-23T03:09:52.192Z level=INFO msg="** scan package" package=example.com/exclude-main-init
time=2025-09-23T03:09:52.192Z level=INFO msg="found main entry point(s), running in application mode" count=1
time=2025-09-23T03:09:52.192Z level=INFO msg="symbolic execution complete"
time=2025-09-23T03:09:52.192Z level=INFO msg="finalizing analysis for interface resolution"
--- PASS: TestFindOrphans_excludeMainAndInit (0.01s)
PASS
ok  	github.com/podhmo/go-scan/examples/find-orphans	0.603s
=== RUN   TestNew
=== RUN   TestNew/from_filesystem
=== RUN   TestNew/from_overlay
--- PASS: TestNew (0.00s)
    --- PASS: TestNew/from_filesystem (0.00s)
    --- PASS: TestNew/from_overlay (0.00s)
=== RUN   TestFindPackageDir
=== RUN   TestFindPackageDir/standard_subpackage
=== RUN   TestFindPackageDir/standard_root
=== RUN   TestFindPackageDir/other_project
--- PASS: TestFindPackageDir (0.00s)
    --- PASS: TestFindPackageDir/standard_subpackage (0.00s)
    --- PASS: TestFindPackageDir/standard_root (0.00s)
    --- PASS: TestFindPackageDir/other_project (0.00s)
=== RUN   TestFindPackageDirWithReplace
=== RUN   TestFindPackageDirWithReplace/replace_with_local_relative_path
=== RUN   TestFindPackageDirWithReplace/replace_with_local_path_root
=== RUN   TestFindPackageDirWithReplace/replace_with_local_path_version_on_old
=== RUN   TestFindPackageDirWithReplace/replace_with_local_absolute_path
=== RUN   TestFindPackageDirWithReplace/replace_module_with_another_module_path_within_same_project
=== RUN   TestFindPackageDirWithReplace/replace_target_local_path_does_not_exist
=== RUN   TestFindPackageDirWithReplace/no_matching_replace_directive_falls_back_to_module_path
=== RUN   TestFindPackageDirWithReplace/replace_in_block_form_finds_alpha
=== RUN   TestFindPackageDirWithReplace/replace_in_block_form_finds_beta_subpackage
=== RUN   TestFindPackageDirWithReplace/replace_to_external_module_not_in_current_locator_scope_fails_gracefully
=== RUN   TestFindPackageDirWithReplace/replace_old_path_is_prefix_of_import_path
=== RUN   TestFindPackageDirWithReplace/replace_old_path_is_prefix_of_import_path_targetting_root_of_replacement
--- PASS: TestFindPackageDirWithReplace (0.03s)
    --- PASS: TestFindPackageDirWithReplace/replace_with_local_relative_path (0.00s)
    --- PASS: TestFindPackageDirWithReplace/replace_with_local_path_root (0.00s)
    --- PASS: TestFindPackageDirWithReplace/replace_with_local_path_version_on_old (0.00s)
    --- PASS: TestFindPackageDirWithReplace/replace_with_local_absolute_path (0.00s)
    --- PASS: TestFindPackageDirWithReplace/replace_module_with_another_module_path_within_same_project (0.00s)
    --- PASS: TestFindPackageDirWithReplace/replace_target_local_path_does_not_exist (0.00s)
    --- PASS: TestFindPackageDirWithReplace/no_matching_replace_directive_falls_back_to_module_path (0.00s)
    --- PASS: TestFindPackageDirWithReplace/replace_in_block_form_finds_alpha (0.00s)
    --- PASS: TestFindPackageDirWithReplace/replace_in_block_form_finds_beta_subpackage (0.00s)
    --- PASS: TestFindPackageDirWithReplace/replace_to_external_module_not_in_current_locator_scope_fails_gracefully (0.00s)
    --- PASS: TestFindPackageDirWithReplace/replace_old_path_is_prefix_of_import_path (0.00s)
    --- PASS: TestFindPackageDirWithReplace/replace_old_path_is_prefix_of_import_path_targetting_root_of_replacement (0.00s)
=== RUN   TestPathToImport
=== RUN   TestPathToImport/path_inside_sub-module
=== RUN   TestPathToImport/path_in_parent_module_via_replace
=== RUN   TestPathToImport/path_outside_of_any_known_module
--- PASS: TestPathToImport (0.00s)
    --- PASS: TestPathToImport/path_inside_sub-module (0.00s)
    --- PASS: TestPathToImport/path_in_parent_module_via_replace (0.00s)
    --- PASS: TestPathToImport/path_outside_of_any_known_module (0.00s)
=== RUN   TestFindPackageDirWithReplaceParent
--- PASS: TestFindPackageDirWithReplaceParent (0.00s)
=== RUN   TestFindPackageDirWithGoModuleResolver
=== RUN   TestFindPackageDirWithGoModuleResolver/stdlib_found_with_resolver
=== RUN   TestFindPackageDirWithGoModuleResolver/stdlib_not_found_without_resolver_heuristic_miss
=== RUN   TestFindPackageDirWithGoModuleResolver/stdlib_subpkg_found_with_resolver
=== RUN   TestFindPackageDirWithGoModuleResolver/external_dep_found_with_resolver
=== RUN   TestFindPackageDirWithGoModuleResolver/external_dep_not_found_without_resolver
=== RUN   TestFindPackageDirWithGoModuleResolver/external_dep_root_found_with_resolver
=== RUN   TestFindPackageDirWithGoModuleResolver/external_dep_with_upper_found
=== RUN   TestFindPackageDirWithGoModuleResolver/non_existent_dep_not_found
=== RUN   TestFindPackageDirWithGoModuleResolver/package_in_module_still_found
--- PASS: TestFindPackageDirWithGoModuleResolver (0.06s)
    --- PASS: TestFindPackageDirWithGoModuleResolver/stdlib_found_with_resolver (0.00s)
    --- PASS: TestFindPackageDirWithGoModuleResolver/stdlib_not_found_without_resolver_heuristic_miss (0.00s)
    --- PASS: TestFindPackageDirWithGoModuleResolver/stdlib_subpkg_found_with_resolver (0.00s)
    --- PASS: TestFindPackageDirWithGoModuleResolver/external_dep_found_with_resolver (0.01s)
    --- PASS: TestFindPackageDirWithGoModuleResolver/external_dep_not_found_without_resolver (0.00s)
    --- PASS: TestFindPackageDirWithGoModuleResolver/external_dep_root_found_with_resolver (0.01s)
    --- PASS: TestFindPackageDirWithGoModuleResolver/external_dep_with_upper_found (0.02s)
    --- PASS: TestFindPackageDirWithGoModuleResolver/non_existent_dep_not_found (0.01s)
    --- PASS: TestFindPackageDirWithGoModuleResolver/package_in_module_still_found (0.01s)
=== RUN   TestGetGoModCache
=== RUN   TestGetGoModCache/GOMODCACHE_is_set
=== RUN   TestGetGoModCache/GOPATH_is_set
--- PASS: TestGetGoModCache (0.02s)
    --- PASS: TestGetGoModCache/GOMODCACHE_is_set (0.01s)
    --- PASS: TestGetGoModCache/GOPATH_is_set (0.01s)
=== RUN   TestResolvePkgPath
=== RUN   TestResolvePkgPath/current_directory
=== RUN   TestResolvePkgPath/subdirectory
=== RUN   TestResolvePkgPath/file_in_subdirectory
=== RUN   TestResolvePkgPath/absolute_path_to_subdirectory
=== RUN   TestResolvePkgPath/package_path_that_does_not_exist
=== RUN   TestResolvePkgPath/relative_file_path_that_does_not_exist
=== RUN   TestResolvePkgPath/path_outside_module
--- PASS: TestResolvePkgPath (0.01s)
    --- PASS: TestResolvePkgPath/current_directory (0.00s)
    --- PASS: TestResolvePkgPath/subdirectory (0.00s)
    --- PASS: TestResolvePkgPath/file_in_subdirectory (0.00s)
    --- PASS: TestResolvePkgPath/absolute_path_to_subdirectory (0.00s)
    --- PASS: TestResolvePkgPath/package_path_that_does_not_exist (0.00s)
    --- PASS: TestResolvePkgPath/relative_file_path_that_does_not_exist (0.00s)
    --- PASS: TestResolvePkgPath/path_outside_module (0.00s)
PASS
ok  	github.com/podhmo/go-scan/locator	0.122s
=== RUN   TestResult_As
=== RUN   TestResult_As/unmarshal_integer
=== RUN   TestResult_As/unmarshal_string
=== RUN   TestResult_As/unmarshal_boolean
=== RUN   TestResult_As/unmarshal_simple_struct
=== RUN   TestResult_As/unmarshal_struct_with_case_difference
=== RUN   TestResult_As/unmarshal_slice_of_integers
=== RUN   TestResult_As/unmarshal_slice_of_structs
=== RUN   TestResult_As/unmarshal_map[string]int
=== RUN   TestResult_As/unmarshal_nested_struct
=== RUN   TestResult_As/unmarshal_into_pointer_to_struct
=== RUN   TestResult_As/unmarshal_nil_into_slice
=== RUN   TestResult_As/error:_target_not_a_pointer
=== RUN   TestResult_As/error:_target_is_nil_pointer
=== RUN   TestResult_As/error:_type_mismatch
=== RUN   TestResult_As/unmarshal_cross-package_struct
=== RUN   TestResult_As/unmarshal_transitive-dependency_struct
--- PASS: TestResult_As (0.14s)
    --- PASS: TestResult_As/unmarshal_integer (0.01s)
    --- PASS: TestResult_As/unmarshal_string (0.02s)
    --- PASS: TestResult_As/unmarshal_boolean (0.01s)
    --- PASS: TestResult_As/unmarshal_simple_struct (0.01s)
    --- PASS: TestResult_As/unmarshal_struct_with_case_difference (0.01s)
    --- PASS: TestResult_As/unmarshal_slice_of_integers (0.01s)
    --- PASS: TestResult_As/unmarshal_slice_of_structs (0.01s)
    --- PASS: TestResult_As/unmarshal_map[string]int (0.01s)
    --- PASS: TestResult_As/unmarshal_nested_struct (0.01s)
    --- PASS: TestResult_As/unmarshal_into_pointer_to_struct (0.01s)
    --- PASS: TestResult_As/unmarshal_nil_into_slice (0.01s)
    --- PASS: TestResult_As/error:_target_not_a_pointer (0.01s)
    --- PASS: TestResult_As/error:_target_is_nil_pointer (0.01s)
    --- PASS: TestResult_As/error:_type_mismatch (0.01s)
    --- PASS: TestResult_As/unmarshal_cross-package_struct (0.01s)
    --- PASS: TestResult_As/unmarshal_transitive-dependency_struct (0.01s)
=== RUN   TestImportedEnumComparison
=== RUN   TestImportedEnumComparison/integer_enum
=== RUN   TestImportedEnumComparison/integer_enum_(iota)
=== RUN   TestImportedEnumComparison/string_enum
=== RUN   TestImportedEnumComparison/undefined_member
--- PASS: TestImportedEnumComparison (0.03s)
    --- PASS: TestImportedEnumComparison/integer_enum (0.01s)
    --- PASS: TestImportedEnumComparison/integer_enum_(iota) (0.01s)
    --- PASS: TestImportedEnumComparison/string_enum (0.01s)
    --- PASS: TestImportedEnumComparison/undefined_member (0.00s)
=== RUN   TestGoInterop_Import
=== RUN   TestGoInterop_Import/import_and_call_registered_function
=== RUN   TestGoInterop_Import/import_registered_variable
=== RUN   TestGoInterop_Import/call_function_with_multiple_arguments
=== RUN   TestGoInterop_Import/unregistered_package
=== RUN   TestGoInterop_Import/dot_import
    minigo_import_test.go:245: dot import is not yet supported in the new multi-file model
=== RUN   TestGoInterop_Import/blank_import
=== RUN   TestGoInterop_Import/call_function_with_multiple_return_values
=== RUN   TestGoInterop_Import/call_function_that_returns_an_error_(nil)
=== RUN   TestGoInterop_Import/call_function_that_returns_an_error_(non-nil)
--- PASS: TestGoInterop_Import (0.07s)
    --- PASS: TestGoInterop_Import/import_and_call_registered_function (0.01s)
    --- PASS: TestGoInterop_Import/import_registered_variable (0.01s)
    --- PASS: TestGoInterop_Import/call_function_with_multiple_arguments (0.01s)
    --- PASS: TestGoInterop_Import/unregistered_package (0.01s)
    --- SKIP: TestGoInterop_Import/dot_import (0.00s)
    --- PASS: TestGoInterop_Import/blank_import (0.01s)
    --- PASS: TestGoInterop_Import/call_function_with_multiple_return_values (0.00s)
    --- PASS: TestGoInterop_Import/call_function_that_returns_an_error_(nil) (0.01s)
    --- PASS: TestGoInterop_Import/call_function_that_returns_an_error_(non-nil) (0.02s)
=== RUN   TestGoInterop_MultiFileDotImport
=== RUN   TestGoInterop_MultiFileDotImport/dot_import_is_scoped_to_a_single_file
=== RUN   TestGoInterop_MultiFileDotImport/symbols_defined_in_one_file_are_visible_in_another
--- PASS: TestGoInterop_MultiFileDotImport (0.01s)
    --- PASS: TestGoInterop_MultiFileDotImport/dot_import_is_scoped_to_a_single_file (0.01s)
    --- PASS: TestGoInterop_MultiFileDotImport/symbols_defined_in_one_file_are_visible_in_another (0.01s)
=== RUN   TestInterpreterEval_IncDec
=== RUN   TestInterpreterEval_IncDec/increment_global_variable
=== RUN   TestInterpreterEval_IncDec/decrement_global_variable
=== RUN   TestInterpreterEval_IncDec/increment_local_variable
=== RUN   TestInterpreterEval_IncDec/increment_non-integer
--- PASS: TestInterpreterEval_IncDec (0.02s)
    --- PASS: TestInterpreterEval_IncDec/increment_global_variable (0.01s)
    --- PASS: TestInterpreterEval_IncDec/decrement_global_variable (0.01s)
    --- PASS: TestInterpreterEval_IncDec/increment_local_variable (0.00s)
    --- PASS: TestInterpreterEval_IncDec/increment_non-integer (0.00s)
=== RUN   TestGoInterop_AstNodeArgument
--- PASS: TestGoInterop_AstNodeArgument (0.00s)
=== RUN   TestGoInterop_InjectGlobals
=== RUN   TestGoInterop_InjectGlobals/inject_integer
=== RUN   TestGoInterop_InjectGlobals/inject_string
=== RUN   TestGoInterop_InjectGlobals/inject_struct
=== RUN   TestGoInterop_InjectGlobals/use_injected_int_in_expression
=== RUN   TestGoInterop_InjectGlobals/use_injected_int64_in_expression
=== RUN   TestGoInterop_InjectGlobals/use_injected_string_in_expression
=== RUN   TestGoInterop_InjectGlobals/use_injected_bool_in_expression_(true)
=== RUN   TestGoInterop_InjectGlobals/use_injected_bool_in_conditional_(if)
    minigo_interop_test.go:298: skipping test that relies on last expression value
=== RUN   TestGoInterop_InjectGlobals/use_injected_bool_in_conditional_(else)
    minigo_interop_test.go:298: skipping test that relies on last expression value
=== RUN   TestGoInterop_InjectGlobals/len()_of_injected_slice
=== RUN   TestGoInterop_InjectGlobals/len()_of_injected_map
=== RUN   TestGoInterop_InjectGlobals/access_field_of_injected_struct
=== RUN   TestGoInterop_InjectGlobals/access_field_of_injected_pointer_to-struct
=== RUN   TestGoInterop_InjectGlobals/index_into_injected_slice
=== RUN   TestGoInterop_InjectGlobals/index_into_injected_map
=== RUN   TestGoInterop_InjectGlobals/for...range_over_injected_slice
=== RUN   TestGoInterop_InjectGlobals/for...range_over_injected_map
--- PASS: TestGoInterop_InjectGlobals (0.10s)
    --- PASS: TestGoInterop_InjectGlobals/inject_integer (0.00s)
    --- PASS: TestGoInterop_InjectGlobals/inject_string (0.00s)
    --- PASS: TestGoInterop_InjectGlobals/inject_struct (0.01s)
    --- PASS: TestGoInterop_InjectGlobals/use_injected_int_in_expression (0.00s)
    --- PASS: TestGoInterop_InjectGlobals/use_injected_int64_in_expression (0.01s)
    --- PASS: TestGoInterop_InjectGlobals/use_injected_string_in_expression (0.01s)
    --- PASS: TestGoInterop_InjectGlobals/use_injected_bool_in_expression_(true) (0.00s)
    --- SKIP: TestGoInterop_InjectGlobals/use_injected_bool_in_conditional_(if) (0.00s)
    --- SKIP: TestGoInterop_InjectGlobals/use_injected_bool_in_conditional_(else) (0.00s)
    --- PASS: TestGoInterop_InjectGlobals/len()_of_injected_slice (0.00s)
    --- PASS: TestGoInterop_InjectGlobals/len()_of_injected_map (0.01s)
    --- PASS: TestGoInterop_InjectGlobals/access_field_of_injected_struct (0.01s)
    --- PASS: TestGoInterop_InjectGlobals/access_field_of_injected_pointer_to-struct (0.01s)
    --- PASS: TestGoInterop_InjectGlobals/index_into_injected_slice (0.01s)
    --- PASS: TestGoInterop_InjectGlobals/index_into_injected_map (0.00s)
    --- PASS: TestGoInterop_InjectGlobals/for...range_over_injected_slice (0.01s)
    --- PASS: TestGoInterop_InjectGlobals/for...range_over_injected_map (0.01s)
=== RUN   TestRangeFunction
=== RUN   TestRangeFunction/simple_iteration_with_one_value
=== RUN   TestRangeFunction/simple_iteration_with_two_values
=== RUN   TestRangeFunction/break_statement
=== RUN   TestRangeFunction/continue_statement
=== RUN   TestRangeFunction/error_propagation_from_loop_body
=== RUN   TestRangeFunction/return_propagation
=== RUN   TestRangeFunction/generator_function_pattern
=== RUN   TestRangeFunction/range_over_integer
--- PASS: TestRangeFunction (0.07s)
    --- PASS: TestRangeFunction/simple_iteration_with_one_value (0.01s)
    --- PASS: TestRangeFunction/simple_iteration_with_two_values (0.01s)
    --- PASS: TestRangeFunction/break_statement (0.01s)
    --- PASS: TestRangeFunction/continue_statement (0.01s)
    --- PASS: TestRangeFunction/error_propagation_from_loop_body (0.01s)
    --- PASS: TestRangeFunction/return_propagation (0.01s)
    --- PASS: TestRangeFunction/generator_function_pattern (0.01s)
    --- PASS: TestRangeFunction/range_over_integer (0.01s)
=== RUN   TestMinigo_Scantest_BasicImport
--- PASS: TestMinigo_Scantest_BasicImport (0.01s)
=== RUN   TestMinigo_Scantest_NestedModuleImportWithReplace
--- PASS: TestMinigo_Scantest_NestedModuleImportWithReplace (0.01s)
=== RUN   TestNewInterpreter
--- PASS: TestNewInterpreter (0.01s)
=== RUN   TestInterpreterEval_SimpleExpression
--- PASS: TestInterpreterEval_SimpleExpression (0.01s)
=== RUN   TestInterpreterEval_Import
--- PASS: TestInterpreterEval_Import (0.01s)
=== RUN   TestInterpreterEval_MultiFileImportAlias
--- PASS: TestInterpreterEval_MultiFileImportAlias (0.01s)
=== RUN   TestInterpreterEval_SharedPackageInstance
--- PASS: TestInterpreterEval_SharedPackageInstance (0.01s)
=== RUN   TestInterpreter_WithIO
--- PASS: TestInterpreter_WithIO (0.01s)
=== RUN   TestInterpreterEval_Defer_Simple
=== RUN   TestInterpreterEval_Defer_Simple/simple_defer
=== RUN   TestInterpreterEval_Defer_Simple/LIFO_order
--- PASS: TestInterpreterEval_Defer_Simple (0.02s)
    --- PASS: TestInterpreterEval_Defer_Simple/simple_defer (0.01s)
    --- PASS: TestInterpreterEval_Defer_Simple/LIFO_order (0.01s)
=== RUN   TestInterpreter_TypedNilMethodValue
--- PASS: TestInterpreter_TypedNilMethodValue (0.01s)
=== RUN   TestInterpreter_UntypedMapInSlice
--- PASS: TestInterpreter_UntypedMapInSlice (0.01s)
=== RUN   TestInterpreter_PointerReceiverMethodCall
--- PASS: TestInterpreter_PointerReceiverMethodCall (0.02s)
=== RUN   TestInterpreterEval_TypeConversions
--- PASS: TestInterpreterEval_TypeConversions (0.01s)
=== RUN   TestInterpreterEval_ByteType
--- PASS: TestInterpreterEval_ByteType (0.01s)
=== RUN   TestInterpreter_SequentialDeclaration
=== RUN   TestInterpreter_SequentialDeclaration/calling_a_function_defined_later_should_succeed_after_two-pass_evaluation
--- PASS: TestInterpreter_SequentialDeclaration (0.01s)
    --- PASS: TestInterpreter_SequentialDeclaration/calling_a_function_defined_later_should_succeed_after_two-pass_evaluation (0.01s)
=== RUN   TestInterpreterEval_DestructuringAssignment
=== RUN   TestInterpreterEval_DestructuringAssignment/simple_assignment
=== RUN   TestInterpreterEval_DestructuringAssignment/swap_assignment
=== RUN   TestInterpreterEval_DestructuringAssignment/define_assignment
=== RUN   TestInterpreterEval_DestructuringAssignment/define_and_swap
=== RUN   TestInterpreterEval_DestructuringAssignment/existing_var_swap
--- PASS: TestInterpreterEval_DestructuringAssignment (0.04s)
    --- PASS: TestInterpreterEval_DestructuringAssignment/simple_assignment (0.01s)
    --- PASS: TestInterpreterEval_DestructuringAssignment/swap_assignment (0.01s)
    --- PASS: TestInterpreterEval_DestructuringAssignment/define_assignment (0.01s)
    --- PASS: TestInterpreterEval_DestructuringAssignment/define_and_swap (0.01s)
    --- PASS: TestInterpreterEval_DestructuringAssignment/existing_var_swap (0.01s)
=== RUN   TestEvalLine
=== RUN   TestEvalLine/state_persistence
=== RUN   TestEvalLine/error_handling
--- PASS: TestEvalLine (0.02s)
    --- PASS: TestEvalLine/state_persistence (0.01s)
    --- PASS: TestEvalLine/error_handling (0.01s)
=== RUN   TestInterpreterEval_ComparisonOperators
=== RUN   TestInterpreterEval_ComparisonOperators/t1
=== RUN   TestInterpreterEval_ComparisonOperators/t2
=== RUN   TestInterpreterEval_ComparisonOperators/t3
=== RUN   TestInterpreterEval_ComparisonOperators/t4
=== RUN   TestInterpreterEval_ComparisonOperators/t5
=== RUN   TestInterpreterEval_ComparisonOperators/t6
=== RUN   TestInterpreterEval_ComparisonOperators/t7
=== RUN   TestInterpreterEval_ComparisonOperators/t8
=== RUN   TestInterpreterEval_ComparisonOperators/f1
=== RUN   TestInterpreterEval_ComparisonOperators/f2
=== RUN   TestInterpreterEval_ComparisonOperators/f3
=== RUN   TestInterpreterEval_ComparisonOperators/f4
=== RUN   TestInterpreterEval_ComparisonOperators/f5
=== RUN   TestInterpreterEval_ComparisonOperators/f6
--- PASS: TestInterpreterEval_ComparisonOperators (0.01s)
    --- PASS: TestInterpreterEval_ComparisonOperators/t1 (0.00s)
    --- PASS: TestInterpreterEval_ComparisonOperators/t2 (0.00s)
    --- PASS: TestInterpreterEval_ComparisonOperators/t3 (0.00s)
    --- PASS: TestInterpreterEval_ComparisonOperators/t4 (0.00s)
    --- PASS: TestInterpreterEval_ComparisonOperators/t5 (0.00s)
    --- PASS: TestInterpreterEval_ComparisonOperators/t6 (0.00s)
    --- PASS: TestInterpreterEval_ComparisonOperators/t7 (0.00s)
    --- PASS: TestInterpreterEval_ComparisonOperators/t8 (0.00s)
    --- PASS: TestInterpreterEval_ComparisonOperators/f1 (0.00s)
    --- PASS: TestInterpreterEval_ComparisonOperators/f2 (0.00s)
    --- PASS: TestInterpreterEval_ComparisonOperators/f3 (0.00s)
    --- PASS: TestInterpreterEval_ComparisonOperators/f4 (0.00s)
    --- PASS: TestInterpreterEval_ComparisonOperators/f5 (0.00s)
    --- PASS: TestInterpreterEval_ComparisonOperators/f6 (0.00s)
=== RUN   TestDefer
--- PASS: TestDefer (0.01s)
=== RUN   TestDeferPanicRecover
--- PASS: TestDeferPanicRecover (0.01s)
=== RUN   TestRecoverWithoutPanic
--- PASS: TestRecoverWithoutPanic (0.01s)
=== RUN   TestPanicWithoutRecover
--- PASS: TestPanicWithoutRecover (0.02s)
=== RUN   TestDeferWithNamedReturn
--- PASS: TestDeferWithNamedReturn (0.01s)
=== RUN   TestDeferWithBareReturn
--- PASS: TestDeferWithBareReturn (0.01s)
=== RUN   TestPanicInDefer
--- PASS: TestPanicInDefer (0.01s)
=== RUN   TestDeferArgumentEvaluation
--- PASS: TestDeferArgumentEvaluation (0.01s)
=== RUN   TestInterpreter_WithReplaceDirective_PointingOutsideModule
--- PASS: TestInterpreter_WithReplaceDirective_PointingOutsideModule (0.01s)
=== RUN   TestEmptyLiteralInference
=== RUN   TestEmptyLiteralInference/empty_slice_literal
=== RUN   TestEmptyLiteralInference/empty_map_literal
--- PASS: TestEmptyLiteralInference (0.02s)
    --- PASS: TestEmptyLiteralInference/empty_slice_literal (0.01s)
    --- PASS: TestEmptyLiteralInference/empty_map_literal (0.01s)
=== RUN   TestGenericFunctionAutoInstantiation
=== RUN   TestGenericFunctionAutoInstantiation/call_generic_identity_function_with_int
=== RUN   TestGenericFunctionAutoInstantiation/call_generic_identity_function_with_string
=== RUN   TestGenericFunctionAutoInstantiation/call_generic_function_with_non-leading_generic_parameter
--- PASS: TestGenericFunctionAutoInstantiation (0.03s)
    --- PASS: TestGenericFunctionAutoInstantiation/call_generic_identity_function_with_int (0.01s)
    --- PASS: TestGenericFunctionAutoInstantiation/call_generic_identity_function_with_string (0.01s)
    --- PASS: TestGenericFunctionAutoInstantiation/call_generic_function_with_non-leading_generic_parameter (0.01s)
=== RUN   TestGenericFunctions
=== RUN   TestGenericFunctions/simple_identity_function_with_int
=== RUN   TestGenericFunctions/identity_function_with_a_struct
=== RUN   TestGenericFunctions/generic_function_using_type_parameter_internally
=== RUN   TestGenericFunctions/error:_wrong_number_of_type_arguments
=== RUN   TestGenericFunctions/generic_function_with_two_args_of_same_type
--- PASS: TestGenericFunctions (0.04s)
    --- PASS: TestGenericFunctions/simple_identity_function_with_int (0.01s)
    --- PASS: TestGenericFunctions/identity_function_with_a_struct (0.01s)
    --- PASS: TestGenericFunctions/generic_function_using_type_parameter_internally (0.01s)
    --- PASS: TestGenericFunctions/error:_wrong_number_of_type_arguments (0.01s)
    --- PASS: TestGenericFunctions/generic_function_with_two_args_of_same_type (0.01s)
=== RUN   TestGenericFunctionInferenceLimitations
=== RUN   TestGenericFunctionInferenceLimitations/inference_fails_for_nil_argument
    minigo_generic_inference_limits_test.go:39: Skipping test for known limitation of type inference.
--- PASS: TestGenericFunctionInferenceLimitations (0.00s)
    --- SKIP: TestGenericFunctionInferenceLimitations/inference_fails_for_nil_argument (0.00s)
=== RUN   TestForLoopScope
=== RUN   TestForLoopScope/for_loop_variable_should_be_captured_by_value_in_closures_(Go_1.22+_semantics)
=== RUN   TestForLoopScope/for...range_loop_variable_(value)_should_be_captured_correctly_(already_correct)
=== RUN   TestForLoopScope/for...range_loop_variable_(key,_value)_should_be_captured_correctly_(already_correct)
--- PASS: TestForLoopScope (0.03s)
    --- PASS: TestForLoopScope/for_loop_variable_should_be_captured_by_value_in_closures_(Go_1.22+_semantics) (0.01s)
    --- PASS: TestForLoopScope/for...range_loop_variable_(value)_should_be_captured_correctly_(already_correct) (0.00s)
    --- PASS: TestForLoopScope/for...range_loop_variable_(key,_value)_should_be_captured_correctly_(already_correct) (0.01s)
=== RUN   TestNilBehavior
=== RUN   TestNilBehavior/untyped_nil_passed_to_slice_func
=== RUN   TestNilBehavior/typed_nil_slice
    minigo_nil_test.go:68: skipping known failing test for nil behavior
=== RUN   TestNilBehavior/typed_nil_interface
    minigo_nil_test.go:68: skipping known failing test for nil behavior
--- PASS: TestNilBehavior (0.01s)
    --- PASS: TestNilBehavior/untyped_nil_passed_to_slice_func (0.01s)
    --- SKIP: TestNilBehavior/typed_nil_slice (0.00s)
    --- SKIP: TestNilBehavior/typed_nil_interface (0.00s)
=== RUN   TestRun
--- PASS: TestRun (0.00s)
=== RUN   TestSpecialForm
--- PASS: TestSpecialForm (0.01s)
=== RUN   TestSpecialForm_Vs_RegularFunction
--- PASS: TestSpecialForm_Vs_RegularFunction (0.01s)
=== RUN   TestSpecialForm_NotFound
--- PASS: TestSpecialForm_NotFound (0.01s)
=== RUN   TestSpecialForm_ArgumentPassing
--- PASS: TestSpecialForm_ArgumentPassing (0.02s)
=== RUN   TestStackTrace
=== RUN   TestStackTrace/anonymous_function_call
=== RUN   TestStackTrace/function_assigned_to_variable
=== RUN   TestStackTrace/named_function_call
=== RUN   TestStackTrace/non-existent_file
--- PASS: TestStackTrace (0.05s)
    --- PASS: TestStackTrace/anonymous_function_call (0.02s)
    --- PASS: TestStackTrace/function_assigned_to_variable (0.02s)
    --- PASS: TestStackTrace/named_function_call (0.02s)
    --- PASS: TestStackTrace/non-existent_file (0.01s)
=== RUN   TestStdlib_bytes_comprehensive
=== RUN   TestStdlib_bytes_comprehensive/r_contains
=== RUN   TestStdlib_bytes_comprehensive/r_not_contains
=== RUN   TestStdlib_bytes_comprehensive/r_has_prefix
=== RUN   TestStdlib_bytes_comprehensive/r_not_has_prefix
=== RUN   TestStdlib_bytes_comprehensive/r_has_suffix
=== RUN   TestStdlib_bytes_comprehensive/r_not_has_suffix
=== RUN   TestStdlib_bytes_comprehensive/r_index
=== RUN   TestStdlib_bytes_comprehensive/r_last_index
=== RUN   TestStdlib_bytes_comprehensive/r_replace
=== RUN   TestStdlib_bytes_comprehensive/r_replace_all
=== RUN   TestStdlib_bytes_comprehensive/r_to_lower
=== RUN   TestStdlib_bytes_comprehensive/r_to_upper
=== RUN   TestStdlib_bytes_comprehensive/r_trim_space
--- PASS: TestStdlib_bytes_comprehensive (0.01s)
    --- PASS: TestStdlib_bytes_comprehensive/r_contains (0.00s)
    --- PASS: TestStdlib_bytes_comprehensive/r_not_contains (0.00s)
    --- PASS: TestStdlib_bytes_comprehensive/r_has_prefix (0.00s)
    --- PASS: TestStdlib_bytes_comprehensive/r_not_has_prefix (0.00s)
    --- PASS: TestStdlib_bytes_comprehensive/r_has_suffix (0.00s)
    --- PASS: TestStdlib_bytes_comprehensive/r_not_has_suffix (0.00s)
    --- PASS: TestStdlib_bytes_comprehensive/r_index (0.00s)
    --- PASS: TestStdlib_bytes_comprehensive/r_last_index (0.00s)
    --- PASS: TestStdlib_bytes_comprehensive/r_replace (0.00s)
    --- PASS: TestStdlib_bytes_comprehensive/r_replace_all (0.00s)
    --- PASS: TestStdlib_bytes_comprehensive/r_to_lower (0.00s)
    --- PASS: TestStdlib_bytes_comprehensive/r_to_upper (0.00s)
    --- PASS: TestStdlib_bytes_comprehensive/r_trim_space (0.00s)
=== RUN   TestStdlib_time_error_handling
--- PASS: TestStdlib_time_error_handling (0.01s)
=== RUN   TestStdlib_time_success_as
--- PASS: TestStdlib_time_success_as (0.01s)
=== RUN   TestStdlib_bytes
--- PASS: TestStdlib_bytes (0.01s)
=== RUN   TestStdlib_sort
--- PASS: TestStdlib_sort (0.01s)
=== RUN   TestStdlib_SortInts_FFI
--- PASS: TestStdlib_SortInts_FFI (0.01s)
=== RUN   TestStdlib_slices
--- PASS: TestStdlib_slices (0.01s)
=== RUN   TestStdlib_regexp
--- PASS: TestStdlib_regexp (0.01s)
=== RUN   TestStdlib_TextTemplate
--- PASS: TestStdlib_TextTemplate (0.01s)
=== RUN   TestStdlib_MathRand
--- PASS: TestStdlib_MathRand (0.01s)
=== RUN   TestStdlib_PathFilepath_FFI
--- PASS: TestStdlib_PathFilepath_FFI (0.01s)
=== RUN   TestStdlib_Errors_FFI
--- PASS: TestStdlib_Errors_FFI (0.01s)
=== RUN   TestStdlib_EncodingJson_FFI
--- PASS: TestStdlib_EncodingJson_FFI (0.01s)
=== RUN   TestStdlib_Bufio_FFI
    minigo_stdlib_custom_test.go:619: Skipping bufio test due to persistent and unresolvable Go compiler error when this test is present.
--- SKIP: TestStdlib_Bufio_FFI (0.00s)
=== RUN   TestStdlib_TextScanner_FFI
--- PASS: TestStdlib_TextScanner_FFI (0.00s)
=== RUN   TestStdlib_Context_FFI
--- PASS: TestStdlib_Context_FFI (0.01s)
=== RUN   TestStdlib_slices_Sort
--- PASS: TestStdlib_slices_Sort (0.02s)
=== RUN   TestStdlib_Time_MethodCall
--- PASS: TestStdlib_Time_MethodCall (0.01s)
=== RUN   TestStdlib_Path
--- PASS: TestStdlib_Path (0.01s)
=== RUN   TestStdlib_ContainerList
--- PASS: TestStdlib_ContainerList (0.02s)
=== RUN   TestStdlib_CryptoMD5
--- PASS: TestStdlib_CryptoMD5 (0.01s)
=== RUN   TestStdlib_EncodingJson_ErrorTypes
--- PASS: TestStdlib_EncodingJson_ErrorTypes (0.01s)
=== RUN   TestStdlib_json_Unmarshal_ComplexCrossPackage
--- PASS: TestStdlib_json_Unmarshal_ComplexCrossPackage (0.01s)
=== RUN   TestStdlib_json_UnmarshalTypeError
--- PASS: TestStdlib_json_UnmarshalTypeError (0.01s)
=== RUN   TestJSONUnmarshalErrorPropagation
=== RUN   TestJSONUnmarshalErrorPropagation/it_should_propagate_type_mismatch_errors_from_json.Unmarshal
--- PASS: TestJSONUnmarshalErrorPropagation (0.01s)
    --- PASS: TestJSONUnmarshalErrorPropagation/it_should_propagate_type_mismatch_errors_from_json.Unmarshal (0.01s)
=== RUN   TestStdlibSource
=== RUN   TestStdlibSource/slices.Clone
=== RUN   TestStdlibSource/slices.Equal
    minigo_stdlib_source_test.go:107: minigo cannot handle generic functions with multiple arguments of the same generic type
=== RUN   TestStdlibSource/slices.Compare
    minigo_stdlib_source_test.go:107: minigo cannot handle generic functions with multiple arguments of the same generic type
=== RUN   TestStdlibSource/slices.Index
=== RUN   TestStdlibSource/slices.Sort
    minigo_stdlib_source_test.go:110: Skipping because test harness doesn't support multi-file packages yet (Sort is in a different file).
--- PASS: TestStdlibSource (0.02s)
    --- PASS: TestStdlibSource/slices.Clone (0.01s)
    --- SKIP: TestStdlibSource/slices.Equal (0.00s)
    --- SKIP: TestStdlibSource/slices.Compare (0.00s)
    --- PASS: TestStdlibSource/slices.Index (0.01s)
    --- SKIP: TestStdlibSource/slices.Sort (0.00s)
=== RUN   TestStdlib_strconv_comprehensive
=== RUN   TestStdlib_strconv_comprehensive/i
=== RUN   TestStdlib_strconv_comprehensive/err_atoi
=== RUN   TestStdlib_strconv_comprehensive/s
=== RUN   TestStdlib_strconv_comprehensive/f
=== RUN   TestStdlib_strconv_comprehensive/err_parse_float
=== RUN   TestStdlib_strconv_comprehensive/s_float
=== RUN   TestStdlib_strconv_comprehensive/b
=== RUN   TestStdlib_strconv_comprehensive/err_parse_bool
=== RUN   TestStdlib_strconv_comprehensive/s_bool
=== RUN   TestStdlib_strconv_comprehensive/error_cases
--- PASS: TestStdlib_strconv_comprehensive (0.02s)
    --- PASS: TestStdlib_strconv_comprehensive/i (0.00s)
    --- PASS: TestStdlib_strconv_comprehensive/err_atoi (0.00s)
    --- PASS: TestStdlib_strconv_comprehensive/s (0.00s)
    --- PASS: TestStdlib_strconv_comprehensive/f (0.00s)
    --- PASS: TestStdlib_strconv_comprehensive/err_parse_float (0.00s)
    --- PASS: TestStdlib_strconv_comprehensive/s_float (0.00s)
    --- PASS: TestStdlib_strconv_comprehensive/b (0.00s)
    --- PASS: TestStdlib_strconv_comprehensive/err_parse_bool (0.00s)
    --- PASS: TestStdlib_strconv_comprehensive/s_bool (0.00s)
    --- PASS: TestStdlib_strconv_comprehensive/error_cases (0.00s)
=== RUN   TestStdlib_strings_comprehensive
=== RUN   TestStdlib_strings_comprehensive/r_contains
=== RUN   TestStdlib_strings_comprehensive/r_not_contains
=== RUN   TestStdlib_strings_comprehensive/r_has_prefix
=== RUN   TestStdlib_strings_comprehensive/r_not_has_prefix
=== RUN   TestStdlib_strings_comprehensive/r_has_suffix
=== RUN   TestStdlib_strings_comprehensive/r_not_has_suffix
=== RUN   TestStdlib_strings_comprehensive/r_index
=== RUN   TestStdlib_strings_comprehensive/r_last_index
=== RUN   TestStdlib_strings_comprehensive/r_replace
=== RUN   TestStdlib_strings_comprehensive/r_replace_all
=== RUN   TestStdlib_strings_comprehensive/r_to_lower
=== RUN   TestStdlib_strings_comprehensive/r_to_upper
=== RUN   TestStdlib_strings_comprehensive/r_trim_space
=== RUN   TestStdlib_strings_comprehensive/r_join
=== RUN   TestStdlib_strings_comprehensive/r_split
--- PASS: TestStdlib_strings_comprehensive (0.01s)
    --- PASS: TestStdlib_strings_comprehensive/r_contains (0.00s)
    --- PASS: TestStdlib_strings_comprehensive/r_not_contains (0.00s)
    --- PASS: TestStdlib_strings_comprehensive/r_has_prefix (0.00s)
    --- PASS: TestStdlib_strings_comprehensive/r_not_has_prefix (0.00s)
    --- PASS: TestStdlib_strings_comprehensive/r_has_suffix (0.00s)
    --- PASS: TestStdlib_strings_comprehensive/r_not_has_suffix (0.00s)
    --- PASS: TestStdlib_strings_comprehensive/r_index (0.00s)
    --- PASS: TestStdlib_strings_comprehensive/r_last_index (0.00s)
    --- PASS: TestStdlib_strings_comprehensive/r_replace (0.00s)
    --- PASS: TestStdlib_strings_comprehensive/r_replace_all (0.00s)
    --- PASS: TestStdlib_strings_comprehensive/r_to_lower (0.00s)
    --- PASS: TestStdlib_strings_comprehensive/r_to_upper (0.00s)
    --- PASS: TestStdlib_strings_comprehensive/r_trim_space (0.00s)
    --- PASS: TestStdlib_strings_comprehensive/r_join (0.00s)
    --- PASS: TestStdlib_strings_comprehensive/r_split (0.00s)
=== RUN   TestStdlib_json
--- PASS: TestStdlib_json (0.01s)
=== RUN   TestStdlib_json_with_tags
--- PASS: TestStdlib_json_with_tags (0.01s)
=== RUN   TestStdlib_strconv
--- PASS: TestStdlib_strconv (0.01s)
=== RUN   TestStdlib
--- PASS: TestStdlib (0.01s)
=== RUN   TestStdlib_json_nested
--- PASS: TestStdlib_json_nested (0.02s)
=== RUN   TestStdlib_json_recursive
--- PASS: TestStdlib_json_recursive (0.01s)
=== RUN   TestStdlib_json_crosspackage
--- PASS: TestStdlib_json_crosspackage (0.01s)
=== RUN   TestStringIndex
=== RUN   TestStringIndex/success
=== RUN   TestStringIndex/out_of_bounds
--- PASS: TestStringIndex (0.02s)
    --- PASS: TestStringIndex/success (0.01s)
    --- PASS: TestStringIndex/out_of_bounds (0.01s)
=== RUN   TestStructLiteralShorthand
--- PASS: TestStructLiteralShorthand (0.01s)
=== RUN   TestTransitiveImport
--- PASS: TestTransitiveImport (0.03s)
=== RUN   TestTransitiveImportMultiFilePackage
--- PASS: TestTransitiveImportMultiFilePackage (0.01s)
=== RUN   TestTypedNilInference
=== RUN   TestTypedNilInference/nil_slice_variable_passed_to_generic_function
=== RUN   TestTypedNilInference/nil_map_variable_passed_to_generic_function
=== RUN   TestTypedNilInference/nil_pointer_variable_passed_to_generic_function
=== RUN   TestTypedNilInference/comparison_between_nil_and_typed_nil
--- PASS: TestTypedNilInference (0.04s)
    --- PASS: TestTypedNilInference/nil_slice_variable_passed_to_generic_function (0.01s)
    --- PASS: TestTypedNilInference/nil_map_variable_passed_to_generic_function (0.01s)
    --- PASS: TestTypedNilInference/nil_pointer_variable_passed_to_generic_function (0.01s)
    --- PASS: TestTypedNilInference/comparison_between_nil_and_typed_nil (0.01s)
PASS
ok  	github.com/podhmo/go-scan/minigo	1.477s
=== RUN   TestFunctionObject
--- PASS: TestFunctionObject (0.00s)
=== RUN   TestFunctionApplication
=== RUN   TestFunctionApplication/identity_:=_func(x_int)_{_x;_};_identity(5);
=== RUN   TestFunctionApplication/identity_:=_func(x_int)_{_return_x;_};_identity(5);
=== RUN   TestFunctionApplication/double_:=_func(x_int)_{_x_*_2;_};_double(5);
=== RUN   TestFunctionApplication/add_:=_func(x_int,_y_int)_{_x_+_y;_};_add(5,_5);
=== RUN   TestFunctionApplication/add_:=_func(x_int,_y_int)_{_x_+_y;_};_add(5_+_5,_add(5,_5));
=== RUN   TestFunctionApplication/func()_{_5;_}();
=== RUN   TestFunctionApplication/____newAdder_:=_func(x_int)_{_____return_func(y_int)_{_x_+_y;_};____};____addTwo_:=_newAdder(2);____addTwo(3);____
=== RUN   TestFunctionApplication/____fib_:=_func(n_int)_{_____if_(n_<_2)_{______return_n;_____}_____return_fib(n-1)_+_fib(n-2);____};____fib(10);____
--- PASS: TestFunctionApplication (0.00s)
    --- PASS: TestFunctionApplication/identity_:=_func(x_int)_{_x;_};_identity(5); (0.00s)
    --- PASS: TestFunctionApplication/identity_:=_func(x_int)_{_return_x;_};_identity(5); (0.00s)
    --- PASS: TestFunctionApplication/double_:=_func(x_int)_{_x_*_2;_};_double(5); (0.00s)
    --- PASS: TestFunctionApplication/add_:=_func(x_int,_y_int)_{_x_+_y;_};_add(5,_5); (0.00s)
    --- PASS: TestFunctionApplication/add_:=_func(x_int,_y_int)_{_x_+_y;_};_add(5_+_5,_add(5,_5)); (0.00s)
    --- PASS: TestFunctionApplication/func()_{_5;_}(); (0.00s)
    --- PASS: TestFunctionApplication/____newAdder_:=_func(x_int)_{_____return_func(y_int)_{_x_+_y;_};____};____addTwo_:=_newAdder(2);____addTwo(3);____ (0.00s)
    --- PASS: TestFunctionApplication/____fib_:=_func(n_int)_{_____if_(n_<_2)_{______return_n;_____}_____return_fib(n-1)_+_fib(n-2);____};____fib(10);____ (0.00s)
=== RUN   TestDeleteFunction
=== RUN   TestDeleteFunction/m_:=_map[string]int{"foo":_5};_delete(m,_"foo");_m
=== RUN   TestDeleteFunction/m_:=_map[string]int{"foo":_5,_"bar":_6};_delete(m,_"foo");_m
=== RUN   TestDeleteFunction/m_:=_map[string]int{"foo":_5};_delete(m,_"bar");_m
--- PASS: TestDeleteFunction (0.00s)
    --- PASS: TestDeleteFunction/m_:=_map[string]int{"foo":_5};_delete(m,_"foo");_m (0.00s)
    --- PASS: TestDeleteFunction/m_:=_map[string]int{"foo":_5,_"bar":_6};_delete(m,_"foo");_m (0.00s)
    --- PASS: TestDeleteFunction/m_:=_map[string]int{"foo":_5};_delete(m,_"bar");_m (0.00s)
=== RUN   TestDeleteFunction_Errors
=== RUN   TestDeleteFunction_Errors/delete()
=== RUN   TestDeleteFunction_Errors/delete(1)
=== RUN   TestDeleteFunction_Errors/delete(1,_2)
=== RUN   TestDeleteFunction_Errors/delete(map[string]int{},_func()_{})
--- PASS: TestDeleteFunction_Errors (0.00s)
    --- PASS: TestDeleteFunction_Errors/delete() (0.00s)
    --- PASS: TestDeleteFunction_Errors/delete(1) (0.00s)
    --- PASS: TestDeleteFunction_Errors/delete(1,_2) (0.00s)
    --- PASS: TestDeleteFunction_Errors/delete(map[string]int{},_func()_{}) (0.00s)
=== RUN   TestCopyFunction
=== RUN   TestCopyFunction/dst_:=_[]int{0,_0,_0};_src_:=_[]int{99,_98};_n_:=_copy(dst,_src);_return_n,_dst
=== RUN   TestCopyFunction/dst_:=_[]int{1,_2};_src_:=_[]int{99,_98,_97};_n_:=_copy(dst,_src);_return_n,_dst
=== RUN   TestCopyFunction/dst_:=_[]int{};_src_:=_[]int{1,_2,_3};_n_:=_copy(dst,_src);_return_n,_dst
=== RUN   TestCopyFunction/dst_:=_[]int{1,_2,_3};_src_:=_[]int{};_n_:=_copy(dst,_src);_return_n,_dst
--- PASS: TestCopyFunction (0.00s)
    --- PASS: TestCopyFunction/dst_:=_[]int{0,_0,_0};_src_:=_[]int{99,_98};_n_:=_copy(dst,_src);_return_n,_dst (0.00s)
    --- PASS: TestCopyFunction/dst_:=_[]int{1,_2};_src_:=_[]int{99,_98,_97};_n_:=_copy(dst,_src);_return_n,_dst (0.00s)
    --- PASS: TestCopyFunction/dst_:=_[]int{};_src_:=_[]int{1,_2,_3};_n_:=_copy(dst,_src);_return_n,_dst (0.00s)
    --- PASS: TestCopyFunction/dst_:=_[]int{1,_2,_3};_src_:=_[]int{};_n_:=_copy(dst,_src);_return_n,_dst (0.00s)
=== RUN   TestDeferWithNamedReturns
=== RUN   TestDeferWithNamedReturns/____func_f()_(i_int)_{_____defer_func()_{_i_=_2_}()_____return_1____}____func_main()_{_return_f()_}____
=== RUN   TestDeferWithNamedReturns/____func_double()_(i_int)_{_____i_=_5_____defer_func()_{_i_=_i_*_2_}()_____return____}____func_main()_{_return_double()_}____
=== RUN   TestDeferWithNamedReturns/____func_multi()_(a_int,_b_string)_{_____a_=_1_____b_=_"hello"_____defer_func()_{_a_=_5_}()_____defer_func()_{_b_=_"world"_}()_____return____}____func_main()_{_____x,_y_:=_multi()_____return_x____}____
=== RUN   TestDeferWithNamedReturns/____func_multi2()_(a_int,_b_string)_{_____a_=_1_____b_=_"hello"_____defer_func()_{_a_=_5_}()_____defer_func()_{_b_=_"world"_}()_____return____}____func_main()_{_____x,_y_:=_multi2()_____return_y____}____
=== RUN   TestDeferWithNamedReturns/____func_noOpDefer()_(i_int)_{_____i_=_1_____defer_func()_{______//_does_nothing_____}()_____return____}____func_main()_{_return_noOpDefer()_}____
--- PASS: TestDeferWithNamedReturns (0.00s)
    --- PASS: TestDeferWithNamedReturns/____func_f()_(i_int)_{_____defer_func()_{_i_=_2_}()_____return_1____}____func_main()_{_return_f()_}____ (0.00s)
    --- PASS: TestDeferWithNamedReturns/____func_double()_(i_int)_{_____i_=_5_____defer_func()_{_i_=_i_*_2_}()_____return____}____func_main()_{_return_double()_}____ (0.00s)
    --- PASS: TestDeferWithNamedReturns/____func_multi()_(a_int,_b_string)_{_____a_=_1_____b_=_"hello"_____defer_func()_{_a_=_5_}()_____defer_func()_{_b_=_"world"_}()_____return____}____func_main()_{_____x,_y_:=_multi()_____return_x____}____ (0.00s)
    --- PASS: TestDeferWithNamedReturns/____func_multi2()_(a_int,_b_string)_{_____a_=_1_____b_=_"hello"_____defer_func()_{_a_=_5_}()_____defer_func()_{_b_=_"world"_}()_____return____}____func_main()_{_____x,_y_:=_multi2()_____return_y____}____ (0.00s)
    --- PASS: TestDeferWithNamedReturns/____func_noOpDefer()_(i_int)_{_____i_=_1_____defer_func()_{______//_does_nothing_____}()_____return____}____func_main()_{_return_noOpDefer()_}____ (0.00s)
=== RUN   TestPrintFunctions
=== RUN   TestPrintFunctions/print("hello",_"_",_"world")
=== RUN   TestPrintFunctions/println("hello",_"world")
=== RUN   TestPrintFunctions/println(1,_"plus",_2,_"is",_3)
=== RUN   TestPrintFunctions/println(true,_false,_nil)
=== RUN   TestPrintFunctions/print(1,_2,_3)
--- PASS: TestPrintFunctions (0.02s)
    --- PASS: TestPrintFunctions/print("hello",_"_",_"world") (0.02s)
    --- PASS: TestPrintFunctions/println("hello",_"world") (0.00s)
    --- PASS: TestPrintFunctions/println(1,_"plus",_2,_"is",_3) (0.00s)
    --- PASS: TestPrintFunctions/println(true,_false,_nil) (0.00s)
    --- PASS: TestPrintFunctions/print(1,_2,_3) (0.00s)
=== RUN   TestBuiltinFunctions
=== RUN   TestBuiltinFunctions/len("")
=== RUN   TestBuiltinFunctions/len("four")
=== RUN   TestBuiltinFunctions/len("hello_world")
=== RUN   TestBuiltinFunctions/len(1)
=== RUN   TestBuiltinFunctions/len("one",_"two")
=== RUN   TestBuiltinFunctions/len([]int{1,_2,_3})
=== RUN   TestBuiltinFunctions/len(map[string]int{"a":_1,_"b":_2})
=== RUN   TestBuiltinFunctions/append([]int{1},_2,_3)
=== RUN   TestBuiltinFunctions/append([]int{},_1)
=== RUN   TestBuiltinFunctions/append(nil,_1)
=== RUN   TestBuiltinFunctions/append(1,_2)
=== RUN   TestBuiltinFunctions/max(1,_5,_2)
=== RUN   TestBuiltinFunctions/max(10)
=== RUN   TestBuiltinFunctions/min(1,_5,_2)
=== RUN   TestBuiltinFunctions/min(10)
=== RUN   TestBuiltinFunctions/max()
=== RUN   TestBuiltinFunctions/min()
=== RUN   TestBuiltinFunctions/max(1,_"a")
=== RUN   TestBuiltinFunctions/min(1,_"a")
=== RUN   TestBuiltinFunctions/copy([]int{1},_2)
=== RUN   TestBuiltinFunctions/copy(1,_[]int{1})
=== RUN   TestBuiltinFunctions/copy("a",_"b")
=== RUN   TestBuiltinFunctions/copy()
=== RUN   TestBuiltinFunctions/copy([]int{1})
=== RUN   TestBuiltinFunctions/copy([]int{1},_[]int{2},_[]int{3})
=== RUN   TestBuiltinFunctions/cap([]int{1,_2,_3})
=== RUN   TestBuiltinFunctions/s_:=_make([]int,_2,_5);_cap(s)
=== RUN   TestBuiltinFunctions/cap("hello")
=== RUN   TestBuiltinFunctions/s_:=_make([]int,_5);_len(s)
=== RUN   TestBuiltinFunctions/s_:=_make([]int,_5);_cap(s)
=== RUN   TestBuiltinFunctions/s_:=_make([]int,_0,_5);_len(s)
=== RUN   TestBuiltinFunctions/s_:=_make([]int,_0,_5);_cap(s)
=== RUN   TestBuiltinFunctions/m_:=_make(map[string]int);_len(m)
=== RUN   TestBuiltinFunctions/m_:=_make(map[string]int,_10);_len(m)
=== RUN   TestBuiltinFunctions/make(map[string]int,_1,_2)
=== RUN   TestBuiltinFunctions/make([]int,_-1)
=== RUN   TestBuiltinFunctions/make([]int,_5,_2)
=== RUN   TestBuiltinFunctions/m_:=_map[string]int{"a":_1};_clear(m);_len(m)
=== RUN   TestBuiltinFunctions/s_:=_[]int{1,_2,_3};_clear(s);_len(s)
=== RUN   TestBuiltinFunctions/s_:=_[]int{1,_2,_3};_clear(s);_s[0]
=== RUN   TestBuiltinFunctions/clear(1)
=== RUN   TestBuiltinFunctions/complex(1,_2)
=== RUN   TestBuiltinFunctions/complex(1.5,_2.5)
=== RUN   TestBuiltinFunctions/complex(1,_2.5)
=== RUN   TestBuiltinFunctions/real(complex(5,_10))
=== RUN   TestBuiltinFunctions/imag(complex(5,_10))
=== RUN   TestBuiltinFunctions/real(complex(5.2,_10.8))
=== RUN   TestBuiltinFunctions/imag(complex(5.2,_10.8))
=== RUN   TestBuiltinFunctions/complex("a",_1)
=== RUN   TestBuiltinFunctions/complex(1,_"b")
=== RUN   TestBuiltinFunctions/complex(1)
=== RUN   TestBuiltinFunctions/real(1)
=== RUN   TestBuiltinFunctions/imag(1)
=== RUN   TestBuiltinFunctions/close(1)
=== RUN   TestBuiltinFunctions/close("hello")
=== RUN   TestBuiltinFunctions/close()
=== RUN   TestBuiltinFunctions/close(1,_2)
--- PASS: TestBuiltinFunctions (0.02s)
    --- PASS: TestBuiltinFunctions/len("") (0.00s)
    --- PASS: TestBuiltinFunctions/len("four") (0.00s)
    --- PASS: TestBuiltinFunctions/len("hello_world") (0.00s)
    --- PASS: TestBuiltinFunctions/len(1) (0.00s)
    --- PASS: TestBuiltinFunctions/len("one",_"two") (0.00s)
    --- PASS: TestBuiltinFunctions/len([]int{1,_2,_3}) (0.00s)
    --- PASS: TestBuiltinFunctions/len(map[string]int{"a":_1,_"b":_2}) (0.00s)
    --- PASS: TestBuiltinFunctions/append([]int{1},_2,_3) (0.00s)
    --- PASS: TestBuiltinFunctions/append([]int{},_1) (0.00s)
    --- PASS: TestBuiltinFunctions/append(nil,_1) (0.00s)
    --- PASS: TestBuiltinFunctions/append(1,_2) (0.00s)
    --- PASS: TestBuiltinFunctions/max(1,_5,_2) (0.00s)
    --- PASS: TestBuiltinFunctions/max(10) (0.00s)
    --- PASS: TestBuiltinFunctions/min(1,_5,_2) (0.00s)
    --- PASS: TestBuiltinFunctions/min(10) (0.00s)
    --- PASS: TestBuiltinFunctions/max() (0.00s)
    --- PASS: TestBuiltinFunctions/min() (0.00s)
    --- PASS: TestBuiltinFunctions/max(1,_"a") (0.00s)
    --- PASS: TestBuiltinFunctions/min(1,_"a") (0.00s)
    --- PASS: TestBuiltinFunctions/copy([]int{1},_2) (0.00s)
    --- PASS: TestBuiltinFunctions/copy(1,_[]int{1}) (0.00s)
    --- PASS: TestBuiltinFunctions/copy("a",_"b") (0.00s)
    --- PASS: TestBuiltinFunctions/copy() (0.00s)
    --- PASS: TestBuiltinFunctions/copy([]int{1}) (0.00s)
    --- PASS: TestBuiltinFunctions/copy([]int{1},_[]int{2},_[]int{3}) (0.00s)
    --- PASS: TestBuiltinFunctions/cap([]int{1,_2,_3}) (0.00s)
    --- PASS: TestBuiltinFunctions/s_:=_make([]int,_2,_5);_cap(s) (0.00s)
    --- PASS: TestBuiltinFunctions/cap("hello") (0.00s)
    --- PASS: TestBuiltinFunctions/s_:=_make([]int,_5);_len(s) (0.00s)
    --- PASS: TestBuiltinFunctions/s_:=_make([]int,_5);_cap(s) (0.00s)
    --- PASS: TestBuiltinFunctions/s_:=_make([]int,_0,_5);_len(s) (0.00s)
    --- PASS: TestBuiltinFunctions/s_:=_make([]int,_0,_5);_cap(s) (0.00s)
    --- PASS: TestBuiltinFunctions/m_:=_make(map[string]int);_len(m) (0.00s)
    --- PASS: TestBuiltinFunctions/m_:=_make(map[string]int,_10);_len(m) (0.00s)
    --- PASS: TestBuiltinFunctions/make(map[string]int,_1,_2) (0.00s)
    --- PASS: TestBuiltinFunctions/make([]int,_-1) (0.00s)
    --- PASS: TestBuiltinFunctions/make([]int,_5,_2) (0.00s)
    --- PASS: TestBuiltinFunctions/m_:=_map[string]int{"a":_1};_clear(m);_len(m) (0.00s)
    --- PASS: TestBuiltinFunctions/s_:=_[]int{1,_2,_3};_clear(s);_len(s) (0.00s)
    --- PASS: TestBuiltinFunctions/s_:=_[]int{1,_2,_3};_clear(s);_s[0] (0.00s)
    --- PASS: TestBuiltinFunctions/clear(1) (0.00s)
    --- PASS: TestBuiltinFunctions/complex(1,_2) (0.00s)
    --- PASS: TestBuiltinFunctions/complex(1.5,_2.5) (0.00s)
    --- PASS: TestBuiltinFunctions/complex(1,_2.5) (0.00s)
    --- PASS: TestBuiltinFunctions/real(complex(5,_10)) (0.00s)
    --- PASS: TestBuiltinFunctions/imag(complex(5,_10)) (0.00s)
    --- PASS: TestBuiltinFunctions/real(complex(5.2,_10.8)) (0.00s)
    --- PASS: TestBuiltinFunctions/imag(complex(5.2,_10.8)) (0.00s)
    --- PASS: TestBuiltinFunctions/complex("a",_1) (0.00s)
    --- PASS: TestBuiltinFunctions/complex(1,_"b") (0.00s)
    --- PASS: TestBuiltinFunctions/complex(1) (0.00s)
    --- PASS: TestBuiltinFunctions/real(1) (0.00s)
    --- PASS: TestBuiltinFunctions/imag(1) (0.00s)
    --- PASS: TestBuiltinFunctions/close(1) (0.00s)
    --- PASS: TestBuiltinFunctions/close("hello") (0.00s)
    --- PASS: TestBuiltinFunctions/close() (0.00s)
    --- PASS: TestBuiltinFunctions/close(1,_2) (0.00s)
=== RUN   TestInterfaces
=== RUN   TestInterfaces/____type_Shaper_interface_{_Area()_int_}____type_Rect_struct_{_width,_height_int_}____func_(r_Rect)_Area()_int_{_return_r.width_*_r.height_}____func_main()_{_____var_s_Shaper_=_Rect{width:_10,_height:_5}_____return_s.Area()____}____
=== RUN   TestInterfaces/____type_Greeter_interface_{_Greet()_string_}____type_Person_struct_{_name_string_}____func_(p_*Person)_Greet()_string_{_return_"Hello,_"_+_p.name_}____func_main()_{_____var_g_Greeter_=_&Person{name:_"Taro"}_____return_g.Greet()____}____
=== RUN   TestInterfaces/____type_Abc_interface_{_A();_B()_}____type_Def_struct_{}____func_(d_Def)_A()_{}____func_main()_{_____var_v_Abc_=_Def{}____}____
=== RUN   TestInterfaces/____type_Abc_interface_{_A(x_int)_}____type_Def_struct_{}____func_(d_Def)_A()_{}____func_main()_{_____var_v_Abc_=_Def{}____}____
=== RUN   TestInterfaces/____type_Shaper_interface_{_Area()_int_}____func_main()_{_____var_s_Shaper_____return_s.Area()____}____
=== RUN   TestInterfaces/____type_Speaker_interface_{_Speak()_string_}____type_Dog_struct_{}____func_(d_Dog)_Speak()_string_{_return_"Woof!"_}____func_main()_{_____var_s_Speaker_=_Dog{}_____return_s.Speak()____}____
=== RUN   TestInterfaces/____type_Nullable_interface_{_Do()_}____func_main()_{_____var_n_Nullable_=_nil_____return_n____}____
=== RUN   TestInterfaces/____type_Abc_interface_{_A()_int_}____type_Def_struct_{}____func_(d_Def)_A()_{}____func_main()_{_____var_v_Abc_=_Def{}____}____
=== RUN   TestInterfaces/____type_Abc_interface_{_A()_}____type_Def_struct_{}____func_main()_{_____var_v_Abc_=_&Def{}____}____
--- PASS: TestInterfaces (0.00s)
    --- PASS: TestInterfaces/____type_Shaper_interface_{_Area()_int_}____type_Rect_struct_{_width,_height_int_}____func_(r_Rect)_Area()_int_{_return_r.width_*_r.height_}____func_main()_{_____var_s_Shaper_=_Rect{width:_10,_height:_5}_____return_s.Area()____}____ (0.00s)
    --- PASS: TestInterfaces/____type_Greeter_interface_{_Greet()_string_}____type_Person_struct_{_name_string_}____func_(p_*Person)_Greet()_string_{_return_"Hello,_"_+_p.name_}____func_main()_{_____var_g_Greeter_=_&Person{name:_"Taro"}_____return_g.Greet()____}____ (0.00s)
    --- PASS: TestInterfaces/____type_Abc_interface_{_A();_B()_}____type_Def_struct_{}____func_(d_Def)_A()_{}____func_main()_{_____var_v_Abc_=_Def{}____}____ (0.00s)
    --- PASS: TestInterfaces/____type_Abc_interface_{_A(x_int)_}____type_Def_struct_{}____func_(d_Def)_A()_{}____func_main()_{_____var_v_Abc_=_Def{}____}____ (0.00s)
    --- PASS: TestInterfaces/____type_Shaper_interface_{_Area()_int_}____func_main()_{_____var_s_Shaper_____return_s.Area()____}____ (0.00s)
    --- PASS: TestInterfaces/____type_Speaker_interface_{_Speak()_string_}____type_Dog_struct_{}____func_(d_Dog)_Speak()_string_{_return_"Woof!"_}____func_main()_{_____var_s_Speaker_=_Dog{}_____return_s.Speak()____}____ (0.00s)
    --- PASS: TestInterfaces/____type_Nullable_interface_{_Do()_}____func_main()_{_____var_n_Nullable_=_nil_____return_n____}____ (0.00s)
    --- PASS: TestInterfaces/____type_Abc_interface_{_A()_int_}____type_Def_struct_{}____func_(d_Def)_A()_{}____func_main()_{_____var_v_Abc_=_Def{}____}____ (0.00s)
    --- PASS: TestInterfaces/____type_Abc_interface_{_A()_}____type_Def_struct_{}____func_main()_{_____var_v_Abc_=_&Def{}____}____ (0.00s)
=== RUN   TestGenericStructs
=== RUN   TestGenericStructs/test-0
=== RUN   TestGenericStructs/test-1
=== RUN   TestGenericStructs/test-2
=== RUN   TestGenericStructs/test-3
--- PASS: TestGenericStructs (0.00s)
    --- PASS: TestGenericStructs/test-0 (0.00s)
    --- PASS: TestGenericStructs/test-1 (0.00s)
    --- PASS: TestGenericStructs/test-2 (0.00s)
    --- PASS: TestGenericStructs/test-3 (0.00s)
=== RUN   TestMethodCalls
=== RUN   TestMethodCalls/____type_Point_struct_{_____x_int_____y_int____}____func_(p_Point)_Add()_int_{_____return_p.x_+_p.y____}____func_main()_{_____p_:=_Point{x:_3,_y:_4}_____return_p.Add()____}____
=== RUN   TestMethodCalls/____type_Counter_struct_{_____count_int____}____func_(c_*Counter)_Inc()_{_____c.count_=_c.count_+_1____}____func_main()_{_____c_:=_&Counter{count:_0}_____c.Inc()_____c.Inc()_____return_c.count____}____
=== RUN   TestMethodCalls/____type_Rect_struct_{_____width_int_____height_int____}____func_(r_Rect)_Area()_int_{_____return_r.width_*_r.height____}____func_main()_{_____r_:=_Rect{width:_5,_height:_10}_____return_r.Area()____}____
=== RUN   TestMethodCalls/____type_Rect_struct_{_____width_int_____height_int____}____func_(r_*Rect)_Scale(factor_int)_{_____r.width_=_r.width_*_factor_____r.height_=_r.height_*_factor____}____func_main()_{_____r_:=_&Rect{width:_5,_height:_10}_____r.Scale(2)_____return_r.width_+_r.height____}____
=== RUN   TestMethodCalls/____type_Foo_struct_{_____val_int____}____func_(f_Foo)_GetVal()_int_{_____return_f.val____}____func_(f_*Foo)_SetVal(v_int)_{_____f.val_=_v____}____func_main()_{_____f_:=_&Foo{val:_10}_____f.SetVal(20)_____return_f.GetVal()____}____
=== RUN   TestMethodCalls/____type_Bar_struct_{_v_int_}____func_(b_Bar)_Val()_int_{_return_b.v_}____func_main()_{_____b_:=_Bar{v:_1}_____m_:=_b.Val_____b.v_=_2_____return_m()____}____
=== RUN   TestMethodCalls/____type_Bar_struct_{_v_int_}____func_(b_*Bar)_Val()_int_{_return_b.v_}____func_main()_{_____b_:=_&Bar{v:_1}_____m_:=_b.Val_____b.v_=_2_____return_m()____}____
--- PASS: TestMethodCalls (0.00s)
    --- PASS: TestMethodCalls/____type_Point_struct_{_____x_int_____y_int____}____func_(p_Point)_Add()_int_{_____return_p.x_+_p.y____}____func_main()_{_____p_:=_Point{x:_3,_y:_4}_____return_p.Add()____}____ (0.00s)
    --- PASS: TestMethodCalls/____type_Counter_struct_{_____count_int____}____func_(c_*Counter)_Inc()_{_____c.count_=_c.count_+_1____}____func_main()_{_____c_:=_&Counter{count:_0}_____c.Inc()_____c.Inc()_____return_c.count____}____ (0.00s)
    --- PASS: TestMethodCalls/____type_Rect_struct_{_____width_int_____height_int____}____func_(r_Rect)_Area()_int_{_____return_r.width_*_r.height____}____func_main()_{_____r_:=_Rect{width:_5,_height:_10}_____return_r.Area()____}____ (0.00s)
    --- PASS: TestMethodCalls/____type_Rect_struct_{_____width_int_____height_int____}____func_(r_*Rect)_Scale(factor_int)_{_____r.width_=_r.width_*_factor_____r.height_=_r.height_*_factor____}____func_main()_{_____r_:=_&Rect{width:_5,_height:_10}_____r.Scale(2)_____return_r.width_+_r.height____}____ (0.00s)
    --- PASS: TestMethodCalls/____type_Foo_struct_{_____val_int____}____func_(f_Foo)_GetVal()_int_{_____return_f.val____}____func_(f_*Foo)_SetVal(v_int)_{_____f.val_=_v____}____func_main()_{_____f_:=_&Foo{val:_10}_____f.SetVal(20)_____return_f.GetVal()____}____ (0.00s)
    --- PASS: TestMethodCalls/____type_Bar_struct_{_v_int_}____func_(b_Bar)_Val()_int_{_return_b.v_}____func_main()_{_____b_:=_Bar{v:_1}_____m_:=_b.Val_____b.v_=_2_____return_m()____}____ (0.00s)
    --- PASS: TestMethodCalls/____type_Bar_struct_{_v_int_}____func_(b_*Bar)_Val()_int_{_return_b.v_}____func_main()_{_____b_:=_&Bar{v:_1}_____m_:=_b.Val_____b.v_=_2_____return_m()____}____ (0.00s)
=== RUN   TestMultipleReturnValues
=== RUN   TestMultipleReturnValues/f_:=_func()_{_return_1,_"hello"_};_a,_b_:=_f()
=== RUN   TestMultipleReturnValues/f_:=_func()_{_return_1,_"hello"_};_a,_b_:=_f()/a
=== RUN   TestMultipleReturnValues/f_:=_func()_{_return_1,_"hello"_};_a,_b_:=_f()/b
=== RUN   TestMultipleReturnValues/f_:=_func()_{_return_1,_"hello"_};_var_a_int;_var_b_string;_a,_b_=_f()
=== RUN   TestMultipleReturnValues/f_:=_func()_{_return_1,_"hello"_};_var_a_int;_var_b_string;_a,_b_=_f()/a
=== RUN   TestMultipleReturnValues/f_:=_func()_{_return_1,_"hello"_};_var_a_int;_var_b_string;_a,_b_=_f()/b
=== RUN   TestMultipleReturnValues/f_:=_func()_{_return_1_+_2,_"a"_+_"b"_};_x,_y_:=_f()
=== RUN   TestMultipleReturnValues/f_:=_func()_{_return_1_+_2,_"a"_+_"b"_};_x,_y_:=_f()/x
=== RUN   TestMultipleReturnValues/f_:=_func()_{_return_1_+_2,_"a"_+_"b"_};_x,_y_:=_f()/y
=== RUN   TestMultipleReturnValues/f_:=_func()_{_return_1,_true,_3_};_a,_b_:=_f()
=== RUN   TestMultipleReturnValues/f_:=_func()_{_return_1,_true_};_a,_b,_c_:=_f()
=== RUN   TestMultipleReturnValues/f_:=_func()_{_return_1,_true_};_a_:=_f()
--- PASS: TestMultipleReturnValues (0.00s)
    --- PASS: TestMultipleReturnValues/f_:=_func()_{_return_1,_"hello"_};_a,_b_:=_f() (0.00s)
        --- PASS: TestMultipleReturnValues/f_:=_func()_{_return_1,_"hello"_};_a,_b_:=_f()/a (0.00s)
        --- PASS: TestMultipleReturnValues/f_:=_func()_{_return_1,_"hello"_};_a,_b_:=_f()/b (0.00s)
    --- PASS: TestMultipleReturnValues/f_:=_func()_{_return_1,_"hello"_};_var_a_int;_var_b_string;_a,_b_=_f() (0.00s)
        --- PASS: TestMultipleReturnValues/f_:=_func()_{_return_1,_"hello"_};_var_a_int;_var_b_string;_a,_b_=_f()/a (0.00s)
        --- PASS: TestMultipleReturnValues/f_:=_func()_{_return_1,_"hello"_};_var_a_int;_var_b_string;_a,_b_=_f()/b (0.00s)
    --- PASS: TestMultipleReturnValues/f_:=_func()_{_return_1_+_2,_"a"_+_"b"_};_x,_y_:=_f() (0.00s)
        --- PASS: TestMultipleReturnValues/f_:=_func()_{_return_1_+_2,_"a"_+_"b"_};_x,_y_:=_f()/x (0.00s)
        --- PASS: TestMultipleReturnValues/f_:=_func()_{_return_1_+_2,_"a"_+_"b"_};_x,_y_:=_f()/y (0.00s)
    --- PASS: TestMultipleReturnValues/f_:=_func()_{_return_1,_true,_3_};_a,_b_:=_f() (0.00s)
    --- PASS: TestMultipleReturnValues/f_:=_func()_{_return_1,_true_};_a,_b,_c_:=_f() (0.00s)
    --- PASS: TestMultipleReturnValues/f_:=_func()_{_return_1,_true_};_a_:=_f() (0.00s)
=== RUN   TestTypeAlias
=== RUN   TestTypeAlias/simple_non-generic_alias
=== RUN   TestTypeAlias/generic_slice_alias
=== RUN   TestTypeAlias/generic_struct_alias
=== RUN   TestTypeAlias/non-generic_slice_alias
=== RUN   TestTypeAlias/alias_of_an_alias
=== RUN   TestTypeAlias/alias_with_method
--- PASS: TestTypeAlias (0.00s)
    --- PASS: TestTypeAlias/simple_non-generic_alias (0.00s)
    --- PASS: TestTypeAlias/generic_slice_alias (0.00s)
    --- PASS: TestTypeAlias/generic_struct_alias (0.00s)
    --- PASS: TestTypeAlias/non-generic_slice_alias (0.00s)
    --- PASS: TestTypeAlias/alias_of_an_alias (0.00s)
    --- PASS: TestTypeAlias/alias_with_method (0.00s)
=== RUN   TestStructEmbedding
=== RUN   TestStructEmbedding/____type_Point_struct_{_x_int;_y_int_}____type_Circle_struct_{_____Point_____radius_int____}____c_:=_Circle{Point:_Point{x:_1,_y:_2},_radius:_10}____return_c.x____
=== RUN   TestStructEmbedding/____type_Point_struct_{_x_int;_y_int_}____type_Circle_struct_{_____Point_____radius_int____}____c_:=_Circle{Point:_Point{x:_1,_y:_2},_radius:_10}____return_c.y____
=== RUN   TestStructEmbedding/____type_Point_struct_{_x_int;_y_int_}____type_Circle_struct_{_____Point_____radius_int____}____c_:=_Circle{Point:_Point{x:_1,_y:_2},_radius:_10}____return_c.radius____
=== RUN   TestStructEmbedding/____type_A_struct_{_a_int_}____type_B_struct_{_A;_b_int_}____type_C_struct_{_B;_c_int_}____instance_:=_C{B:_B{A:_A{a:_1},_b:_2},_c:_3}____return_instance.a____
=== RUN   TestStructEmbedding/____type_A_struct_{_val_int_}____type_B_struct_{_____A_____val_int____}____instance_:=_B{A:_A{val:_100},_val:_200}____return_instance.val____
=== RUN   TestStructEmbedding/____type_Point_struct_{_x_int_}____type_Figure_struct_{_Point;_name_string_}____f_:=_Figure{Point:_Point{x:_99},_name:_"fig"}____p_:=_&f____return_p.x____
=== RUN   TestStructEmbedding/____type_Point_struct_{_x_int_}____type_Figure_struct_{_*Point;_name_string_}____p_:=_&Figure{Point:_&Point{x:_99},_name:_"fig"}____return_p.x____
=== RUN   TestStructEmbedding/____type_A_struct_{_a_int_}____type_B_struct_{_A;_b_int_}____instance_:=_B{A:_A{a:_1},_b:_2}____return_instance.c____
=== RUN   TestStructEmbedding/____type_Point_struct_{_x_int_}____type_Figure_struct_{_*Point;_name_string_}____p_:=_&Figure{name:_"fig"}_//_Point_is_nil____return_p.x____
--- PASS: TestStructEmbedding (0.00s)
    --- PASS: TestStructEmbedding/____type_Point_struct_{_x_int;_y_int_}____type_Circle_struct_{_____Point_____radius_int____}____c_:=_Circle{Point:_Point{x:_1,_y:_2},_radius:_10}____return_c.x____ (0.00s)
    --- PASS: TestStructEmbedding/____type_Point_struct_{_x_int;_y_int_}____type_Circle_struct_{_____Point_____radius_int____}____c_:=_Circle{Point:_Point{x:_1,_y:_2},_radius:_10}____return_c.y____ (0.00s)
    --- PASS: TestStructEmbedding/____type_Point_struct_{_x_int;_y_int_}____type_Circle_struct_{_____Point_____radius_int____}____c_:=_Circle{Point:_Point{x:_1,_y:_2},_radius:_10}____return_c.radius____ (0.00s)
    --- PASS: TestStructEmbedding/____type_A_struct_{_a_int_}____type_B_struct_{_A;_b_int_}____type_C_struct_{_B;_c_int_}____instance_:=_C{B:_B{A:_A{a:_1},_b:_2},_c:_3}____return_instance.a____ (0.00s)
    --- PASS: TestStructEmbedding/____type_A_struct_{_val_int_}____type_B_struct_{_____A_____val_int____}____instance_:=_B{A:_A{val:_100},_val:_200}____return_instance.val____ (0.00s)
    --- PASS: TestStructEmbedding/____type_Point_struct_{_x_int_}____type_Figure_struct_{_Point;_name_string_}____f_:=_Figure{Point:_Point{x:_99},_name:_"fig"}____p_:=_&f____return_p.x____ (0.00s)
    --- PASS: TestStructEmbedding/____type_Point_struct_{_x_int_}____type_Figure_struct_{_*Point;_name_string_}____p_:=_&Figure{Point:_&Point{x:_99},_name:_"fig"}____return_p.x____ (0.00s)
    --- PASS: TestStructEmbedding/____type_A_struct_{_a_int_}____type_B_struct_{_A;_b_int_}____instance_:=_B{A:_A{a:_1},_b:_2}____return_instance.c____ (0.00s)
    --- PASS: TestStructEmbedding/____type_Point_struct_{_x_int_}____type_Figure_struct_{_*Point;_name_string_}____p_:=_&Figure{name:_"fig"}_//_Point_is_nil____return_p.x____ (0.00s)
=== RUN   TestVariadicFunctions
=== RUN   TestVariadicFunctions/____sum_:=_func(nums_...int)_{_____total_:=_0_____for__,_num_:=_range_nums_{______total_=_total_+_num_____}_____return_total____}____sum(1,_2,_3,_4)____
=== RUN   TestVariadicFunctions/____sum_:=_func(nums_...int)_{_____total_:=_0_____for__,_num_:=_range_nums_{______total_=_total_+_num_____}_____return_total____}____sum()____
=== RUN   TestVariadicFunctions/____print_:=_func(s_string,_vals_...int)_{_____//_This_test_just_checks_if_the_call_works_and_returns_the_first_value_____if_len(vals)_>_0_{______return_vals[0]_____}_____return_-1____}____print("hello",_10,_20)____
=== RUN   TestVariadicFunctions/____print_:=_func(s_string,_vals_...int)_{_____return_len(s)____}____print("hello")____
=== RUN   TestVariadicFunctions/____f_:=_func(a_int,_b_...int)_{}____f()____
=== RUN   TestVariadicFunctions/____f_:=_func(a_...int)_{_____return_a[1]____}____f(1,_2,_3)____
--- PASS: TestVariadicFunctions (0.00s)
    --- PASS: TestVariadicFunctions/____sum_:=_func(nums_...int)_{_____total_:=_0_____for__,_num_:=_range_nums_{______total_=_total_+_num_____}_____return_total____}____sum(1,_2,_3,_4)____ (0.00s)
    --- PASS: TestVariadicFunctions/____sum_:=_func(nums_...int)_{_____total_:=_0_____for__,_num_:=_range_nums_{______total_=_total_+_num_____}_____return_total____}____sum()____ (0.00s)
    --- PASS: TestVariadicFunctions/____print_:=_func(s_string,_vals_...int)_{_____//_This_test_just_checks_if_the_call_works_and_returns_the_first_value_____if_len(vals)_>_0_{______return_vals[0]_____}_____return_-1____}____print("hello",_10,_20)____ (0.00s)
    --- PASS: TestVariadicFunctions/____print_:=_func(s_string,_vals_...int)_{_____return_len(s)____}____print("hello")____ (0.00s)
    --- PASS: TestVariadicFunctions/____f_:=_func(a_int,_b_...int)_{}____f()____ (0.00s)
    --- PASS: TestVariadicFunctions/____f_:=_func(a_...int)_{_____return_a[1]____}____f(1,_2,_3)____ (0.00s)
=== RUN   TestForRangeStatements
=== RUN   TestForRangeStatements/____sum_:=_0;____for__,_v_:=_range_[]int{1,_2,_3}_{_____sum_=_sum_+_v;____}____sum____
=== RUN   TestForRangeStatements/____sum_:=_0;____indices_:=_0;____for_i,_v_:=_range_[]int{10,_20,_30}_{_____indices_=_indices_+_i;_____sum_=_sum_+_v;____}____sum_+_indices____
=== RUN   TestForRangeStatements/____sum_:=_0;____for__,_r_:=_range_"abc"_{_//_runes_'a',_'b',_'c'_are_97,_98,_99_____sum_=_sum_+_r;____}____sum____
=== RUN   TestForRangeStatements/____sum_:=_0;____m_:=_map[string]int{"a":_1,_"b":_2,_"c":_3};____for_k,_v_:=_range_m_{_____if_k_==_"a"_{_sum_=_sum_+_v;_}_____if_k_==_"b"_{_sum_=_sum_+_v;_}_____if_k_==_"c"_{_sum_=_sum_+_v;_}____}____sum____
=== RUN   TestForRangeStatements/____sum_:=_0;____for__,_v_:=_range_[]int{1,_2,_3,_4,_5}_{_____sum_=_sum_+_v;_____if_v_==_3_{______break;_____}____}____sum____
=== RUN   TestForRangeStatements/____sum_:=_0;____for__,_v_:=_range_[]int{1,_2,_3,_4,_5}_{_____if_v_%_2_==_0_{______continue;_____}_____sum_=_sum_+_v;____}____sum____
=== RUN   TestForRangeStatements/____v_:=_100;____sum_:=_0;____for__,_v_:=_range_[]int{1,_2,_3}_{_____sum_=_sum_+_v;____}____sum_+_v____
=== RUN   TestForRangeStatements/____sum_:=_1;____for__,_v_:=_range_[]int{}_{_____sum_=_100;____}____sum____
=== RUN   TestForRangeStatements/____sum_:=_1;____for__,_v_:=_range_[]int{}_{_____sum_=_100;____}____sum____#01
--- PASS: TestForRangeStatements (0.01s)
    --- PASS: TestForRangeStatements/____sum_:=_0;____for__,_v_:=_range_[]int{1,_2,_3}_{_____sum_=_sum_+_v;____}____sum____ (0.00s)
    --- PASS: TestForRangeStatements/____sum_:=_0;____indices_:=_0;____for_i,_v_:=_range_[]int{10,_20,_30}_{_____indices_=_indices_+_i;_____sum_=_sum_+_v;____}____sum_+_indices____ (0.00s)
    --- PASS: TestForRangeStatements/____sum_:=_0;____for__,_r_:=_range_"abc"_{_//_runes_'a',_'b',_'c'_are_97,_98,_99_____sum_=_sum_+_r;____}____sum____ (0.00s)
    --- PASS: TestForRangeStatements/____sum_:=_0;____m_:=_map[string]int{"a":_1,_"b":_2,_"c":_3};____for_k,_v_:=_range_m_{_____if_k_==_"a"_{_sum_=_sum_+_v;_}_____if_k_==_"b"_{_sum_=_sum_+_v;_}_____if_k_==_"c"_{_sum_=_sum_+_v;_}____}____sum____ (0.00s)
    --- PASS: TestForRangeStatements/____sum_:=_0;____for__,_v_:=_range_[]int{1,_2,_3,_4,_5}_{_____sum_=_sum_+_v;_____if_v_==_3_{______break;_____}____}____sum____ (0.00s)
    --- PASS: TestForRangeStatements/____sum_:=_0;____for__,_v_:=_range_[]int{1,_2,_3,_4,_5}_{_____if_v_%_2_==_0_{______continue;_____}_____sum_=_sum_+_v;____}____sum____ (0.00s)
    --- PASS: TestForRangeStatements/____v_:=_100;____sum_:=_0;____for__,_v_:=_range_[]int{1,_2,_3}_{_____sum_=_sum_+_v;____}____sum_+_v____ (0.00s)
    --- PASS: TestForRangeStatements/____sum_:=_1;____for__,_v_:=_range_[]int{}_{_____sum_=_100;____}____sum____ (0.01s)
    --- PASS: TestForRangeStatements/____sum_:=_1;____for__,_v_:=_range_[]int{}_{_____sum_=_100;____}____sum____#01 (0.00s)
=== RUN   TestIndexExpressions
=== RUN   TestIndexExpressions/var_a_=_[]int{1,_2,_3};_a[0]
=== RUN   TestIndexExpressions/var_a_=_[]int{1,_2,_3};_a[1]
=== RUN   TestIndexExpressions/var_a_=_[]int{1,_2,_3};_a[2]
=== RUN   TestIndexExpressions/var_i_=_0;_var_a_=_[]int{1};_a[i]
=== RUN   TestIndexExpressions/var_a_=_[]int{1,_2,_3};_a[1_+_1]
=== RUN   TestIndexExpressions/var_myArray_=_[]int{1,_2,_3};_myArray[2]
=== RUN   TestIndexExpressions/var_myArray_=_[]int{1,_2,_3};_myArray[0]_+_myArray[1]_+_myArray[2]
=== RUN   TestIndexExpressions/var_myArray_=_[]int{1,_2,_3};_var_i_=_myArray[0];_myArray[i]
=== RUN   TestIndexExpressions/var_a_=_[]int{1,_2,_3};_a[3]
=== RUN   TestIndexExpressions/var_a_=_[]int{1,_2,_3};_a[-1]
=== RUN   TestIndexExpressions/var_m_=_map[string]int{"foo":_5};_m["foo"]
=== RUN   TestIndexExpressions/var_myMap_=_map[string]int{"foo":_5};_myMap["foo"]
=== RUN   TestIndexExpressions/var_m_=_map[string]int{"foo":_5};_m["bar"]
=== RUN   TestIndexExpressions/var_m_=_map[string]int{};_m["foo"]
=== RUN   TestIndexExpressions/var_m_=_map[int]int{5:_5};_m[5]
=== RUN   TestIndexExpressions/var_m_=_map[bool]int{true:_5};_m[true]
--- PASS: TestIndexExpressions (0.01s)
    --- PASS: TestIndexExpressions/var_a_=_[]int{1,_2,_3};_a[0] (0.00s)
    --- PASS: TestIndexExpressions/var_a_=_[]int{1,_2,_3};_a[1] (0.00s)
    --- PASS: TestIndexExpressions/var_a_=_[]int{1,_2,_3};_a[2] (0.00s)
    --- PASS: TestIndexExpressions/var_i_=_0;_var_a_=_[]int{1};_a[i] (0.00s)
    --- PASS: TestIndexExpressions/var_a_=_[]int{1,_2,_3};_a[1_+_1] (0.00s)
    --- PASS: TestIndexExpressions/var_myArray_=_[]int{1,_2,_3};_myArray[2] (0.00s)
    --- PASS: TestIndexExpressions/var_myArray_=_[]int{1,_2,_3};_myArray[0]_+_myArray[1]_+_myArray[2] (0.00s)
    --- PASS: TestIndexExpressions/var_myArray_=_[]int{1,_2,_3};_var_i_=_myArray[0];_myArray[i] (0.00s)
    --- PASS: TestIndexExpressions/var_a_=_[]int{1,_2,_3};_a[3] (0.00s)
    --- PASS: TestIndexExpressions/var_a_=_[]int{1,_2,_3};_a[-1] (0.00s)
    --- PASS: TestIndexExpressions/var_m_=_map[string]int{"foo":_5};_m["foo"] (0.00s)
    --- PASS: TestIndexExpressions/var_myMap_=_map[string]int{"foo":_5};_myMap["foo"] (0.00s)
    --- PASS: TestIndexExpressions/var_m_=_map[string]int{"foo":_5};_m["bar"] (0.00s)
    --- PASS: TestIndexExpressions/var_m_=_map[string]int{};_m["foo"] (0.00s)
    --- PASS: TestIndexExpressions/var_m_=_map[int]int{5:_5};_m[5] (0.00s)
    --- PASS: TestIndexExpressions/var_m_=_map[bool]int{true:_5};_m[true] (0.00s)
=== RUN   TestIndexErrors
=== RUN   TestIndexErrors/var_a_=_5;_a[0]
=== RUN   TestIndexErrors/var_a_=_[]int{1,_2,_3};_a["a"]
--- PASS: TestIndexErrors (0.00s)
    --- PASS: TestIndexErrors/var_a_=_5;_a[0] (0.00s)
    --- PASS: TestIndexErrors/var_a_=_[]int{1,_2,_3};_a["a"] (0.00s)
=== RUN   TestArrayLiterals
--- PASS: TestArrayLiterals (0.00s)
=== RUN   TestMapLiterals
--- PASS: TestMapLiterals (0.00s)
=== RUN   TestPanicAndRecover
=== RUN   TestPanicAndRecover/panic("testing_panic")
=== RUN   TestPanicAndRecover/_func()_{_____defer_func()_{_________if_r_:=_recover();_r_!=_"recovered"_{_____________panic("wrong_value_recovered")_________}_____}()_____panic("recovered")_}()_
=== RUN   TestPanicAndRecover/recover()
=== RUN   TestPanicAndRecover/_func()_{_____defer_func()_{_________recover()_//_Should_do_nothing_____}()_____return_10_}()_
=== RUN   TestPanicAndRecover/_func()_{_____defer_func()_{_________if_r_:=_recover();_r_!=_"final_panic"_{_____________panic("wrong_value_recovered_at_top_level")_________}_____}()______func()_{_________defer_func()_{_____________//_This_recover_handles_the_"inner_panic"_____________if_r_:=_recover();_r_!=_"inner_panic"_{_________________panic("wrong_value_recovered_at_inner_level")_____________}_________}()_________panic("inner_panic")_____}()______panic("final_panic")_}()_
=== RUN   TestPanicAndRecover/_func()_{_____defer_func()_{_________r_:=_recover()_________if_r_!=_"original"_{_____________panic("wrong_value_recovered")_________}_________panic("new_panic")_____}()_____panic("original")_}()_
--- PASS: TestPanicAndRecover (0.00s)
    --- PASS: TestPanicAndRecover/panic("testing_panic") (0.00s)
    --- PASS: TestPanicAndRecover/_func()_{_____defer_func()_{_________if_r_:=_recover();_r_!=_"recovered"_{_____________panic("wrong_value_recovered")_________}_____}()_____panic("recovered")_}()_ (0.00s)
    --- PASS: TestPanicAndRecover/recover() (0.00s)
    --- PASS: TestPanicAndRecover/_func()_{_____defer_func()_{_________recover()_//_Should_do_nothing_____}()_____return_10_}()_ (0.00s)
    --- PASS: TestPanicAndRecover/_func()_{_____defer_func()_{_________if_r_:=_recover();_r_!=_"final_panic"_{_____________panic("wrong_value_recovered_at_top_level")_________}_____}()______func()_{_________defer_func()_{_____________//_This_recover_handles_the_"inner_panic"_____________if_r_:=_recover();_r_!=_"inner_panic"_{_________________panic("wrong_value_recovered_at_inner_level")_____________}_________}()_________panic("inner_panic")_____}()______panic("final_panic")_}()_ (0.00s)
    --- PASS: TestPanicAndRecover/_func()_{_____defer_func()_{_________r_:=_recover()_________if_r_!=_"original"_{_____________panic("wrong_value_recovered")_________}_________panic("new_panic")_____}()_____panic("original")_}()_ (0.00s)
=== RUN   TestErrorHandling
=== RUN   TestErrorHandling/5_+_true;
=== RUN   TestErrorHandling/5_+_true;_5;
=== RUN   TestErrorHandling/-true
=== RUN   TestErrorHandling/true_+_false;
=== RUN   TestErrorHandling/5;_true_+_false;_5
=== RUN   TestErrorHandling/if_(10_>_1)_{_true_+_false;_}
=== RUN   TestErrorHandling/____if_(10_>_1)_{_____if_(10_>_1)_{______return_true_+_false;_____}_____return_1;____}____
=== RUN   TestErrorHandling/foobar
=== RUN   TestErrorHandling/"Hello"_-_"World"
=== RUN   TestErrorHandling/x_:=_1;_x(1)
=== RUN   TestErrorHandling/____f_:=_func(x_int)_{_____g_:=_func()_{______x_/_0;_____}_____g();____}____f(10);____
=== RUN   TestErrorHandling/____bar_:=_func()_{_____"hello"_-_"world"____};____foo_:=_func()_{_____bar()____};____foo();____
--- PASS: TestErrorHandling (0.00s)
    --- PASS: TestErrorHandling/5_+_true; (0.00s)
    --- PASS: TestErrorHandling/5_+_true;_5; (0.00s)
    --- PASS: TestErrorHandling/-true (0.00s)
    --- PASS: TestErrorHandling/true_+_false; (0.00s)
    --- PASS: TestErrorHandling/5;_true_+_false;_5 (0.00s)
    --- PASS: TestErrorHandling/if_(10_>_1)_{_true_+_false;_} (0.00s)
    --- PASS: TestErrorHandling/____if_(10_>_1)_{_____if_(10_>_1)_{______return_true_+_false;_____}_____return_1;____}____ (0.00s)
    --- PASS: TestErrorHandling/foobar (0.00s)
    --- PASS: TestErrorHandling/"Hello"_-_"World" (0.00s)
    --- PASS: TestErrorHandling/x_:=_1;_x(1) (0.00s)
    --- PASS: TestErrorHandling/____f_:=_func(x_int)_{_____g_:=_func()_{______x_/_0;_____}_____g();____}____f(10);____ (0.00s)
    --- PASS: TestErrorHandling/____bar_:=_func()_{_____"hello"_-_"world"____};____foo_:=_func()_{_____bar()____};____foo();____ (0.00s)
=== RUN   TestConstDeclarations
=== RUN   TestConstDeclarations/const_x_=_10;_x
=== RUN   TestConstDeclarations/const_x_=_10;_const_y_=_20;_y
=== RUN   TestConstDeclarations/const_x_=_10;_var_y_=_x;_y
=== RUN   TestConstDeclarations/const_x_=_10;_x_=_20;
=== RUN   TestConstDeclarations/const_(_a_=_1_);_a_=_2
=== RUN   TestConstDeclarations/const_(_a_=_iota_);_a
=== RUN   TestConstDeclarations/const_(_a_=_iota;_b_);_b
=== RUN   TestConstDeclarations/const_(_a_=_iota;_b;_c_);_c
=== RUN   TestConstDeclarations/const_(_a_=_10;_b;_c_);_c
=== RUN   TestConstDeclarations/const_(_a_=_10;_b_=_20;_c_);_c
=== RUN   TestConstDeclarations/const_(_a_=_1_<<_iota;_b;_c;_d_);_d
--- PASS: TestConstDeclarations (0.00s)
    --- PASS: TestConstDeclarations/const_x_=_10;_x (0.00s)
    --- PASS: TestConstDeclarations/const_x_=_10;_const_y_=_20;_y (0.00s)
    --- PASS: TestConstDeclarations/const_x_=_10;_var_y_=_x;_y (0.00s)
    --- PASS: TestConstDeclarations/const_x_=_10;_x_=_20; (0.00s)
    --- PASS: TestConstDeclarations/const_(_a_=_1_);_a_=_2 (0.00s)
    --- PASS: TestConstDeclarations/const_(_a_=_iota_);_a (0.00s)
    --- PASS: TestConstDeclarations/const_(_a_=_iota;_b_);_b (0.00s)
    --- PASS: TestConstDeclarations/const_(_a_=_iota;_b;_c_);_c (0.00s)
    --- PASS: TestConstDeclarations/const_(_a_=_10;_b;_c_);_c (0.00s)
    --- PASS: TestConstDeclarations/const_(_a_=_10;_b_=_20;_c_);_c (0.00s)
    --- PASS: TestConstDeclarations/const_(_a_=_1_<<_iota;_b;_c;_d_);_d (0.00s)
=== RUN   TestSwitchStatements
=== RUN   TestSwitchStatements/x_:=_2;_switch_x_{_case_1:_10;_case_2:_20;_case_3:_30;_};
=== RUN   TestSwitchStatements/switch_1_+_1_{_case_1:_10;_case_2:_20;_};
=== RUN   TestSwitchStatements/x_:=_4;_switch_x_{_case_1:_10;_case_2:_20;_default:_99;_};
=== RUN   TestSwitchStatements/x_:=_4;_switch_x_{_case_1:_10;_case_2:_20;_};
=== RUN   TestSwitchStatements/x_:=_10;_switch_{_case_x_>_5:_100;_case_x_<_5:_200;_};
=== RUN   TestSwitchStatements/x_:=_1;_switch_{_case_x_>_5:_100;_case_x_<_5:_200;_};
=== RUN   TestSwitchStatements/x_:=_3;_switch_x_{_case_1,_2,_3:_30;_default:_99;_};
=== RUN   TestSwitchStatements/x_:=_4;_switch_x_{_case_1,_2,_3:_30;_default:_99;_};
=== RUN   TestSwitchStatements/switch_x_:=_2;_x_{_case_2:_20;_};
=== RUN   TestSwitchStatements/x_:=_10;_switch_x_:=_2;_x_{_case_2:_20;_};_x
--- PASS: TestSwitchStatements (0.00s)
    --- PASS: TestSwitchStatements/x_:=_2;_switch_x_{_case_1:_10;_case_2:_20;_case_3:_30;_}; (0.00s)
    --- PASS: TestSwitchStatements/switch_1_+_1_{_case_1:_10;_case_2:_20;_}; (0.00s)
    --- PASS: TestSwitchStatements/x_:=_4;_switch_x_{_case_1:_10;_case_2:_20;_default:_99;_}; (0.00s)
    --- PASS: TestSwitchStatements/x_:=_4;_switch_x_{_case_1:_10;_case_2:_20;_}; (0.00s)
    --- PASS: TestSwitchStatements/x_:=_10;_switch_{_case_x_>_5:_100;_case_x_<_5:_200;_}; (0.00s)
    --- PASS: TestSwitchStatements/x_:=_1;_switch_{_case_x_>_5:_100;_case_x_<_5:_200;_}; (0.00s)
    --- PASS: TestSwitchStatements/x_:=_3;_switch_x_{_case_1,_2,_3:_30;_default:_99;_}; (0.00s)
    --- PASS: TestSwitchStatements/x_:=_4;_switch_x_{_case_1,_2,_3:_30;_default:_99;_}; (0.00s)
    --- PASS: TestSwitchStatements/switch_x_:=_2;_x_{_case_2:_20;_}; (0.00s)
    --- PASS: TestSwitchStatements/x_:=_10;_switch_x_:=_2;_x_{_case_2:_20;_};_x (0.00s)
=== RUN   TestForStatements
=== RUN   TestForStatements/____var_a_=_0;____for_i_:=_0;_i_<_10;_i_=_i_+_1_{_____a_=_a_+_1;____}____a;____
=== RUN   TestForStatements/____var_a_=_0;____for_{_____a_=_a_+_1;_____if_a_>_5_{______break;_____}____}____a;____
=== RUN   TestForStatements/____var_a_=_0;____var_i_=_0;____for_i_<_10_{_____i_=_i_+_1;_____if_i_%_2_==_0_{______continue;_____}_____a_=_a_+_1;____}____a;____
--- PASS: TestForStatements (0.00s)
    --- PASS: TestForStatements/____var_a_=_0;____for_i_:=_0;_i_<_10;_i_=_i_+_1_{_____a_=_a_+_1;____}____a;____ (0.00s)
    --- PASS: TestForStatements/____var_a_=_0;____for_{_____a_=_a_+_1;_____if_a_>_5_{______break;_____}____}____a;____ (0.00s)
    --- PASS: TestForStatements/____var_a_=_0;____var_i_=_0;____for_i_<_10_{_____i_=_i_+_1;_____if_i_%_2_==_0_{______continue;_____}_____a_=_a_+_1;____}____a;____ (0.00s)
=== RUN   TestIfElseStatements
=== RUN   TestIfElseStatements/if_(true)_{_10_}
=== RUN   TestIfElseStatements/if_(false)_{_10_}
=== RUN   TestIfElseStatements/if_(1)_{_10_}
=== RUN   TestIfElseStatements/if_(1_<_2)_{_10_}
=== RUN   TestIfElseStatements/if_(1_>_2)_{_10_}
=== RUN   TestIfElseStatements/if_(1_>_2)_{_10_}_else_{_20_}
=== RUN   TestIfElseStatements/if_(1_<_2)_{_10_}_else_{_20_}
=== RUN   TestIfElseStatements/x_:=_10;_if_(x_>_5)_{_100_}_else_{_200_};
--- PASS: TestIfElseStatements (0.00s)
    --- PASS: TestIfElseStatements/if_(true)_{_10_} (0.00s)
    --- PASS: TestIfElseStatements/if_(false)_{_10_} (0.00s)
    --- PASS: TestIfElseStatements/if_(1)_{_10_} (0.00s)
    --- PASS: TestIfElseStatements/if_(1_<_2)_{_10_} (0.00s)
    --- PASS: TestIfElseStatements/if_(1_>_2)_{_10_} (0.00s)
    --- PASS: TestIfElseStatements/if_(1_>_2)_{_10_}_else_{_20_} (0.00s)
    --- PASS: TestIfElseStatements/if_(1_<_2)_{_10_}_else_{_20_} (0.00s)
    --- PASS: TestIfElseStatements/x_:=_10;_if_(x_>_5)_{_100_}_else_{_200_}; (0.00s)
=== RUN   TestEvalBooleanExpression
=== RUN   TestEvalBooleanExpression/true
=== RUN   TestEvalBooleanExpression/false
=== RUN   TestEvalBooleanExpression/true_==_true
=== RUN   TestEvalBooleanExpression/false_==_false
=== RUN   TestEvalBooleanExpression/true_==_false
=== RUN   TestEvalBooleanExpression/true_!=_false
=== RUN   TestEvalBooleanExpression/false_!=_true
=== RUN   TestEvalBooleanExpression/(1_<_2)_==_true
=== RUN   TestEvalBooleanExpression/(1_>_2)_==_false
=== RUN   TestEvalBooleanExpression/1_<_2
=== RUN   TestEvalBooleanExpression/1_>_2
=== RUN   TestEvalBooleanExpression/1_<_1
=== RUN   TestEvalBooleanExpression/1_>_1
=== RUN   TestEvalBooleanExpression/1_==_1
=== RUN   TestEvalBooleanExpression/1_!=_1
=== RUN   TestEvalBooleanExpression/1_==_2
=== RUN   TestEvalBooleanExpression/1_!=_2
--- PASS: TestEvalBooleanExpression (0.00s)
    --- PASS: TestEvalBooleanExpression/true (0.00s)
    --- PASS: TestEvalBooleanExpression/false (0.00s)
    --- PASS: TestEvalBooleanExpression/true_==_true (0.00s)
    --- PASS: TestEvalBooleanExpression/false_==_false (0.00s)
    --- PASS: TestEvalBooleanExpression/true_==_false (0.00s)
    --- PASS: TestEvalBooleanExpression/true_!=_false (0.00s)
    --- PASS: TestEvalBooleanExpression/false_!=_true (0.00s)
    --- PASS: TestEvalBooleanExpression/(1_<_2)_==_true (0.00s)
    --- PASS: TestEvalBooleanExpression/(1_>_2)_==_false (0.00s)
    --- PASS: TestEvalBooleanExpression/1_<_2 (0.00s)
    --- PASS: TestEvalBooleanExpression/1_>_2 (0.00s)
    --- PASS: TestEvalBooleanExpression/1_<_1 (0.00s)
    --- PASS: TestEvalBooleanExpression/1_>_1 (0.00s)
    --- PASS: TestEvalBooleanExpression/1_==_1 (0.00s)
    --- PASS: TestEvalBooleanExpression/1_!=_1 (0.00s)
    --- PASS: TestEvalBooleanExpression/1_==_2 (0.00s)
    --- PASS: TestEvalBooleanExpression/1_!=_2 (0.00s)
=== RUN   TestEvalIntegerExpression
=== RUN   TestEvalIntegerExpression/5
=== RUN   TestEvalIntegerExpression/10
=== RUN   TestEvalIntegerExpression/-5
=== RUN   TestEvalIntegerExpression/-10
=== RUN   TestEvalIntegerExpression/5_+_5_+_5_+_5_-_10
=== RUN   TestEvalIntegerExpression/2_*_2_*_2_*_2_*_2
=== RUN   TestEvalIntegerExpression/-50_+_100_+_-50
=== RUN   TestEvalIntegerExpression/5_*_2_+_10
=== RUN   TestEvalIntegerExpression/5_+_2_*_10
=== RUN   TestEvalIntegerExpression/20_+_2_*_-10
=== RUN   TestEvalIntegerExpression/50_/_2_*_2_+_10
=== RUN   TestEvalIntegerExpression/2_*_(5_+_10)
=== RUN   TestEvalIntegerExpression/3_*_3_*_3_+_10
=== RUN   TestEvalIntegerExpression/3_*_(3_*_3)_+_10
=== RUN   TestEvalIntegerExpression/(5_+_10_*_2_+_15_/_3)_*_2_+_-10
--- PASS: TestEvalIntegerExpression (0.00s)
    --- PASS: TestEvalIntegerExpression/5 (0.00s)
    --- PASS: TestEvalIntegerExpression/10 (0.00s)
    --- PASS: TestEvalIntegerExpression/-5 (0.00s)
    --- PASS: TestEvalIntegerExpression/-10 (0.00s)
    --- PASS: TestEvalIntegerExpression/5_+_5_+_5_+_5_-_10 (0.00s)
    --- PASS: TestEvalIntegerExpression/2_*_2_*_2_*_2_*_2 (0.00s)
    --- PASS: TestEvalIntegerExpression/-50_+_100_+_-50 (0.00s)
    --- PASS: TestEvalIntegerExpression/5_*_2_+_10 (0.00s)
    --- PASS: TestEvalIntegerExpression/5_+_2_*_10 (0.00s)
    --- PASS: TestEvalIntegerExpression/20_+_2_*_-10 (0.00s)
    --- PASS: TestEvalIntegerExpression/50_/_2_*_2_+_10 (0.00s)
    --- PASS: TestEvalIntegerExpression/2_*_(5_+_10) (0.00s)
    --- PASS: TestEvalIntegerExpression/3_*_3_*_3_+_10 (0.00s)
    --- PASS: TestEvalIntegerExpression/3_*_(3_*_3)_+_10 (0.00s)
    --- PASS: TestEvalIntegerExpression/(5_+_10_*_2_+_15_/_3)_*_2_+_-10 (0.00s)
=== RUN   TestEvalStringExpression
=== RUN   TestEvalStringExpression/"hello"
=== RUN   TestEvalStringExpression/"hello"_+_"_"_+_"world"
--- PASS: TestEvalStringExpression (0.00s)
    --- PASS: TestEvalStringExpression/"hello" (0.00s)
    --- PASS: TestEvalStringExpression/"hello"_+_"_"_+_"world" (0.00s)
=== RUN   TestVarStatements
=== RUN   TestVarStatements/var_a_=_5;_a;
=== RUN   TestVarStatements/var_a_=_5_*_5;_a;
=== RUN   TestVarStatements/var_a_=_5;_var_b_=_a;_b;
=== RUN   TestVarStatements/var_a_=_5;_var_b_=_a;_var_c_=_a_+_b_+_5;_c;
--- PASS: TestVarStatements (0.00s)
    --- PASS: TestVarStatements/var_a_=_5;_a; (0.00s)
    --- PASS: TestVarStatements/var_a_=_5_*_5;_a; (0.00s)
    --- PASS: TestVarStatements/var_a_=_5;_var_b_=_a;_b; (0.00s)
    --- PASS: TestVarStatements/var_a_=_5;_var_b_=_a;_var_c_=_a_+_b_+_5;_c; (0.00s)
=== RUN   TestAssignmentStatements
=== RUN   TestAssignmentStatements/var_a_=_5;_a_=_10;_a;
=== RUN   TestAssignmentStatements/var_a_=_5;_var_b_=_10;_a_=_b;_a;
=== RUN   TestAssignmentStatements/var_a_=_5;_{_a_=_10;_};_a;
--- PASS: TestAssignmentStatements (0.00s)
    --- PASS: TestAssignmentStatements/var_a_=_5;_a_=_10;_a; (0.00s)
    --- PASS: TestAssignmentStatements/var_a_=_5;_var_b_=_10;_a_=_b;_a; (0.00s)
    --- PASS: TestAssignmentStatements/var_a_=_5;_{_a_=_10;_};_a; (0.00s)
=== RUN   TestShortVarDeclarations
=== RUN   TestShortVarDeclarations/a_:=_5;_a;
=== RUN   TestShortVarDeclarations/a_:=_5_*_5;_a;
=== RUN   TestShortVarDeclarations/a_:=_5;_b_:=_a;_b;
=== RUN   TestShortVarDeclarations/a_:=_5;_b_:=_a;_c_:=_a_+_b_+_5;_c;
=== RUN   TestShortVarDeclarations/a_:=_5;_a_=_10;_a;
--- PASS: TestShortVarDeclarations (0.00s)
    --- PASS: TestShortVarDeclarations/a_:=_5;_a; (0.00s)
    --- PASS: TestShortVarDeclarations/a_:=_5_*_5;_a; (0.00s)
    --- PASS: TestShortVarDeclarations/a_:=_5;_b_:=_a;_b; (0.00s)
    --- PASS: TestShortVarDeclarations/a_:=_5;_b_:=_a;_c_:=_a_+_b_+_5;_c; (0.00s)
    --- PASS: TestShortVarDeclarations/a_:=_5;_a_=_10;_a; (0.00s)
=== RUN   TestStructs
=== RUN   TestStructs/____type_Person_struct_{_____name_string_____age_int____}____p_:=_Person{name:_"Alice",_age:_30}____p.name____
=== RUN   TestStructs/____type_Point_struct_{_____x_int_____y_int____}____p_:=_Point{x:_3,_y:_5}____p.x_+_p.y____
=== RUN   TestStructs/____type_User_struct_{_____active_bool_____name_string____}____u_:=_User{name:_"Bob",_active:_false}____u.active_=_true____u.active____
--- PASS: TestStructs (0.00s)
    --- PASS: TestStructs/____type_Person_struct_{_____name_string_____age_int____}____p_:=_Person{name:_"Alice",_age:_30}____p.name____ (0.00s)
    --- PASS: TestStructs/____type_Point_struct_{_____x_int_____y_int____}____p_:=_Point{x:_3,_y:_5}____p.x_+_p.y____ (0.00s)
    --- PASS: TestStructs/____type_User_struct_{_____active_bool_____name_string____}____u_:=_User{name:_"Bob",_active:_false}____u.active_=_true____u.active____ (0.00s)
=== RUN   TestPointers
=== RUN   TestPointers/var_a_=_10;_var_p_=_&a;_return_*p;
=== RUN   TestPointers/var_a_=_10;_var_p_=_&a;_*p_=_20;_return_a;
=== RUN   TestPointers/var_a_=_10;_var_p_=_&a;_var_b_=_*p;_return_b;
=== RUN   TestPointers/____type_T_struct_{_V_int_}____var_t_=_T{V:_1}____var_p_=_&t____return_p.V____
=== RUN   TestPointers/____type_T_struct_{_V_int_}____var_t_=_T{V:_1}____var_p_=_&t____p.V_=_2____return_t.V____
=== RUN   TestPointers/____type_T_struct_{_V_int_}____var_p_=_new(T)____return_p.V____
=== RUN   TestPointers/____type_T_struct_{_V_int_}____var_p_=_new(T)____p.V_=_5____return_p.V____
=== RUN   TestPointers/return_*10
=== RUN   TestPointers/var_a_=_10;_return_*a
=== RUN   TestPointers/return_&10
--- PASS: TestPointers (0.00s)
    --- PASS: TestPointers/var_a_=_10;_var_p_=_&a;_return_*p; (0.00s)
    --- PASS: TestPointers/var_a_=_10;_var_p_=_&a;_*p_=_20;_return_a; (0.00s)
    --- PASS: TestPointers/var_a_=_10;_var_p_=_&a;_var_b_=_*p;_return_b; (0.00s)
    --- PASS: TestPointers/____type_T_struct_{_V_int_}____var_t_=_T{V:_1}____var_p_=_&t____return_p.V____ (0.00s)
    --- PASS: TestPointers/____type_T_struct_{_V_int_}____var_t_=_T{V:_1}____var_p_=_&t____p.V_=_2____return_t.V____ (0.00s)
    --- PASS: TestPointers/____type_T_struct_{_V_int_}____var_p_=_new(T)____return_p.V____ (0.00s)
    --- PASS: TestPointers/____type_T_struct_{_V_int_}____var_p_=_new(T)____p.V_=_5____return_p.V____ (0.00s)
    --- PASS: TestPointers/return_*10 (0.00s)
    --- PASS: TestPointers/var_a_=_10;_return_*a (0.00s)
    --- PASS: TestPointers/return_&10 (0.00s)
=== RUN   TestLexicalScoping
=== RUN   TestLexicalScoping/var_a_=_5;_{_var_a_=_10;_};_a;
=== RUN   TestLexicalScoping/a_:=_5;_{_a_:=_10;_};_a;
=== RUN   TestLexicalScoping/var_a_=_5;_{_var_b_=_10;_};_a;
=== RUN   TestLexicalScoping/var_a_=_5;_{_b_:=_10;_};_a;
=== RUN   TestLexicalScoping/a_:=_5;_{_b_:=_a;_};_a;
=== RUN   TestLexicalScoping/var_a_=_1;_{_var_a_=_2;_{_var_a_=_3;_};_a;_};_a;
=== RUN   TestLexicalScoping/var_a_=_1;_{_a_=_2;_{_a_=_3;_};_a;_};_a;
--- PASS: TestLexicalScoping (0.01s)
    --- PASS: TestLexicalScoping/var_a_=_5;_{_var_a_=_10;_};_a; (0.00s)
    --- PASS: TestLexicalScoping/a_:=_5;_{_a_:=_10;_};_a; (0.00s)
    --- PASS: TestLexicalScoping/var_a_=_5;_{_var_b_=_10;_};_a; (0.00s)
    --- PASS: TestLexicalScoping/var_a_=_5;_{_b_:=_10;_};_a; (0.00s)
    --- PASS: TestLexicalScoping/a_:=_5;_{_b_:=_a;_};_a; (0.00s)
    --- PASS: TestLexicalScoping/var_a_=_1;_{_var_a_=_2;_{_var_a_=_3;_};_a;_};_a; (0.00s)
    --- PASS: TestLexicalScoping/var_a_=_1;_{_a_=_2;_{_a_=_3;_};_a;_};_a; (0.00s)
PASS
ok  	github.com/podhmo/go-scan/minigo/evaluator	0.133s
?   	github.com/podhmo/go-scan/minigo/ffibridge	[no test files]
=== RUN   TestObjectTypes
--- PASS: TestObjectTypes (0.00s)
PASS
ok  	github.com/podhmo/go-scan/minigo/object	0.003s
?   	github.com/podhmo/go-scan/minigo/stdlib/bufio	[no test files]
?   	github.com/podhmo/go-scan/minigo/stdlib/bytes	[no test files]
?   	github.com/podhmo/go-scan/minigo/stdlib/container/list	[no test files]
?   	github.com/podhmo/go-scan/minigo/stdlib/context	[no test files]
?   	github.com/podhmo/go-scan/minigo/stdlib/crypto/md5	[no test files]
?   	github.com/podhmo/go-scan/minigo/stdlib/encoding/json	[no test files]
?   	github.com/podhmo/go-scan/minigo/stdlib/errors	[no test files]
?   	github.com/podhmo/go-scan/minigo/stdlib/fmt	[no test files]
?   	github.com/podhmo/go-scan/minigo/stdlib/io	[no test files]
?   	github.com/podhmo/go-scan/minigo/stdlib/math/rand	[no test files]
?   	github.com/podhmo/go-scan/minigo/stdlib/net/http	[no test files]
?   	github.com/podhmo/go-scan/minigo/stdlib/net/url	[no test files]
?   	github.com/podhmo/go-scan/minigo/stdlib/os	[no test files]
?   	github.com/podhmo/go-scan/minigo/stdlib/path	[no test files]
?   	github.com/podhmo/go-scan/minigo/stdlib/path/filepath	[no test files]
?   	github.com/podhmo/go-scan/minigo/stdlib/regexp	[no test files]
?   	github.com/podhmo/go-scan/minigo/stdlib/sort	[no test files]
?   	github.com/podhmo/go-scan/minigo/stdlib/strconv	[no test files]
?   	github.com/podhmo/go-scan/minigo/stdlib/strings	[no test files]
?   	github.com/podhmo/go-scan/minigo/stdlib/text/scanner	[no test files]
?   	github.com/podhmo/go-scan/minigo/stdlib/text/template	[no test files]
?   	github.com/podhmo/go-scan/minigo/stdlib/time	[no test files]
=== RUN   TestEnumScanning_PackageLevel
--- PASS: TestEnumScanning_PackageLevel (0.00s)
=== RUN   TestEnumScanning_LazyLoaded
--- PASS: TestEnumScanning_LazyLoaded (0.00s)
=== RUN   TestNewUnresolvedTypeInfo
--- PASS: TestNewUnresolvedTypeInfo (0.00s)
=== RUN   TestTypeInfo_Annotation
=== RUN   TestTypeInfo_Annotation/basic_case_with_colon
=== RUN   TestTypeInfo_Annotation/basic_case_with_space
=== RUN   TestTypeInfo_Annotation/no_value
=== RUN   TestTypeInfo_Annotation/leading_and_trailing_spaces_on_line
=== RUN   TestTypeInfo_Annotation/space_around_separator
=== RUN   TestTypeInfo_Annotation/value_with_spaces
=== RUN   TestTypeInfo_Annotation/multi-line_doc_comment
=== RUN   TestTypeInfo_Annotation/annotation_not_present
=== RUN   TestTypeInfo_Annotation/multiple_annotations,_find_first
=== RUN   TestTypeInfo_Annotation/complex_name_with_value
=== RUN   TestTypeInfo_Annotation/complex_name_with_colon_separator
=== RUN   TestTypeInfo_Annotation/empty_doc
=== RUN   TestTypeInfo_Annotation/annotation_is_the_whole_line
=== RUN   TestTypeInfo_Annotation/annotation_with_only_spaces_after_colon
=== RUN   TestTypeInfo_Annotation/annotation_name_is_a_prefix_of_another
=== RUN   TestTypeInfo_Annotation/annotation_name_followed_by_non-separator
--- PASS: TestTypeInfo_Annotation (0.00s)
    --- PASS: TestTypeInfo_Annotation/basic_case_with_colon (0.00s)
    --- PASS: TestTypeInfo_Annotation/basic_case_with_space (0.00s)
    --- PASS: TestTypeInfo_Annotation/no_value (0.00s)
    --- PASS: TestTypeInfo_Annotation/leading_and_trailing_spaces_on_line (0.00s)
    --- PASS: TestTypeInfo_Annotation/space_around_separator (0.00s)
    --- PASS: TestTypeInfo_Annotation/value_with_spaces (0.00s)
    --- PASS: TestTypeInfo_Annotation/multi-line_doc_comment (0.00s)
    --- PASS: TestTypeInfo_Annotation/annotation_not_present (0.00s)
    --- PASS: TestTypeInfo_Annotation/multiple_annotations,_find_first (0.00s)
    --- PASS: TestTypeInfo_Annotation/complex_name_with_value (0.00s)
    --- PASS: TestTypeInfo_Annotation/complex_name_with_colon_separator (0.00s)
    --- PASS: TestTypeInfo_Annotation/empty_doc (0.00s)
    --- PASS: TestTypeInfo_Annotation/annotation_is_the_whole_line (0.00s)
    --- PASS: TestTypeInfo_Annotation/annotation_with_only_spaces_after_colon (0.00s)
    --- PASS: TestTypeInfo_Annotation/annotation_name_is_a_prefix_of_another (0.00s)
    --- PASS: TestTypeInfo_Annotation/annotation_name_followed_by_non-separator (0.00s)
=== RUN   TestTypeInfoFromExpr_AnonymousTypes
=== RUN   TestTypeInfoFromExpr_AnonymousTypes/anonymous_interface
=== RUN   TestTypeInfoFromExpr_AnonymousTypes/anonymous_struct
--- PASS: TestTypeInfoFromExpr_AnonymousTypes (0.00s)
    --- PASS: TestTypeInfoFromExpr_AnonymousTypes/anonymous_interface (0.00s)
    --- PASS: TestTypeInfoFromExpr_AnonymousTypes/anonymous_struct (0.00s)
=== RUN   TestScanFiles_InfiniteAliasRecursion
2025/09/23 03:09:52 WARN Could not determine relative path for import path derivation dirPath=../testdata/recursion/mutual_alias moduleRootDir=/app/testdata/recursion/mutual_alias
--- PASS: TestScanFiles_InfiniteAliasRecursion (0.00s)
=== RUN   TestScanFiles_InfiniteGenericRecursion
2025/09/23 03:09:52 WARN Could not determine relative path for import path derivation dirPath=../testdata/recursion/generic_alias moduleRootDir=/app/testdata/recursion/generic_alias
--- PASS: TestScanFiles_InfiniteGenericRecursion (0.00s)
=== RUN   TestNewScanner
=== RUN   TestNewScanner/nil_fset
=== RUN   TestNewScanner/valid_fset
=== RUN   TestNewScanner/nil_resolver
--- PASS: TestNewScanner (0.00s)
    --- PASS: TestNewScanner/nil_fset (0.00s)
    --- PASS: TestNewScanner/valid_fset (0.00s)
    --- PASS: TestNewScanner/nil_resolver (0.00s)
=== RUN   TestScanPackageFromFilePathFeatures
2025/09/23 03:09:52 WARN Could not determine relative path for import path derivation dirPath=../testdata/features moduleRootDir=/app/testdata/features
--- PASS: TestScanPackageFromFilePathFeatures (0.00s)
=== RUN   TestScanFiles
=== RUN   TestScanFiles/scan_single_file
=== RUN   TestScanFiles/scan_multiple_files_same_package
=== RUN   TestScanFiles/scan_files_different_packages
=== RUN   TestScanFiles/scan_empty_file_list
=== RUN   TestScanFiles/scan_non_existent_file
=== RUN   TestScanFiles/scan_with_known_import_path
--- PASS: TestScanFiles (0.00s)
    --- PASS: TestScanFiles/scan_single_file (0.00s)
    --- PASS: TestScanFiles/scan_multiple_files_same_package (0.00s)
    --- PASS: TestScanFiles/scan_files_different_packages (0.00s)
    --- PASS: TestScanFiles/scan_empty_file_list (0.00s)
    --- PASS: TestScanFiles/scan_non_existent_file (0.00s)
    --- PASS: TestScanFiles/scan_with_known_import_path (0.00s)
=== RUN   TestFieldType_Resolve
--- PASS: TestFieldType_Resolve (0.00s)
=== RUN   TestResolve_DirectRecursion
2025/09/23 03:09:52 WARN Could not determine relative path for import path derivation dirPath=../testdata/recursion/direct moduleRootDir=/app/testdata/recursion/direct
--- PASS: TestResolve_DirectRecursion (0.00s)
=== RUN   TestResolve_MutualRecursion
2025/09/23 03:09:52 WARN Could not determine relative path for import path derivation dirPath=../testdata/recursion/mutual/pkg_a moduleRootDir=/app/testdata/recursion/mutual
2025/09/23 03:09:52 WARN Could not determine relative path for import path derivation dirPath=../testdata/recursion/mutual/pkg_b moduleRootDir=/app/testdata/recursion/mutual
--- PASS: TestResolve_MutualRecursion (0.00s)
=== RUN   TestScanWithOverlay
--- PASS: TestScanWithOverlay (0.00s)
=== RUN   TestResolve_NonExistentLocalType
--- PASS: TestResolve_NonExistentLocalType (0.00s)
=== RUN   TestScan_EmbeddedInterface
2025/09/23 03:09:52 WARN Could not determine relative path for import path derivation dirPath=testdata/embeddediface moduleRootDir=/app/scanner/testdata/embeddediface
--- PASS: TestScan_EmbeddedInterface (0.00s)
=== RUN   TestScanner_LocalTypeAlias
--- PASS: TestScanner_LocalTypeAlias (0.00s)
=== RUN   TestScanner_LocalTypeAlias_WithPointer
--- PASS: TestScanner_LocalTypeAlias_WithPointer (0.00s)
=== RUN   TestConstantEvaluation
=== RUN   TestConstantEvaluation/simple_literal
=== RUN   TestConstantEvaluation/integer_literal
=== RUN   TestConstantEvaluation/binary_expression
=== RUN   TestConstantEvaluation/iota
=== RUN   TestConstantEvaluation/iota_with_expression
=== RUN   TestConstantEvaluation/unary_expression
=== RUN   TestConstantEvaluation/parentheses
=== RUN   TestConstantEvaluation/cross-file_constants
=== RUN   TestConstantEvaluation/untyped_float
=== RUN   TestConstantEvaluation/complex_constant_dependency
=== RUN   TestConstantEvaluation/simple_shift
=== RUN   TestConstantEvaluation/stdlib_panic
=== RUN   TestConstantEvaluation/string_with_escape_sequences
--- PASS: TestConstantEvaluation (0.11s)
    --- PASS: TestConstantEvaluation/simple_literal (0.01s)
    --- PASS: TestConstantEvaluation/integer_literal (0.01s)
    --- PASS: TestConstantEvaluation/binary_expression (0.01s)
    --- PASS: TestConstantEvaluation/iota (0.01s)
    --- PASS: TestConstantEvaluation/iota_with_expression (0.01s)
    --- PASS: TestConstantEvaluation/unary_expression (0.01s)
    --- PASS: TestConstantEvaluation/parentheses (0.01s)
    --- PASS: TestConstantEvaluation/cross-file_constants (0.01s)
    --- PASS: TestConstantEvaluation/untyped_float (0.01s)
    --- PASS: TestConstantEvaluation/complex_constant_dependency (0.01s)
    --- PASS: TestConstantEvaluation/simple_shift (0.01s)
    --- PASS: TestConstantEvaluation/stdlib_panic (0.01s)
    --- PASS: TestConstantEvaluation/string_with_escape_sequences (0.01s)
=== RUN   TestEnumScanning_LazyLoaded_WithScantest
--- PASS: TestEnumScanning_LazyLoaded_WithScantest (0.01s)
PASS
ok  	github.com/podhmo/go-scan/scanner	0.130s
=== RUN   TestWriteFiles
--- PASS: TestWriteFiles (0.00s)
=== RUN   TestRun_PureCheck
--- PASS: TestRun_PureCheck (0.01s)
=== RUN   TestRun_GenerateFile
2025/09/23 03:09:52 INFO Generated code written path=/tmp/TestRun_GenerateFile3286154974/001/main_gen.go
--- PASS: TestRun_GenerateFile (0.01s)
=== RUN   TestRun_ModifyFile
--- PASS: TestRun_ModifyFile (0.01s)
=== RUN   TestRun_WithImportPathPattern
--- PASS: TestRun_WithImportPathPattern (0.01s)
=== RUN   TestRun_WithSpecificDirectoryPattern
--- PASS: TestRun_WithSpecificDirectoryPattern (0.01s)
=== RUN   TestRun_ResolvesRelativePathToImportPath
--- PASS: TestRun_ResolvesRelativePathToImportPath (0.01s)
=== RUN   TestRun_WithReplaceDirective
--- PASS: TestRun_WithReplaceDirective (0.01s)
=== RUN   TestToImportPath
=== RUN   TestToImportPath/relative_dir
=== RUN   TestToImportPath/relative_file
=== RUN   TestToImportPath/root_dir
--- PASS: TestToImportPath (0.00s)
    --- PASS: TestToImportPath/relative_dir (0.00s)
    --- PASS: TestToImportPath/relative_file (0.00s)
    --- PASS: TestToImportPath/root_dir (0.00s)
PASS
ok  	github.com/podhmo/go-scan/scantest	0.070s
=== RUN   TestAnonymousTypes_Interface
--- PASS: TestAnonymousTypes_Interface (0.01s)
=== RUN   TestInterfaceBinding
--- PASS: TestInterfaceBinding (0.07s)
=== RUN   TestInterfaceResolution
=== RUN   TestInterfaceResolution/example.com/me/def>example.com/me/impl>example.com/me
=== RUN   TestInterfaceResolution/example.com/me/def>example.com/me>example.com/me/impl
=== RUN   TestInterfaceResolution/example.com/me/impl>example.com/me/def>example.com/me
=== RUN   TestInterfaceResolution/example.com/me/impl>example.com/me>example.com/me/def
=== RUN   TestInterfaceResolution/example.com/me>example.com/me/def>example.com/me/impl
=== RUN   TestInterfaceResolution/example.com/me>example.com/me/impl>example.com/me/def
--- PASS: TestInterfaceResolution (0.10s)
    --- PASS: TestInterfaceResolution/example.com/me/def>example.com/me/impl>example.com/me (0.02s)
    --- PASS: TestInterfaceResolution/example.com/me/def>example.com/me>example.com/me/impl (0.01s)
    --- PASS: TestInterfaceResolution/example.com/me/impl>example.com/me/def>example.com/me (0.02s)
    --- PASS: TestInterfaceResolution/example.com/me/impl>example.com/me>example.com/me/def (0.02s)
    --- PASS: TestInterfaceResolution/example.com/me>example.com/me/def>example.com/me/impl (0.02s)
    --- PASS: TestInterfaceResolution/example.com/me>example.com/me/impl>example.com/me/def (0.02s)
=== RUN   TestInterfaceResolutionWithPointerReceiver
=== RUN   TestInterfaceResolutionWithPointerReceiver/example.com/me/def>example.com/me/impl>example.com/me
=== RUN   TestInterfaceResolutionWithPointerReceiver/example.com/me/def>example.com/me>example.com/me/impl
=== RUN   TestInterfaceResolutionWithPointerReceiver/example.com/me/impl>example.com/me/def>example.com/me
=== RUN   TestInterfaceResolutionWithPointerReceiver/example.com/me/impl>example.com/me>example.com/me/def
=== RUN   TestInterfaceResolutionWithPointerReceiver/example.com/me>example.com/me/def>example.com/me/impl
=== RUN   TestInterfaceResolutionWithPointerReceiver/example.com/me>example.com/me/impl>example.com/me/def
--- PASS: TestInterfaceResolutionWithPointerReceiver (0.13s)
    --- PASS: TestInterfaceResolutionWithPointerReceiver/example.com/me/def>example.com/me/impl>example.com/me (0.01s)
    --- PASS: TestInterfaceResolutionWithPointerReceiver/example.com/me/def>example.com/me>example.com/me/impl (0.02s)
    --- PASS: TestInterfaceResolutionWithPointerReceiver/example.com/me/impl>example.com/me/def>example.com/me (0.01s)
    --- PASS: TestInterfaceResolutionWithPointerReceiver/example.com/me/impl>example.com/me>example.com/me/def (0.02s)
    --- PASS: TestInterfaceResolutionWithPointerReceiver/example.com/me>example.com/me/def>example.com/me/impl (0.05s)
    --- PASS: TestInterfaceResolutionWithPointerReceiver/example.com/me>example.com/me/impl>example.com/me/def (0.02s)
=== RUN   TestInterfaceResolutionWithValueReceiver
=== RUN   TestInterfaceResolutionWithValueReceiver/example.com/me/def>example.com/me/impl>example.com/me
=== RUN   TestInterfaceResolutionWithValueReceiver/example.com/me/def>example.com/me>example.com/me/impl
=== RUN   TestInterfaceResolutionWithValueReceiver/example.com/me/impl>example.com/me/def>example.com/me
=== RUN   TestInterfaceResolutionWithValueReceiver/example.com/me/impl>example.com/me>example.com/me/def
=== RUN   TestInterfaceResolutionWithValueReceiver/example.com/me>example.com/me/def>example.com/me/impl
=== RUN   TestInterfaceResolutionWithValueReceiver/example.com/me>example.com/me/impl>example.com/me/def
--- PASS: TestInterfaceResolutionWithValueReceiver (0.07s)
    --- PASS: TestInterfaceResolutionWithValueReceiver/example.com/me/def>example.com/me/impl>example.com/me (0.01s)
    --- PASS: TestInterfaceResolutionWithValueReceiver/example.com/me/def>example.com/me>example.com/me/impl (0.01s)
    --- PASS: TestInterfaceResolutionWithValueReceiver/example.com/me/impl>example.com/me/def>example.com/me (0.02s)
    --- PASS: TestInterfaceResolutionWithValueReceiver/example.com/me/impl>example.com/me>example.com/me/def (0.01s)
    --- PASS: TestInterfaceResolutionWithValueReceiver/example.com/me>example.com/me/def>example.com/me/impl (0.01s)
    --- PASS: TestInterfaceResolutionWithValueReceiver/example.com/me>example.com/me/impl>example.com/me/def (0.01s)
=== RUN   TestInterfaceResolutionWithEmbeddedInterfaces
--- PASS: TestInterfaceResolutionWithEmbeddedInterfaces (0.01s)
=== RUN   TestEval_LocalTypeDefinition
    evaluator_local_type_test.go:42: expected pointer to point to an instance, but got *object.Variable
--- FAIL: TestEval_LocalTypeDefinition (0.01s)
=== RUN   TestEval_LocalTypeDefinitionInMethod
    evaluator_local_type_test.go:87: Test ran without unexpected errors.
--- PASS: TestEval_LocalTypeDefinitionInMethod (0.01s)
=== RUN   TestFeature_ErrorWithPosition
--- PASS: TestFeature_ErrorWithPosition (0.01s)
=== RUN   TestFeature_FieldAccessOnPointerToVariable
--- PASS: TestFeature_FieldAccessOnPointerToVariable (0.01s)
=== RUN   TestFeature_FieldAccessOnPointerToUnresolvedStruct
    features_test.go:130: expected reason to contain 'field access on symbolic value', but got "symbolic method call Name on unresolved symbolic type Data"
--- FAIL: TestFeature_FieldAccessOnPointerToUnresolvedStruct (0.01s)
=== RUN   TestFeature_CharLiteral
--- PASS: TestFeature_CharLiteral (0.01s)
=== RUN   TestSymgo_ReturnedFunctionClosure
--- PASS: TestSymgo_ReturnedFunctionClosure (0.01s)
=== RUN   TestBuiltin_Panic
--- PASS: TestBuiltin_Panic (0.01s)
=== RUN   TestMultiValueAssignment
=== RUN   TestMultiValueAssignment/call_function_with_multi-return
=== RUN   TestMultiValueAssignment/assignment_from_multi-return
--- PASS: TestMultiValueAssignment (0.01s)
    --- PASS: TestMultiValueAssignment/call_function_with_multi-return (0.01s)
    --- PASS: TestMultiValueAssignment/assignment_from_multi-return (0.00s)
=== RUN   TestFeature_IfElseEvaluation
--- PASS: TestFeature_IfElseEvaluation (0.00s)
=== RUN   TestFeature_SprintfIntrinsic
--- PASS: TestFeature_SprintfIntrinsic (0.01s)
=== RUN   TestSymbolic_IfElse
--- PASS: TestSymbolic_IfElse (0.01s)
=== RUN   TestSymbolic_For
--- PASS: TestSymbolic_For (0.01s)
=== RUN   TestSymbolic_Switch
--- PASS: TestSymbolic_Switch (0.01s)
=== RUN   TestArrayTypeExpression
--- PASS: TestArrayTypeExpression (0.01s)
=== RUN   TestMultiValueAssignmentWithBlank
--- PASS: TestMultiValueAssignmentWithBlank (0.01s)
=== RUN   TestAssignmentToFieldOfTypeAssertion
--- PASS: TestAssignmentToFieldOfTypeAssertion (0.01s)
=== RUN   TestSymgo_ExtraModule_ConstantResolution
--- PASS: TestSymgo_ExtraModule_ConstantResolution (0.01s)
=== RUN   TestInterpreter_MethodCallOnExternalPointerType
--- PASS: TestInterpreter_MethodCallOnExternalPointerType (0.01s)
=== RUN   TestExtraModuleCall
--- PASS: TestExtraModuleCall (0.01s)
=== RUN   TestSymgo_WithExtraPackages
=== RUN   TestSymgo_WithExtraPackages/default_behavior:_external_calls_are_symbolic
=== RUN   TestSymgo_WithExtraPackages/with_scan_policy:_external_calls_are_evaluated
--- PASS: TestSymgo_WithExtraPackages (0.01s)
    --- PASS: TestSymgo_WithExtraPackages/default_behavior:_external_calls_are_symbolic (0.01s)
    --- PASS: TestSymgo_WithExtraPackages/with_scan_policy:_external_calls_are_evaluated (0.01s)
=== RUN   TestGenericFunctionCall
--- PASS: TestGenericFunctionCall (0.01s)
=== RUN   TestGenericCallWithInterfaceConstraint
--- PASS: TestGenericCallWithInterfaceConstraint (0.01s)
=== RUN   TestGenericTypeDefinition
--- PASS: TestGenericTypeDefinition (0.01s)
=== RUN   TestGenericCallWithOmittedArgs
--- PASS: TestGenericCallWithOmittedArgs (0.01s)
=== RUN   TestMapIndexAssignment
--- PASS: TestMapIndexAssignment (0.01s)
=== RUN   TestSliceIndexAssignment
--- PASS: TestSliceIndexAssignment (0.01s)
=== RUN   TestIntraModuleCall
--- PASS: TestIntraModuleCall (0.01s)
=== RUN   TestMapTypeExpression
--- PASS: TestMapTypeExpression (0.01s)
=== RUN   TestMismatchImportPackageName_InPolicy
--- PASS: TestMismatchImportPackageName_InPolicy (0.01s)
=== RUN   TestMismatchImportPackageName_OutOfPolicy
--- PASS: TestMismatchImportPackageName_OutOfPolicy (0.01s)
=== RUN   TestMismatchImportPackageName_UndefinedIdentifier_OutOfPolicy
--- PASS: TestMismatchImportPackageName_UndefinedIdentifier_OutOfPolicy (0.01s)
=== RUN   TestNestedBlockCallIsTracked
--- PASS: TestNestedBlockCallIsTracked (0.01s)
=== RUN   TestNestedBlockVariableScoping
--- PASS: TestNestedBlockVariableScoping (0.01s)
=== RUN   TestServeError
=== RUN   TestServeError/it_should_not_recurse_infinitely
--- PASS: TestServeError (0.01s)
    --- PASS: TestServeError/it_should_not_recurse_infinitely (0.01s)
=== RUN   TestRecursion_method
=== RUN   TestRecursion_method/linked_list_traversal_(should_not_be_infinite_recursion)
=== RUN   TestRecursion_method/actual_infinite_recursion_in_method_(should_be_bounded)
=== RUN   TestRecursion_method/no-arg_function_recursion_(should_be_bounded)
=== RUN   TestRecursion_method/deep_but_finite_recursion_(should_be_bounded)
--- PASS: TestRecursion_method (0.03s)
    --- PASS: TestRecursion_method/linked_list_traversal_(should_not_be_infinite_recursion) (0.01s)
    --- PASS: TestRecursion_method/actual_infinite_recursion_in_method_(should_be_bounded) (0.01s)
    --- PASS: TestRecursion_method/no-arg_function_recursion_(should_be_bounded) (0.01s)
    --- PASS: TestRecursion_method/deep_but_finite_recursion_(should_be_bounded) (0.01s)
=== RUN   TestEval_CompositeLiteral_RecursiveVar
--- PASS: TestEval_CompositeLiteral_RecursiveVar (0.01s)
=== RUN   TestRecursionWithMultiReturn
--- PASS: TestRecursionWithMultiReturn (0.01s)
=== RUN   TestWithSymbolicDependencyScope
--- PASS: TestWithSymbolicDependencyScope (0.01s)
=== RUN   TestScopesAndUnexportedResolution
=== RUN   TestScopesAndUnexportedResolution/primary_scope:_in-scope
=== RUN   TestScopesAndUnexportedResolution/primary_scope:_out-of-scope
=== RUN   TestScopesAndUnexportedResolution/unexported_resolution:_full
=== RUN   TestScopesAndUnexportedResolution/unexported_resolution:_with_var
--- PASS: TestScopesAndUnexportedResolution (0.02s)
    --- PASS: TestScopesAndUnexportedResolution/primary_scope:_in-scope (0.01s)
    --- PASS: TestScopesAndUnexportedResolution/primary_scope:_out-of-scope (0.01s)
    --- PASS: TestScopesAndUnexportedResolution/unexported_resolution:_full (0.01s)
    --- PASS: TestScopesAndUnexportedResolution/unexported_resolution:_with_var (0.01s)
=== RUN   TestSliceExpr
--- PASS: TestSliceExpr (0.01s)
=== RUN   TestSelectStmt
--- PASS: TestSelectStmt (0.01s)
=== RUN   TestStackTrace
    symgo_stacktrace_test.go:41: Full error message:
        ---
        symgo runtime error: not a function: INTEGER
		/tmp/TestStackTrace2806875386/001/main.go:6:2:
			x()
		/tmp/TestStackTrace2806875386/001/main.go:6:2:	in 1
			x()
		/tmp/TestStackTrace2806875386/001/main.go:6:2:	in x
			x()
		/tmp/TestStackTrace2806875386/001/main.go:10:2:	in errorFunc
			errorFunc()
		/tmp/TestStackTrace2806875386/001/main.go:14:2:	in caller
			caller()
		:0:0:	in main

        ---
--- PASS: TestStackTrace (0.01s)
=== RUN   TestNewInterpreter
=== RUN   TestNewInterpreter/nil_scanner
=== RUN   TestNewInterpreter/success
--- PASS: TestNewInterpreter (0.00s)
    --- PASS: TestNewInterpreter/nil_scanner (0.00s)
    --- PASS: TestNewInterpreter/success (0.00s)
=== RUN   TestRecursion_PackageLoading
--- PASS: TestRecursion_PackageLoading (0.01s)
=== RUN   TestInterpreter_Eval_Simple
--- PASS: TestInterpreter_Eval_Simple (0.01s)
=== RUN   TestInterpreter_RegisterIntrinsic
--- PASS: TestInterpreter_RegisterIntrinsic (0.01s)
=== RUN   TestBlockStatement_executesAllStatements
--- PASS: TestBlockStatement_executesAllStatements (0.01s)
=== RUN   TestNakedReturn_AssignedToVar
--- PASS: TestNakedReturn_AssignedToVar (0.01s)
=== RUN   TestEntryPoint_WithMissingArguments
--- PASS: TestEntryPoint_WithMissingArguments (0.01s)
=== RUN   TestEntryPoint_VariadicInterface
--- PASS: TestEntryPoint_VariadicInterface (0.01s)
=== RUN   TestEntryPoint_Variadic_WithMissingArguments
--- PASS: TestEntryPoint_Variadic_WithMissingArguments (0.01s)
=== RUN   TestInterpreter_WithTracer
--- PASS: TestInterpreter_WithTracer (0.01s)
=== RUN   TestSymgo_UnexportedConstantResolution
--- PASS: TestSymgo_UnexportedConstantResolution (0.01s)
=== RUN   TestSymgo_IntraPackageConstantResolution
--- PASS: TestSymgo_IntraPackageConstantResolution (0.01s)
=== RUN   TestSymgo_UnexportedConstantResolution_NestedCall
--- PASS: TestSymgo_UnexportedConstantResolution_NestedCall (0.01s)
=== RUN   TestSymgo_UnexportedConstantResolution_NestedMethodCall
--- PASS: TestSymgo_UnexportedConstantResolution_NestedMethodCall (0.01s)
=== RUN   TestSymgo_UnresolvedKindInference
--- PASS: TestSymgo_UnresolvedKindInference (0.01s)
=== RUN   TestUnresolvedOps
--- PASS: TestUnresolvedOps (0.01s)
=== RUN   TestUnresolvedOps_DereferenceUnresolvedType
--- PASS: TestUnresolvedOps_DereferenceUnresolvedType (0.01s)
=== RUN   TestUnresolvedOps_Comprehensive
--- PASS: TestUnresolvedOps_Comprehensive (0.01s)
=== RUN   TestIntraPackage_UnexportedConstant
--- PASS: TestIntraPackage_UnexportedConstant (0.01s)
FAIL
FAIL	github.com/podhmo/go-scan/symgo	0.859s
=== RUN   TestAccessor
=== RUN   TestAccessor/findFieldOnType
=== RUN   TestAccessor/findMethodOnType
--- PASS: TestAccessor (0.01s)
    --- PASS: TestAccessor/findFieldOnType (0.00s)
    --- PASS: TestAccessor/findMethodOnType (0.00s)
=== RUN   TestEvalIntegerInfixExpression_Placeholders
=== RUN   TestEvalIntegerInfixExpression_Placeholders/%
=== RUN   TestEvalIntegerInfixExpression_Placeholders/<<
=== RUN   TestEvalIntegerInfixExpression_Placeholders/>>
=== RUN   TestEvalIntegerInfixExpression_Placeholders/&
=== RUN   TestEvalIntegerInfixExpression_Placeholders/|
=== RUN   TestEvalIntegerInfixExpression_Placeholders/^
--- PASS: TestEvalIntegerInfixExpression_Placeholders (0.00s)
    --- PASS: TestEvalIntegerInfixExpression_Placeholders/% (0.00s)
    --- PASS: TestEvalIntegerInfixExpression_Placeholders/<< (0.00s)
    --- PASS: TestEvalIntegerInfixExpression_Placeholders/>> (0.00s)
    --- PASS: TestEvalIntegerInfixExpression_Placeholders/& (0.00s)
    --- PASS: TestEvalIntegerInfixExpression_Placeholders/| (0.00s)
    --- PASS: TestEvalIntegerInfixExpression_Placeholders/^ (0.00s)
=== RUN   TestEvalBinaryExpr
=== RUN   TestEvalBinaryExpr/string_concatenation
=== RUN   TestEvalBinaryExpr/division_by_zero
--- PASS: TestEvalBinaryExpr (0.02s)
    --- PASS: TestEvalBinaryExpr/string_concatenation (0.01s)
    --- PASS: TestEvalBinaryExpr/division_by_zero (0.01s)
=== RUN   TestEvalCallExprOnFunction_WithScantest
--- PASS: TestEvalCallExprOnFunction_WithScantest (0.01s)
=== RUN   TestEvalCallExpr_SymbolicInterfaceMethod_MultiReturn
--- PASS: TestEvalCallExpr_SymbolicInterfaceMethod_MultiReturn (0.01s)
=== RUN   TestEvalCallExpr_UnresolvedFunction_MultiReturn
--- PASS: TestEvalCallExpr_UnresolvedFunction_MultiReturn (0.01s)
=== RUN   TestEvalCallExprOnIntrinsic_WithScantest
--- PASS: TestEvalCallExprOnIntrinsic_WithScantest (0.02s)
=== RUN   TestEvalCallExprOnInstanceMethod_WithScantest
--- PASS: TestEvalCallExprOnInstanceMethod_WithScantest (0.11s)
=== RUN   TestEvalCallExpr_VariousPatterns
=== RUN   TestEvalCallExpr_VariousPatterns/method_call_on_a_struct_literal
{"time":"2025-09-23T03:09:54.757698776Z","level":"DEBUG","msg":"evaluating node","type":"*ast.File","pos":{"Filename":"/tmp/TestEvalCallExpr_VariousPatternsmethod_call_on_a_struct_literal2115522915/001/main.go","Offset":1,"Line":2,"Column":1},"source":"package main\n\ntype S struct{}\n\nfunc (s S) Do()\t{}\nfunc main() {\n\tS{}.Do()\n}\n"}
{"time":"2025-09-23T03:09:54.75782982Z","level":"DEBUG","msg":"getOrLoadPackage: requesting package","exec_pos":"/app/symgo/evaluator/evaluator.go:1356","path":"example.com/me"}
{"time":"2025-09-23T03:09:54.757835787Z","level":"DEBUG","msg":"ResolvePackage: checking policy","path":"example.com/me"}
{"time":"2025-09-23T03:09:54.757839322Z","level":"DEBUG","msg":"ResolvePackage: allowed by policy, scanning","path":"example.com/me"}
{"time":"2025-09-23T03:09:54.757853081Z","level":"DEBUG","msg":"ensurePackageEnvPopulated: checking package","exec_pos":"/app/symgo/evaluator/evaluator.go:1396","path":"example.com/me","scanned":true}
{"time":"2025-09-23T03:09:54.75785765Z","level":"DEBUG","msg":"populating package-level constants","package":"example.com/me"}
{"time":"2025-09-23T03:09:54.757867689Z","level":"DEBUG","msg":"ensurePackageEnvPopulated: checking package","exec_pos":"/app/symgo/evaluator/evaluator.go:1396","path":"example.com/me","scanned":true}
{"time":"2025-09-23T03:09:54.757879125Z","level":"DEBUG","msg":"applyFunction","in_func":"main","in_func_pos":"","exec_pos":"/app/symgo/evaluator/evaluator.go:3186","in_func":"main","in_func_pos":"","exec_pos":0,"type":"FUNCTION","value":"func main() { ... }","args":""}
{"time":"2025-09-23T03:09:54.757895947Z","level":"DEBUG","msg":"getOrLoadPackage: requesting package","in_func":"main","in_func_pos":"","exec_pos":"/app/symgo/evaluator/evaluator.go:1356","path":"example.com/me"}
{"time":"2025-09-23T03:09:54.757903664Z","level":"DEBUG","msg":"getOrLoadPackage: found in cache","in_func":"main","in_func_pos":"","exec_pos":"/app/symgo/evaluator/evaluator.go:1358","path":"example.com/me","scanned":true}
{"time":"2025-09-23T03:09:54.757909429Z","level":"DEBUG","msg":"ensurePackageEnvPopulated: checking package","in_func":"main","in_func_pos":"","exec_pos":"/app/symgo/evaluator/evaluator.go:1396","path":"example.com/me","scanned":true}
{"time":"2025-09-23T03:09:54.757915867Z","level":"DEBUG","msg":"ensurePackageEnvPopulated: checking package","in_func":"main","in_func_pos":"","exec_pos":"/app/symgo/evaluator/evaluator.go:1396","path":"example.com/me","scanned":true}
{"time":"2025-09-23T03:09:54.757930003Z","level":"DEBUG","msg":"evaluating node","type":"*ast.BlockStmt","pos":{"Filename":"/tmp/TestEvalCallExpr_VariousPatternsmethod_call_on_a_struct_literal2115522915/001/main.go","Offset":61,"Line":5,"Column":13},"source":"{\n\tS{}.Do()\n}"}
{"time":"2025-09-23T03:09:54.757947301Z","level":"DEBUG","msg":"evaluating node","type":"*ast.ExprStmt","pos":{"Filename":"/tmp/TestEvalCallExpr_VariousPatternsmethod_call_on_a_struct_literal2115522915/001/main.go","Offset":64,"Line":6,"Column":2},"source":"S{}.Do()"}
{"time":"2025-09-23T03:09:54.757957043Z","level":"DEBUG","msg":"evaluating node","type":"*ast.CallExpr","pos":{"Filename":"/tmp/TestEvalCallExpr_VariousPatternsmethod_call_on_a_struct_literal2115522915/001/main.go","Offset":64,"Line":6,"Column":2},"source":"S{}.Do()"}
{"time":"2025-09-23T03:09:54.757964617Z","level":"DEBUG","msg":"call","stack":{"0":{"func":"main","pos":""}}}
{"time":"2025-09-23T03:09:54.7579717Z","level":"DEBUG","msg":"evaluating node","type":"*ast.SelectorExpr","pos":{"Filename":"/tmp/TestEvalCallExpr_VariousPatternsmethod_call_on_a_struct_literal2115522915/001/main.go","Offset":64,"Line":6,"Column":2},"source":"S{}.Do"}
{"time":"2025-09-23T03:09:54.757978889Z","level":"DEBUG","msg":"evaluating node","type":"*ast.CompositeLit","pos":{"Filename":"/tmp/TestEvalCallExpr_VariousPatternsmethod_call_on_a_struct_literal2115522915/001/main.go","Offset":64,"Line":6,"Column":2},"source":"S{}"}
{"time":"2025-09-23T03:09:54.75799312Z","level":"DEBUG","msg":"evaluating node","type":"*ast.Ident","pos":{"Filename":"/tmp/TestEvalCallExpr_VariousPatternsmethod_call_on_a_struct_literal2115522915/001/main.go","Offset":64,"Line":6,"Column":2},"source":"S"}
{"time":"2025-09-23T03:09:54.7580008Z","level":"DEBUG","msg":"evalIdent: found in env","name":"S","type":"TYPE","val":"S"}
{"time":"2025-09-23T03:09:54.75801116Z","level":"DEBUG","msg":"evalSelectorExprForObject: entry","in_func":"main","in_func_pos":"","exec_pos":"/app/symgo/evaluator/evaluator.go:1595","left_type":"*object.Instance","left_val":"instance<example.com/me.S>","selector":"Do"}
{"time":"2025-09-23T03:09:54.75802235Z","level":"DEBUG","msg":"evalSelectorExprForObject: case *object.Instance","in_func":"main","in_func_pos":"","exec_pos":"/app/symgo/evaluator/evaluator.go:1756","instance_type":"example.com/me.S"}
{"time":"2025-09-23T03:09:54.758033343Z","level":"DEBUG","msg":"applyFunction","in_func":"intrinsic function","in_func_pos":"/tmp/TestEvalCallExpr_VariousPatternsmethod_call_on_a_struct_literal2115522915/001/main.go:6:2","exec_pos":"/app/symgo/evaluator/evaluator.go:3186","in_func":"intrinsic function","in_func_pos":"/tmp/TestEvalCallExpr_VariousPatternsmethod_call_on_a_struct_literal2115522915/001/main.go:6:2","exec_pos":65,"type":"INTRINSIC","value":"intrinsic function","args":""}
=== RUN   TestEvalCallExpr_VariousPatterns/method_chaining
{"time":"2025-09-23T03:09:54.76511908Z","level":"DEBUG","msg":"evaluating node","type":"*ast.File","pos":{"Filename":"/tmp/TestEvalCallExpr_VariousPatternsmethod_chaining2576736647/001/main.go","Offset":1,"Line":2,"Column":1},"source":"package main\n\nimport \"fmt\"\n\ntype Greeter struct{ name string }\n\nfunc NewGreeter(name string) *Greeter\t\t\t{ return &Greeter{name: name} }\nfunc (g *Greeter) Greet() string\t\t\t{ return \"Hello, \" + g.name }\nfunc (g *Greeter) WithName(name string) *Greeter\t{ g.name = name; return g }\nfunc main() {\n\tv := NewGreeter(\"world\").WithName(\"gopher\").Greet()\n\tfmt.Println(v)\n}\n"}
{"time":"2025-09-23T03:09:54.765172592Z","level":"DEBUG","msg":"getOrLoadPackage: requesting package","exec_pos":"/app/symgo/evaluator/evaluator.go:1356","path":"example.com/me"}
{"time":"2025-09-23T03:09:54.765179177Z","level":"DEBUG","msg":"ResolvePackage: checking policy","path":"example.com/me"}
{"time":"2025-09-23T03:09:54.76518261Z","level":"DEBUG","msg":"ResolvePackage: allowed by policy, scanning","path":"example.com/me"}
{"time":"2025-09-23T03:09:54.765199087Z","level":"DEBUG","msg":"ensurePackageEnvPopulated: checking package","exec_pos":"/app/symgo/evaluator/evaluator.go:1396","path":"example.com/me","scanned":true}
{"time":"2025-09-23T03:09:54.765203811Z","level":"DEBUG","msg":"populating package-level constants","package":"example.com/me"}
{"time":"2025-09-23T03:09:54.765238443Z","level":"DEBUG","msg":"ensurePackageEnvPopulated: checking package","exec_pos":"/app/symgo/evaluator/evaluator.go:1396","path":"example.com/me","scanned":true}
{"time":"2025-09-23T03:09:54.765272446Z","level":"DEBUG","msg":"applyFunction","in_func":"main","in_func_pos":"","exec_pos":"/app/symgo/evaluator/evaluator.go:3186","in_func":"main","in_func_pos":"","exec_pos":0,"type":"FUNCTION","value":"func main() { ... }","args":""}
{"time":"2025-09-23T03:09:54.765303338Z","level":"DEBUG","msg":"getOrLoadPackage: requesting package","in_func":"main","in_func_pos":"","exec_pos":"/app/symgo/evaluator/evaluator.go:1356","path":"example.com/me"}
{"time":"2025-09-23T03:09:54.765312418Z","level":"DEBUG","msg":"getOrLoadPackage: found in cache","in_func":"main","in_func_pos":"","exec_pos":"/app/symgo/evaluator/evaluator.go:1358","path":"example.com/me","scanned":true}
{"time":"2025-09-23T03:09:54.765338726Z","level":"DEBUG","msg":"ensurePackageEnvPopulated: checking package","in_func":"main","in_func_pos":"","exec_pos":"/app/symgo/evaluator/evaluator.go:1396","path":"example.com/me","scanned":true}
{"time":"2025-09-23T03:09:54.765346486Z","level":"DEBUG","msg":"ensurePackageEnvPopulated: checking package","in_func":"main","in_func_pos":"","exec_pos":"/app/symgo/evaluator/evaluator.go:1396","path":"example.com/me","scanned":true}
{"time":"2025-09-23T03:09:54.765367751Z","level":"DEBUG","msg":"evaluating node","type":"*ast.BlockStmt","pos":{"Filename":"/tmp/TestEvalCallExpr_VariousPatternsmethod_chaining2576736647/001/main.go","Offset":285,"Line":8,"Column":13},"source":"{\n\tv := NewGreeter(\"world\").WithName(\"gopher\").Greet()\n\tfmt.Println(v)\n}"}
{"time":"2025-09-23T03:09:54.765382681Z","level":"DEBUG","msg":"evaluating node","type":"*ast.AssignStmt","pos":{"Filename":"/tmp/TestEvalCallExpr_VariousPatternsmethod_chaining2576736647/001/main.go","Offset":288,"Line":9,"Column":2},"source":"v := NewGreeter(\"world\").WithName(\"gopher\").Greet()"}
{"time":"2025-09-23T03:09:54.765393101Z","level":"DEBUG","msg":"evaluating node","type":"*ast.CallExpr","pos":{"Filename":"/tmp/TestEvalCallExpr_VariousPatternsmethod_chaining2576736647/001/main.go","Offset":293,"Line":9,"Column":7},"source":"NewGreeter(\"world\").WithName(\"gopher\").Greet()"}
{"time":"2025-09-23T03:09:54.765400273Z","level":"DEBUG","msg":"call","stack":{"0":{"func":"main","pos":""}}}
{"time":"2025-09-23T03:09:54.765408709Z","level":"DEBUG","msg":"evaluating node","type":"*ast.SelectorExpr","pos":{"Filename":"/tmp/TestEvalCallExpr_VariousPatternsmethod_chaining2576736647/001/main.go","Offset":293,"Line":9,"Column":7},"source":"NewGreeter(\"world\").WithName(\"gopher\").Greet"}
{"time":"2025-09-23T03:09:54.76545413Z","level":"DEBUG","msg":"evaluating node","type":"*ast.CallExpr","pos":{"Filename":"/tmp/TestEvalCallExpr_VariousPatternsmethod_chaining2576736647/001/main.go","Offset":293,"Line":9,"Column":7},"source":"NewGreeter(\"world\").WithName(\"gopher\")"}
{"time":"2025-09-23T03:09:54.765466443Z","level":"DEBUG","msg":"call","stack":{"0":{"func":"main","pos":""}}}
{"time":"2025-09-23T03:09:54.765475037Z","level":"DEBUG","msg":"evaluating node","type":"*ast.SelectorExpr","pos":{"Filename":"/tmp/TestEvalCallExpr_VariousPatternsmethod_chaining2576736647/001/main.go","Offset":293,"Line":9,"Column":7},"source":"NewGreeter(\"world\").WithName"}
{"time":"2025-09-23T03:09:54.765482488Z","level":"DEBUG","msg":"evaluating node","type":"*ast.CallExpr","pos":{"Filename":"/tmp/TestEvalCallExpr_VariousPatternsmethod_chaining2576736647/001/main.go","Offset":293,"Line":9,"Column":7},"source":"NewGreeter(\"world\")"}
{"time":"2025-09-23T03:09:54.765487944Z","level":"DEBUG","msg":"call","stack":{"0":{"func":"main","pos":""}}}
{"time":"2025-09-23T03:09:54.765493347Z","level":"DEBUG","msg":"evaluating node","type":"*ast.Ident","pos":{"Filename":"/tmp/TestEvalCallExpr_VariousPatternsmethod_chaining2576736647/001/main.go","Offset":293,"Line":9,"Column":7},"source":"NewGreeter"}
{"time":"2025-09-23T03:09:54.765518754Z","level":"DEBUG","msg":"evalIdent: found intrinsic, overriding","key":"example.com/me.NewGreeter"}
{"time":"2025-09-23T03:09:54.765527775Z","level":"DEBUG","msg":"evaluating node","type":"*ast.BasicLit","pos":{"Filename":"/tmp/TestEvalCallExpr_VariousPatternsmethod_chaining2576736647/001/main.go","Offset":304,"Line":9,"Column":18},"source":"\"world\""}
{"time":"2025-09-23T03:09:54.765559391Z","level":"DEBUG","msg":"applyFunction","in_func":"intrinsic function","in_func_pos":"/tmp/TestEvalCallExpr_VariousPatternsmethod_chaining2576736647/001/main.go:9:7","exec_pos":"/app/symgo/evaluator/evaluator.go:3186","in_func":"intrinsic function","in_func_pos":"/tmp/TestEvalCallExpr_VariousPatternsmethod_chaining2576736647/001/main.go:9:7","exec_pos":294,"type":"INTRINSIC","value":"intrinsic function","args":"\"world\""}
{"time":"2025-09-23T03:09:54.765619069Z","level":"DEBUG","msg":"evalSelectorExprForObject: entry","in_func":"main","in_func_pos":"","exec_pos":"/app/symgo/evaluator/evaluator.go:1595","left_type":"*object.Instance","left_val":"instance<*example.com/me.Greeter>","selector":"WithName"}
{"time":"2025-09-23T03:09:54.765637543Z","level":"DEBUG","msg":"evalSelectorExprForObject: case *object.Instance","in_func":"main","in_func_pos":"","exec_pos":"/app/symgo/evaluator/evaluator.go:1756","instance_type":"*example.com/me.Greeter"}
{"time":"2025-09-23T03:09:54.765646674Z","level":"DEBUG","msg":"evaluating node","type":"*ast.BasicLit","pos":{"Filename":"/tmp/TestEvalCallExpr_VariousPatternsmethod_chaining2576736647/001/main.go","Offset":322,"Line":9,"Column":36},"source":"\"gopher\""}
{"time":"2025-09-23T03:09:54.765662166Z","level":"DEBUG","msg":"applyFunction","in_func":"intrinsic function","in_func_pos":"/tmp/TestEvalCallExpr_VariousPatternsmethod_chaining2576736647/001/main.go:9:7","exec_pos":"/app/symgo/evaluator/evaluator.go:3186","in_func":"intrinsic function","in_func_pos":"/tmp/TestEvalCallExpr_VariousPatternsmethod_chaining2576736647/001/main.go:9:7","exec_pos":294,"type":"INTRINSIC","value":"intrinsic function","args":"\"gopher\""}
{"time":"2025-09-23T03:09:54.76567415Z","level":"DEBUG","msg":"evalSelectorExprForObject: entry","in_func":"main","in_func_pos":"","exec_pos":"/app/symgo/evaluator/evaluator.go:1595","left_type":"*object.Instance","left_val":"instance<*example.com/me.Greeter>","selector":"Greet"}
{"time":"2025-09-23T03:09:54.76568184Z","level":"DEBUG","msg":"evalSelectorExprForObject: case *object.Instance","in_func":"main","in_func_pos":"","exec_pos":"/app/symgo/evaluator/evaluator.go:1756","instance_type":"*example.com/me.Greeter"}
{"time":"2025-09-23T03:09:54.765690113Z","level":"DEBUG","msg":"applyFunction","in_func":"intrinsic function","in_func_pos":"/tmp/TestEvalCallExpr_VariousPatternsmethod_chaining2576736647/001/main.go:9:7","exec_pos":"/app/symgo/evaluator/evaluator.go:3186","in_func":"intrinsic function","in_func_pos":"/tmp/TestEvalCallExpr_VariousPatternsmethod_chaining2576736647/001/main.go:9:7","exec_pos":294,"type":"INTRINSIC","value":"intrinsic function","args":""}
{"time":"2025-09-23T03:09:54.765697984Z","level":"DEBUG","msg":"evalIdentAssignment: assigning value","var":"v","value_type":"STRING","value_typeinfo":"<nil>"}
{"time":"2025-09-23T03:09:54.765702683Z","level":"DEBUG","msg":"evalAssignStmt: defining var","name":"v"}
{"time":"2025-09-23T03:09:54.765711202Z","level":"DEBUG","msg":"evaluating node","type":"*ast.ExprStmt","pos":{"Filename":"/tmp/TestEvalCallExpr_VariousPatternsmethod_chaining2576736647/001/main.go","Offset":341,"Line":10,"Column":2},"source":"fmt.Println(v)"}
{"time":"2025-09-23T03:09:54.765720587Z","level":"DEBUG","msg":"evaluating node","type":"*ast.CallExpr","pos":{"Filename":"/tmp/TestEvalCallExpr_VariousPatternsmethod_chaining2576736647/001/main.go","Offset":341,"Line":10,"Column":2},"source":"fmt.Println(v)"}
{"time":"2025-09-23T03:09:54.765726414Z","level":"DEBUG","msg":"call","stack":{"0":{"func":"main","pos":""}}}
{"time":"2025-09-23T03:09:54.76573155Z","level":"DEBUG","msg":"evaluating node","type":"*ast.SelectorExpr","pos":{"Filename":"/tmp/TestEvalCallExpr_VariousPatternsmethod_chaining2576736647/001/main.go","Offset":341,"Line":10,"Column":2},"source":"fmt.Println"}
{"time":"2025-09-23T03:09:54.765737732Z","level":"DEBUG","msg":"evaluating node","type":"*ast.Ident","pos":{"Filename":"/tmp/TestEvalCallExpr_VariousPatternsmethod_chaining2576736647/001/main.go","Offset":341,"Line":10,"Column":2},"source":"fmt"}
{"time":"2025-09-23T03:09:54.765746181Z","level":"DEBUG","msg":"getOrLoadPackage: requesting package","in_func":"main","in_func_pos":"","exec_pos":"/app/symgo/evaluator/evaluator.go:1356","path":"fmt"}
{"time":"2025-09-23T03:09:54.765749668Z","level":"DEBUG","msg":"ResolvePackage: checking policy","path":"fmt"}
{"time":"2025-09-23T03:09:54.765752589Z","level":"DEBUG","msg":"ResolvePackage: allowed by policy, scanning","path":"fmt"}
{"time":"2025-09-23T03:09:54.779523761Z","level":"DEBUG","msg":"ensurePackageEnvPopulated: checking package","in_func":"main","in_func_pos":"","exec_pos":"/app/symgo/evaluator/evaluator.go:1396","path":"fmt","scanned":true}
{"time":"2025-09-23T03:09:54.779554134Z","level":"DEBUG","msg":"populating package-level constants","package":"fmt"}
{"time":"2025-09-23T03:09:54.779734574Z","level":"DEBUG","msg":"evalSelectorExprForObject: entry","in_func":"main","in_func_pos":"","exec_pos":"/app/symgo/evaluator/evaluator.go:1595","left_type":"*object.Package","left_val":"package fmt (\"fmt\")","selector":"Println"}
{"time":"2025-09-23T03:09:54.779745765Z","level":"DEBUG","msg":"evalSelectorExpr: left is a package","in_func":"main","in_func_pos":"","exec_pos":"/app/symgo/evaluator/evaluator.go:1709","package":"fmt","selector":"Println"}
{"time":"2025-09-23T03:09:54.779752099Z","level":"DEBUG","msg":"ensurePackageEnvPopulated: checking package","in_func":"main","in_func_pos":"","exec_pos":"/app/symgo/evaluator/evaluator.go:1396","path":"fmt","scanned":true}
{"time":"2025-09-23T03:09:54.77977217Z","level":"DEBUG","msg":"evaluating node","type":"*ast.Ident","pos":{"Filename":"/tmp/TestEvalCallExpr_VariousPatternsmethod_chaining2576736647/001/main.go","Offset":353,"Line":10,"Column":14},"source":"v"}
{"time":"2025-09-23T03:09:54.779790514Z","level":"DEBUG","msg":"evalIdent: found in env","name":"v","type":"VARIABLE","val":"\"Hello, gopher\""}
{"time":"2025-09-23T03:09:54.779797759Z","level":"DEBUG","msg":"evalVariable: start","var":"v","is_evaluated":true}
{"time":"2025-09-23T03:09:54.779801834Z","level":"DEBUG","msg":"evalVariable: already evaluated, returning cached value","var":"v","value_type":"STRING","value":"\"Hello, gopher\""}
{"time":"2025-09-23T03:09:54.779815629Z","level":"DEBUG","msg":"applyFunction","in_func":"intrinsic function","in_func_pos":"/tmp/TestEvalCallExpr_VariousPatternsmethod_chaining2576736647/001/main.go:10:2","exec_pos":"/app/symgo/evaluator/evaluator.go:3186","in_func":"intrinsic function","in_func_pos":"/tmp/TestEvalCallExpr_VariousPatternsmethod_chaining2576736647/001/main.go:10:2","exec_pos":342,"type":"INTRINSIC","value":"intrinsic function","args":"\"Hello, gopher\""}
=== RUN   TestEvalCallExpr_VariousPatterns/nested_function_calls
--- PASS: TestEvalCallExpr_VariousPatterns (0.04s)
    --- PASS: TestEvalCallExpr_VariousPatterns/method_call_on_a_struct_literal (0.01s)
    --- PASS: TestEvalCallExpr_VariousPatterns/method_chaining (0.02s)
    --- PASS: TestEvalCallExpr_VariousPatterns/nested_function_calls (0.01s)
=== RUN   TestEvalCallExpr_IntraPackageCall
--- PASS: TestEvalCallExpr_IntraPackageCall (0.01s)
=== RUN   TestEvalCallExpr_OutOfPolicy_MultiReturn
--- PASS: TestEvalCallExpr_OutOfPolicy_MultiReturn (0.01s)
=== RUN   TestEval_MakeChannel
--- PASS: TestEval_MakeChannel (0.01s)
=== RUN   TestEval_ReceiveFromChannel
--- PASS: TestEval_ReceiveFromChannel (0.01s)
=== RUN   TestEval_SendStmt
--- PASS: TestEval_SendStmt (0.01s)
=== RUN   TestEval_ChanType
--- PASS: TestEval_ChanType (0.01s)
=== RUN   TestEvalComplex
=== RUN   TestEvalComplex/imaginary_literal
=== RUN   TestEvalComplex/imaginary_literal_with_float
=== RUN   TestEvalComplex/integer_+_imaginary
=== RUN   TestEvalComplex/float_+_imaginary
=== RUN   TestEvalComplex/imaginary_+_imaginary
=== RUN   TestEvalComplex/complex_+_complex
=== RUN   TestEvalComplex/complex_-_complex
=== RUN   TestEvalComplex/complex_*_complex
=== RUN   TestEvalComplex/complex_/_complex
=== RUN   TestEvalComplex/integer_*_imaginary
--- PASS: TestEvalComplex (0.06s)
    --- PASS: TestEvalComplex/imaginary_literal (0.01s)
    --- PASS: TestEvalComplex/imaginary_literal_with_float (0.01s)
    --- PASS: TestEvalComplex/integer_+_imaginary (0.01s)
    --- PASS: TestEvalComplex/float_+_imaginary (0.01s)
    --- PASS: TestEvalComplex/imaginary_+_imaginary (0.01s)
    --- PASS: TestEvalComplex/complex_+_complex (0.01s)
    --- PASS: TestEvalComplex/complex_-_complex (0.01s)
    --- PASS: TestEvalComplex/complex_*_complex (0.01s)
    --- PASS: TestEvalComplex/complex_/_complex (0.01s)
    --- PASS: TestEvalComplex/integer_*_imaginary (0.01s)
=== RUN   TestEval_FunctionInCompositeLiteral
    evaluator_composite_literal_test.go:102: Used functions: map[example.com/m.f:true example.com/m.g:true]
--- PASS: TestEval_FunctionInCompositeLiteral (0.01s)
=== RUN   TestEval_FunctionInMapLiteral
    evaluator_composite_literal_test.go:212: Used functions in map literal test: map[example.com/m.f:true example.com/m.g:true example.com/m.h:true]
--- PASS: TestEval_FunctionInMapLiteral (0.01s)
=== RUN   TestEval_EmbeddedFieldAccess
--- PASS: TestEval_EmbeddedFieldAccess (0.01s)
=== RUN   TestEval_EmbeddedMethodCall
    evaluator_embedded_method_test.go:131: expected to find call to "(*example.com/m/base.BaseController).Validate", but it was not called.
        Called functions:
--- FAIL: TestEval_EmbeddedMethodCall (0.01s)
=== RUN   TestEval_ExternalFunctionVariable
    evaluator_ext_func_var_test.go:71: Test passed, which means the underlying bug may already be fixed.
--- PASS: TestEval_ExternalFunctionVariable (0.01s)
=== RUN   TestEval_FieldAccessOnSymbolicPlaceholder
--- PASS: TestEval_FieldAccessOnSymbolicPlaceholder (0.01s)
=== RUN   TestEvaluator_ForStmt_Cond
--- PASS: TestEvaluator_ForStmt_Cond (0.01s)
=== RUN   TestEvaluator_ForRangeStmt_FuncCall
--- PASS: TestEvaluator_ForRangeStmt_FuncCall (0.01s)
=== RUN   TestEval_FuncType
--- PASS: TestEval_FuncType (0.01s)
=== RUN   TestEvaluator_IfStmt_Cond
--- PASS: TestEvaluator_IfStmt_Cond (0.01s)
=== RUN   TestEvaluator_IfStmt_ResultIsNil
--- PASS: TestEvaluator_IfStmt_ResultIsNil (0.01s)
=== RUN   TestTypeSwitch_MethodCall
--- PASS: TestTypeSwitch_MethodCall (0.01s)
=== RUN   TestIfOk_FieldAccess
--- PASS: TestIfOk_FieldAccess (0.02s)
=== RUN   TestTypeSwitch_Complex
    evaluator_if_typeswitch_test.go:276: scantest.Run() failed: action: mismatch in inspected values (-want +got):
          []string(
        - 	{"A.DoA:alpha", "A.DoI:alpha", "B.DoB", "B.DoI"},
        + 	nil,
          )
--- FAIL: TestTypeSwitch_Complex (0.01s)
=== RUN   TestEvalIncDecStmt
=== RUN   TestEvalIncDecStmt/increment
=== RUN   TestEvalIncDecStmt/decrement
=== RUN   TestEvalIncDecStmt/multiple_increments_and_decrements
--- PASS: TestEvalIncDecStmt (0.00s)
    --- PASS: TestEvalIncDecStmt/increment (0.00s)
    --- PASS: TestEvalIncDecStmt/decrement (0.00s)
    --- PASS: TestEvalIncDecStmt/multiple_increments_and_decrements (0.00s)
=== RUN   TestEvalIncDecStmt_Symbolic
--- PASS: TestEvalIncDecStmt_Symbolic (0.00s)
=== RUN   TestEval_ExternalInterfaceMethodCall
--- PASS: TestEval_ExternalInterfaceMethodCall (0.01s)
=== RUN   TestEval_InterfaceMethodCall
--- PASS: TestEval_InterfaceMethodCall (0.01s)
=== RUN   TestEval_InterfaceMethodCall_OnConcreteType
    evaluator_interface_method_test.go:217: expected SymbolicPlaceholder to be created for interface call on concrete type, but it was not
--- FAIL: TestEval_InterfaceMethodCall_OnConcreteType (0.01s)
=== RUN   TestEval_InterfaceMethodCall_AcrossControlFlow
    evaluator_interface_method_test.go:297: SymbolicPlaceholder for Speak method was not captured
--- FAIL: TestEval_InterfaceMethodCall_AcrossControlFlow (0.01s)
=== RUN   TestEval_InterfaceMethodCall_UndefinedButAllowed
--- PASS: TestEval_InterfaceMethodCall_UndefinedButAllowed (0.01s)
=== RUN   TestEval_InterfaceMethodCall_UndefinedWithIntrinsic
--- PASS: TestEval_InterfaceMethodCall_UndefinedWithIntrinsic (0.01s)
=== RUN   TestEval_InterfaceMethodCall_UndefinedAndContinue
--- PASS: TestEval_InterfaceMethodCall_UndefinedAndContinue (0.01s)
=== RUN   TestEval_InterfaceMethodCall_SyntheticMethodIsCached
    evaluator_interface_method_test.go:666: expected synthetic method to be created once, but it was created 0 times
--- FAIL: TestEval_InterfaceMethodCall_SyntheticMethodIsCached (0.01s)
=== RUN   TestEvaluator_LabeledStatement
--- PASS: TestEvaluator_LabeledStatement (0.01s)
=== RUN   TestEval_MultiReturnAssignment_FromUnscannablePackage
--- PASS: TestEval_MultiReturnAssignment_FromUnscannablePackage (0.01s)
=== RUN   TestPolicy_FunctionCallOnOutOfPolicyPackage
--- PASS: TestPolicy_FunctionCallOnOutOfPolicyPackage (0.01s)
=== RUN   TestEval_ForRangeStmt
--- PASS: TestEval_ForRangeStmt (0.01s)
=== RUN   TestShallowScan_VarDecl_WithUnresolvedType
--- PASS: TestShallowScan_VarDecl_WithUnresolvedType (0.01s)
=== RUN   TestShallowScan_MethodCall_OnUnresolvedType
--- PASS: TestShallowScan_MethodCall_OnUnresolvedType (0.01s)
=== RUN   TestShallowScan_ApplyFunction_WithUnresolvedReturn
--- PASS: TestShallowScan_ApplyFunction_WithUnresolvedReturn (0.01s)
=== RUN   TestShallowScan_AssignIdentifier_WithUnresolvedInterface
    evaluator_shallow_scan_test.go:416: scantest.Run() failed: action: expected 2 possible concrete types, but got 0
--- FAIL: TestShallowScan_AssignIdentifier_WithUnresolvedInterface (0.01s)
=== RUN   TestEvaluator_ShallowScan_TypeSwitch
    evaluator_shallow_scan_test.go:528: scantest.Run() failed: action: expected value of 'result' to be a SymbolicPlaceholder, got *object.Variable (<Symbolic: value from type switch to lib.ForeignType>)
--- FAIL: TestEvaluator_ShallowScan_TypeSwitch (0.01s)
=== RUN   TestEvaluator_ShallowScan_TypeAssert
--- PASS: TestEvaluator_ShallowScan_TypeAssert (0.01s)
=== RUN   TestShallowScan_CompositeLit_WithUnresolvedType
--- PASS: TestShallowScan_CompositeLit_WithUnresolvedType (0.01s)
=== RUN   TestShallowScan_FindMethodOnUnresolvedEmbeddedType
--- PASS: TestShallowScan_FindMethodOnUnresolvedEmbeddedType (0.01s)
=== RUN   TestShallowScan_StarAndIndexExpr
--- PASS: TestShallowScan_StarAndIndexExpr (0.01s)
=== RUN   TestSliceLiterals
--- PASS: TestSliceLiterals (0.01s)
=== RUN   TestSliceIndexExpr
--- PASS: TestSliceIndexExpr (0.01s)
=== RUN   TestSliceIndexExpr_Variable
--- PASS: TestSliceIndexExpr_Variable (0.01s)
=== RUN   TestSliceTypeFromExternalPackage
--- PASS: TestSliceTypeFromExternalPackage (0.01s)
=== RUN   TestEval_StructTypeExpression
--- PASS: TestEval_StructTypeExpression (0.01s)
=== RUN   TestEvalIntegerLiteral
--- PASS: TestEvalIntegerLiteral (0.00s)
=== RUN   TestEvalStringLiteral
--- PASS: TestEvalStringLiteral (0.00s)
=== RUN   TestEvalFloatLiteral
--- PASS: TestEvalFloatLiteral (0.00s)
=== RUN   TestEvalVarStatement
--- PASS: TestEvalVarStatement (0.01s)
=== RUN   TestEvalStarExpr_ReturnValueUnwrap
--- PASS: TestEvalStarExpr_ReturnValueUnwrap (0.01s)
=== RUN   TestEval_PointerAssignment
--- PASS: TestEval_PointerAssignment (0.01s)
=== RUN   TestApplyFunction_ErrorOnNonCallable
{"time":"2025-09-23T03:09:55.163323809Z","level":"ERROR","msg":"not a function: INTEGER","in_func":"123","in_func_pos":"","exec_pos":"/app/symgo/evaluator/evaluator.go:2854","pos":0}
--- PASS: TestApplyFunction_ErrorOnNonCallable (0.00s)
=== RUN   TestEvalUnsupportedNode
--- PASS: TestEvalUnsupportedNode (0.00s)
=== RUN   TestEval_DeferStmt_WithFuncLit
--- PASS: TestEval_DeferStmt_WithFuncLit (0.01s)
=== RUN   TestEval_EmptyStmt
--- PASS: TestEval_EmptyStmt (0.01s)
=== RUN   TestEvalBooleanLiteral
=== RUN   TestEvalBooleanLiteral/true
=== RUN   TestEvalBooleanLiteral/false
--- PASS: TestEvalBooleanLiteral (0.00s)
    --- PASS: TestEvalBooleanLiteral/true (0.00s)
    --- PASS: TestEvalBooleanLiteral/false (0.00s)
=== RUN   TestEvalBuiltinFunctions
=== RUN   TestEvalBuiltinFunctions/panic-string
=== RUN   TestEvalBuiltinFunctions/panic-nil
--- PASS: TestEvalBuiltinFunctions (0.00s)
    --- PASS: TestEvalBuiltinFunctions/panic-string (0.00s)
    --- PASS: TestEvalBuiltinFunctions/panic-nil (0.00s)
=== RUN   TestEvalBuiltinFunctionsPlaceholders
=== RUN   TestEvalBuiltinFunctionsPlaceholders/make
=== RUN   TestEvalBuiltinFunctionsPlaceholders/len-string
=== RUN   TestEvalBuiltinFunctionsPlaceholders/len-slice
=== RUN   TestEvalBuiltinFunctionsPlaceholders/cap-slice
=== RUN   TestEvalBuiltinFunctionsPlaceholders/append
=== RUN   TestEvalBuiltinFunctionsPlaceholders/new
=== RUN   TestEvalBuiltinFunctionsPlaceholders/copy
=== RUN   TestEvalBuiltinFunctionsPlaceholders/delete
=== RUN   TestEvalBuiltinFunctionsPlaceholders/clear
=== RUN   TestEvalBuiltinFunctionsPlaceholders/complex
=== RUN   TestEvalBuiltinFunctionsPlaceholders/real
=== RUN   TestEvalBuiltinFunctionsPlaceholders/imag
=== RUN   TestEvalBuiltinFunctionsPlaceholders/max
=== RUN   TestEvalBuiltinFunctionsPlaceholders/min
=== RUN   TestEvalBuiltinFunctionsPlaceholders/print
=== RUN   TestEvalBuiltinFunctionsPlaceholders/println
=== RUN   TestEvalBuiltinFunctionsPlaceholders/recover
--- PASS: TestEvalBuiltinFunctionsPlaceholders (0.10s)
    --- PASS: TestEvalBuiltinFunctionsPlaceholders/make (0.01s)
    --- PASS: TestEvalBuiltinFunctionsPlaceholders/len-string (0.01s)
    --- PASS: TestEvalBuiltinFunctionsPlaceholders/len-slice (0.01s)
    --- PASS: TestEvalBuiltinFunctionsPlaceholders/cap-slice (0.01s)
    --- PASS: TestEvalBuiltinFunctionsPlaceholders/append (0.01s)
    --- PASS: TestEvalBuiltinFunctionsPlaceholders/new (0.01s)
    --- PASS: TestEvalBuiltinFunctionsPlaceholders/copy (0.01s)
    --- PASS: TestEvalBuiltinFunctionsPlaceholders/delete (0.01s)
    --- PASS: TestEvalBuiltinFunctionsPlaceholders/clear (0.01s)
    --- PASS: TestEvalBuiltinFunctionsPlaceholders/complex (0.01s)
    --- PASS: TestEvalBuiltinFunctionsPlaceholders/real (0.01s)
    --- PASS: TestEvalBuiltinFunctionsPlaceholders/imag (0.01s)
    --- PASS: TestEvalBuiltinFunctionsPlaceholders/max (0.01s)
    --- PASS: TestEvalBuiltinFunctionsPlaceholders/min (0.01s)
    --- PASS: TestEvalBuiltinFunctionsPlaceholders/print (0.01s)
    --- PASS: TestEvalBuiltinFunctionsPlaceholders/println (0.01s)
    --- PASS: TestEvalBuiltinFunctionsPlaceholders/recover (0.01s)
=== RUN   TestLogWithContext
    evaluator_test.go:760: captured log: {"time":"2025-09-23T03:09:55.27637153Z","level":"ERROR","msg":"identifier not found: undefinedFunc","in_func":"Do","in_func_pos":"","exec_pos":"/app/symgo/evaluator/evaluator.go:2854","pos":191}
        {"time":"2025-09-23T03:09:55.276398689Z","level":"WARN","msg":"error evaluating statement in select case","in_func":"Do","in_func_pos":"","exec_pos":"/app/symgo/evaluator/evaluator.go:1902","error":{"Key":"error","Value":{}}}
--- PASS: TestLogWithContext (0.01s)
=== RUN   TestEval_GoStmt
--- PASS: TestEval_GoStmt (0.01s)
=== RUN   TestEval_DeferStmt
--- PASS: TestEval_DeferStmt (0.01s)
=== RUN   TestDefaultIntrinsic_InterfaceMethodCall
    evaluator_test.go:990: default intrinsic was not called with a symbolic placeholder for the interface method
--- FAIL: TestDefaultIntrinsic_InterfaceMethodCall (0.01s)
=== RUN   TestEvalBlockStatement
    evaluator_test.go:1043: scantest.Run() failed: action: result mismatch (-want +got):
          any(
        - 	&object.Integer{Value: 5},
        + 	&object.Variable{
        + 		Name:        "a",
        + 		Value:       &object.Integer{Value: 5},
        + 		IsEvaluated: true,
        + 		DeclPkg: &scanner.PackageInfo{
        + 			ID:         "example.com/me.main",
        + 			Name:       "main",
        + 			Path:       "/tmp/TestEvalBlockStatement3664937138/001",
        + 			ImportPath: "example.com/me",
        + 			ModulePath: "example.com/me",
        + 			ModuleDir:  "/tmp/TestEvalBlockStatement3664937138/001",
        + 			Files:      []string{"/tmp/TestEvalBlockStatement36649"...},
        + 			Functions:  []*scanner.FunctionInfo{&{...}},
        + 			...
        + 		},
        + 	},
          )
--- FAIL: TestEvalBlockStatement (0.01s)
=== RUN   TestIdentifierNotFoundLogging
    evaluator_test.go:1095: captured log:
        {"time":"2025-09-23T03:09:55.303046424Z","level":"DEBUG","msg":"evaluating node","type":"*ast.File","pos":{"Filename":"/tmp/TestIdentifierNotFoundLogging2206252978/001/main.go","Offset":1,"Line":2,"Column":1},"source":"package main\n\nfunc main() {\n\tx := myUndefinedVar\n}\n"}
        {"time":"2025-09-23T03:09:55.303080729Z","level":"DEBUG","msg":"getOrLoadPackage: requesting package","exec_pos":"/app/symgo/evaluator/evaluator.go:1356","path":"example.com/me"}
        {"time":"2025-09-23T03:09:55.303085199Z","level":"DEBUG","msg":"ResolvePackage: checking policy","path":"example.com/me"}
        {"time":"2025-09-23T03:09:55.303089052Z","level":"DEBUG","msg":"ResolvePackage: allowed by policy, scanning","path":"example.com/me"}
        {"time":"2025-09-23T03:09:55.303100394Z","level":"DEBUG","msg":"ensurePackageEnvPopulated: checking package","exec_pos":"/app/symgo/evaluator/evaluator.go:1396","path":"example.com/me","scanned":true}
        {"time":"2025-09-23T03:09:55.303103433Z","level":"DEBUG","msg":"populating package-level constants","package":"example.com/me"}
        {"time":"2025-09-23T03:09:55.303109109Z","level":"DEBUG","msg":"ensurePackageEnvPopulated: checking package","exec_pos":"/app/symgo/evaluator/evaluator.go:1396","path":"example.com/me","scanned":true}
        {"time":"2025-09-23T03:09:55.303125676Z","level":"DEBUG","msg":"applyFunction","in_func":"main","in_func_pos":"","exec_pos":"/app/symgo/evaluator/evaluator.go:3186","in_func":"main","in_func_pos":"","exec_pos":0,"type":"FUNCTION","value":"func main() { ... }","args":""}
        {"time":"2025-09-23T03:09:55.303155986Z","level":"DEBUG","msg":"getOrLoadPackage: requesting package","in_func":"main","in_func_pos":"","exec_pos":"/app/symgo/evaluator/evaluator.go:1356","path":"example.com/me"}
        {"time":"2025-09-23T03:09:55.3031624Z","level":"DEBUG","msg":"getOrLoadPackage: found in cache","in_func":"main","in_func_pos":"","exec_pos":"/app/symgo/evaluator/evaluator.go:1358","path":"example.com/me","scanned":true}
        {"time":"2025-09-23T03:09:55.303166973Z","level":"DEBUG","msg":"ensurePackageEnvPopulated: checking package","in_func":"main","in_func_pos":"","exec_pos":"/app/symgo/evaluator/evaluator.go:1396","path":"example.com/me","scanned":true}
        {"time":"2025-09-23T03:09:55.303172241Z","level":"DEBUG","msg":"ensurePackageEnvPopulated: checking package","in_func":"main","in_func_pos":"","exec_pos":"/app/symgo/evaluator/evaluator.go:1396","path":"example.com/me","scanned":true}
        {"time":"2025-09-23T03:09:55.303186315Z","level":"DEBUG","msg":"evaluating node","type":"*ast.BlockStmt","pos":{"Filename":"/tmp/TestIdentifierNotFoundLogging2206252978/001/main.go","Offset":26,"Line":3,"Column":13},"source":"{\n\tx := myUndefinedVar\n}"}
        {"time":"2025-09-23T03:09:55.303194796Z","level":"DEBUG","msg":"evaluating node","type":"*ast.AssignStmt","pos":{"Filename":"/tmp/TestIdentifierNotFoundLogging2206252978/001/main.go","Offset":32,"Line":4,"Column":5},"source":"x := myUndefinedVar"}
        {"time":"2025-09-23T03:09:55.303201037Z","level":"DEBUG","msg":"evaluating node","type":"*ast.Ident","pos":{"Filename":"/tmp/TestIdentifierNotFoundLogging2206252978/001/main.go","Offset":37,"Line":4,"Column":10},"source":"myUndefinedVar"}
        {"time":"2025-09-23T03:09:55.303206877Z","level":"DEBUG","msg":"evalIdent: not found in env or intrinsics","name":"myUndefinedVar"}
        {"time":"2025-09-23T03:09:55.303212456Z","level":"ERROR","msg":"identifier not found: myUndefinedVar","in_func":"main","in_func_pos":"","exec_pos":"/app/symgo/evaluator/evaluator.go:2854","pos":38}
--- PASS: TestIdentifierNotFoundLogging (0.01s)
=== RUN   TestRecursiveMethodCallNotCached
    evaluator_test.go:1195: scantest.Run() failed: action: expected Recurse to be called 2 times, but got 0. Calls: []
--- FAIL: TestRecursiveMethodCallNotCached (0.01s)
=== RUN   TestEvalReturnStatement
--- PASS: TestEvalReturnStatement (0.00s)
=== RUN   TestErrorHandling
=== RUN   TestErrorHandling/unknown_operator
{"time":"2025-09-23T03:09:55.309110529Z","level":"ERROR","msg":"unknown string operator: >","exec_pos":"/app/symgo/evaluator/evaluator.go:2854","pos":1}
=== RUN   TestErrorHandling/mismatched_types
=== RUN   TestErrorHandling/undefined_variable
{"time":"2025-09-23T03:09:55.309287205Z","level":"ERROR","msg":"identifier not found: x","exec_pos":"/app/symgo/evaluator/evaluator.go:2854","pos":1}
--- PASS: TestErrorHandling (0.00s)
    --- PASS: TestErrorHandling/unknown_operator (0.00s)
    --- PASS: TestErrorHandling/mismatched_types (0.00s)
    --- PASS: TestErrorHandling/undefined_variable (0.00s)
=== RUN   TestBranchStmt
=== RUN   TestBranchStmt/for_loop_with_continue
=== RUN   TestBranchStmt/for_loop_with_break
--- PASS: TestBranchStmt (0.01s)
    --- PASS: TestBranchStmt/for_loop_with_continue (0.01s)
    --- PASS: TestBranchStmt/for_loop_with_break (0.01s)
=== RUN   TestEvalIfElseStmt
--- PASS: TestEvalIfElseStmt (0.00s)
=== RUN   TestEvalFunctionDeclaration
--- PASS: TestEvalFunctionDeclaration (0.01s)
=== RUN   TestEvalFunctionApplication
--- PASS: TestEvalFunctionApplication (0.01s)
=== RUN   TestEvalClosures
--- PASS: TestEvalClosures (0.01s)
=== RUN   TestEvalLetStatements
--- PASS: TestEvalLetStatements (0.00s)
=== RUN   TestTypeCoercionInBinaryExpr
--- PASS: TestTypeCoercionInBinaryExpr (0.00s)
=== RUN   TestArrayLiterals
--- PASS: TestArrayLiterals (0.00s)
=== RUN   TestHashLiterals
--- PASS: TestHashLiterals (0.00s)
=== RUN   TestArrayIndexExpressions
--- PASS: TestArrayIndexExpressions (0.00s)
=== RUN   TestHashIndexExpressions
--- PASS: TestHashIndexExpressions (0.00s)
=== RUN   TestErrorObject
--- PASS: TestErrorObject (0.00s)
=== RUN   TestDefaultIntrinsic
--- PASS: TestDefaultIntrinsic (0.00s)
=== RUN   TestTypeAssertExpr
=== RUN   TestTypeAssertExpr/single_value_success
=== RUN   TestTypeAssertExpr/two_values_success
=== RUN   TestTypeAssertExpr/two_values_failure
=== RUN   TestTypeAssertExpr/assertion_on_struct
2025/09/23 03:09:55 ERROR identifier not found: MyStruct exec_pos=/app/symgo/evaluator/evaluator.go:2854 pos=79
=== RUN   TestTypeAssertExpr/assertion_to_pointer_type
2025/09/23 03:09:55 ERROR identifier not found: MyStruct exec_pos=/app/symgo/evaluator/evaluator.go:2854 pos=80
2025/09/23 03:09:55 ERROR identifier not found: MyStruct exec_pos=/app/symgo/evaluator/evaluator.go:2854 pos=80
--- PASS: TestTypeAssertExpr (0.03s)
    --- PASS: TestTypeAssertExpr/single_value_success (0.01s)
    --- PASS: TestTypeAssertExpr/two_values_success (0.01s)
    --- PASS: TestTypeAssertExpr/two_values_failure (0.01s)
    --- PASS: TestTypeAssertExpr/assertion_on_struct (0.01s)
    --- PASS: TestTypeAssertExpr/assertion_to_pointer_type (0.01s)
=== RUN   TestTypeSwitchStmt
    evaluator_typeswitch_test.go:129: scantest.Run() failed: action: mismatch in inspected types (-want +got):
          []string(
        - 	{"int", "string"},
        + 	nil,
          )
--- FAIL: TestTypeSwitchStmt (0.01s)
=== RUN   TestTypeSwitchStmt_NoVar
--- PASS: TestTypeSwitchStmt_NoVar (0.01s)
=== RUN   TestTypeSwitchStmt_WithFunctionParams
    evaluator_typeswitch_test.go:297: Calling process function with args: [0xc000917b40 0xc0007eab40]
    evaluator_typeswitch_test.go:266: fmt.Sprintf called with 3 args
    evaluator_typeswitch_test.go:268:   arg[0]: *object.String = "%s: int %d"
    evaluator_typeswitch_test.go:268:   arg[1]: *object.String = "param-prefix"
    evaluator_typeswitch_test.go:268:   arg[2]: *object.SymbolicPlaceholder = <Symbolic: value from type switch to int>
    evaluator_typeswitch_test.go:266: fmt.Sprintf called with 3 args
    evaluator_typeswitch_test.go:268:   arg[0]: *object.String = "%s: string %s"
    evaluator_typeswitch_test.go:268:   arg[1]: *object.String = "param-prefix"
    evaluator_typeswitch_test.go:268:   arg[2]: *object.SymbolicPlaceholder = <Symbolic: value from type switch to string>
--- PASS: TestTypeSwitchStmt_WithFunctionParams (0.01s)
=== RUN   TestEval_UnaryExpr_Numeric
=== RUN   TestEval_UnaryExpr_Numeric/-5
=== RUN   TestEval_UnaryExpr_Numeric/-10
=== RUN   TestEval_UnaryExpr_Numeric/+5
=== RUN   TestEval_UnaryExpr_Numeric/^2
--- PASS: TestEval_UnaryExpr_Numeric (0.02s)
    --- PASS: TestEval_UnaryExpr_Numeric/-5 (0.01s)
    --- PASS: TestEval_UnaryExpr_Numeric/-10 (0.01s)
    --- PASS: TestEval_UnaryExpr_Numeric/+5 (0.01s)
    --- PASS: TestEval_UnaryExpr_Numeric/^2 (0.01s)
=== RUN   TestEval_StarExpr_SymbolicPointer
--- PASS: TestEval_StarExpr_SymbolicPointer (0.01s)
=== RUN   TestEval_UnaryExpr_Bang
=== RUN   TestEval_UnaryExpr_Bang/!true
=== RUN   TestEval_UnaryExpr_Bang/!false
=== RUN   TestEval_UnaryExpr_Bang/!!true
=== RUN   TestEval_UnaryExpr_Bang/!!false
--- PASS: TestEval_UnaryExpr_Bang (0.02s)
    --- PASS: TestEval_UnaryExpr_Bang/!true (0.01s)
    --- PASS: TestEval_UnaryExpr_Bang/!false (0.01s)
    --- PASS: TestEval_UnaryExpr_Bang/!!true (0.01s)
    --- PASS: TestEval_UnaryExpr_Bang/!!false (0.01s)
=== RUN   TestEval_StarExpr_PointerDeref
    evaluator_unary_test.go:93: scantest.Run() failed: action: expected 'MyMethod' to be called, but it was not found in tracked calls (found 1 calls)
--- FAIL: TestEval_StarExpr_PointerDeref (0.01s)
=== RUN   TestEvalVarStatement_WithScantest
--- PASS: TestEvalVarStatement_WithScantest (0.01s)
=== RUN   TestEvalVariableReassignment
--- PASS: TestEvalVariableReassignment (0.01s)
=== RUN   TestVariadicFunction
--- PASS: TestVariadicFunction (0.01s)
=== RUN   TestTypeInfoPropagation
    integration_test.go:94: action: main function not found in environment
--- FAIL: TestTypeInfoPropagation (0.01s)
=== RUN   TestResolver
=== RUN   TestResolver/ResolveType_with_policy_(allowed)
=== RUN   TestResolver/ResolveType_with_policy_(disallowed)
=== RUN   TestResolver/resolveTypeWithoutPolicyCheck_(disallowed)
--- PASS: TestResolver (0.01s)
    --- PASS: TestResolver/ResolveType_with_policy_(allowed) (0.00s)
    --- PASS: TestResolver/ResolveType_with_policy_(disallowed) (0.00s)
    --- PASS: TestResolver/resolveTypeWithoutPolicyCheck_(disallowed) (0.00s)
=== RUN   TestResolver_withError
=== RUN   TestResolver_withError/ResolveType_with_resolution_error_returns_placeholder
=== RUN   TestResolver_withError/resolveTypeWithoutPolicyCheck_with_resolution_error_returns_placeholder
--- PASS: TestResolver_withError (0.01s)
    --- PASS: TestResolver_withError/ResolveType_with_resolution_error_returns_placeholder (0.00s)
    --- PASS: TestResolver_withError/resolveTypeWithoutPolicyCheck_with_resolution_error_returns_placeholder (0.00s)
=== RUN   TestEval_FieldAccessOnInstance
--- PASS: TestEval_FieldAccessOnInstance (0.01s)
=== RUN   TestMemoization_WithScantest
=== RUN   TestMemoization_WithScantest/memoization_enabled
=== RUN   TestMemoization_WithScantest/memoization_disabled
--- PASS: TestMemoization_WithScantest (0.01s)
    --- PASS: TestMemoization_WithScantest/memoization_enabled (0.01s)
    --- PASS: TestMemoization_WithScantest/memoization_disabled (0.01s)
=== RUN   TestEval_NamedReturnValues
--- PASS: TestEval_NamedReturnValues (0.01s)
=== RUN   TestIfOkAssertion_OutOfPolicy
--- PASS: TestIfOkAssertion_OutOfPolicy (0.01s)
=== RUN   TestIfOkAssertion_InPolicy
--- PASS: TestIfOkAssertion_InPolicy (0.01s)
=== RUN   TestTypeSwitch_OutOfPolicy
--- PASS: TestTypeSwitch_OutOfPolicy (0.01s)
=== RUN   TestTypeSwitch_InPolicy
--- PASS: TestTypeSwitch_InPolicy (0.01s)
=== RUN   TestEval_SelectorOnUnresolvedType_Direct
--- PASS: TestEval_SelectorOnUnresolvedType_Direct (0.01s)
FAIL
FAIL	github.com/podhmo/go-scan/symgo/evaluator	0.970s
=== RUN   TestCrossMainPackageSymbolCollision
--- PASS: TestCrossMainPackageSymbolCollision (0.01s)
=== RUN   TestStateTracking_GlobalVarWithMethodCall
--- PASS: TestStateTracking_GlobalVarWithMethodCall (0.01s)
=== RUN   TestMethodDispatchWithScantest
--- PASS: TestMethodDispatchWithScantest (0.01s)
=== RUN   TestAnalyzeMinigoPackage
    minigo_analysis_test.go:54: interpreter created successfully with primary analysis scope: github.com/podhmo/go-scan/minigo/...
    minigo_analysis_test.go:64: Finished loading all 34 packages.
    minigo_analysis_test.go:95: Scanning file for functions: /app/minigo/minigo.go
    minigo_analysis_test.go:113: Analyzing function: github.com/podhmo/go-scan/minigo.Run
time=2025-09-23T03:09:54.667Z level=ERROR source=/app/symgo/evaluator/evaluator.go:2849 msg="identifier not found: opts" in_func=Run in_func_pos=/app/minigo/minigo.go:45:6 exec_pos=/app/symgo/evaluator/evaluator.go:2854 pos=1214
    minigo_analysis_test.go:124: Successfully reproduced analysis failure for function github.com/podhmo/go-scan/minigo.Run: symgo runtime error: identifier not found: opts
		/app/minigo/minigo.go:46:13:
			scanner := opts.Scanner
		/app/minigo/minigo.go:45:6:	in Run
			func Run(ctx context.Context, opts Options) (*Result, error) {
--- PASS: TestAnalyzeMinigoPackage (0.06s)
PASS
ok  	github.com/podhmo/go-scan/symgo/integration_test	0.101s
?   	github.com/podhmo/go-scan/symgo/intrinsics	[no test files]
=== RUN   TestString_Type
--- PASS: TestString_Type (0.00s)
=== RUN   TestString_Inspect
--- PASS: TestString_Inspect (0.00s)
=== RUN   TestFunction_Type
--- PASS: TestFunction_Type (0.00s)
=== RUN   TestFunction_Inspect
--- PASS: TestFunction_Inspect (0.00s)
=== RUN   TestError_Type
--- PASS: TestError_Type (0.00s)
=== RUN   TestError_Inspect
--- PASS: TestError_Inspect (0.00s)
=== RUN   TestSymbolicPlaceholder_Type
--- PASS: TestSymbolicPlaceholder_Type (0.00s)
=== RUN   TestSymbolicPlaceholder_Inspect
--- PASS: TestSymbolicPlaceholder_Inspect (0.00s)
PASS
ok  	github.com/podhmo/go-scan/symgo/object	0.004s
=== RUN   TestRun_Simple
--- PASS: TestRun_Simple (0.01s)
=== RUN   TestRun_MaxStepsExceeded
--- PASS: TestRun_MaxStepsExceeded (0.01s)
=== RUN   TestRunExpression
--- PASS: TestRunExpression (0.01s)
=== RUN   TestRunStatements
--- PASS: TestRunStatements (0.00s)
=== RUN   TestRun_ExpectError_FromIntrinsic
--- PASS: TestRun_ExpectError_FromIntrinsic (0.01s)
PASS
ok  	github.com/podhmo/go-scan/symgotest	0.030s
FAIL
