func github.com/podhmo/go-scan/tools/goinspect/testdata/src/features.Main()
  [accessor] func (*Data).SetName(string)
  func (*Data).ComplexLogic()
    func github.com/podhmo/go-scan/tools/goinspect/testdata/src/another.Helper()
    [accessor] func (*Data).GetID()
  func github.com/podhmo/go-scan/tools/goinspect/testdata/src/features.Execute(unhandled_type_*ast.FuncType)
func github.com/podhmo/go-scan/tools/goinspect/testdata/src/indirect/indirect.Ping(int)
  func github.com/podhmo/go-scan/tools/goinspect/testdata/src/indirect/indirect.cont(unhandled_type_*ast.FuncType, int)
    func github.com/podhmo/go-scan/tools/goinspect/testdata/src/indirect/indirect.Pong(int)
      [recursive] func github.com/podhmo/go-scan/tools/goinspect/testdata/src/indirect/indirect.cont(unhandled_type_*ast.FuncType, int)
func github.com/podhmo/go-scan/tools/goinspect/testdata/src/indirect.Ping(int)
  func github.com/podhmo/go-scan/tools/goinspect/testdata/src/indirect.cont(unhandled_type_*ast.FuncType, int)
    func github.com/podhmo/go-scan/tools/goinspect/testdata/src/indirect.Pong(int)
      [recursive] func github.com/podhmo/go-scan/tools/goinspect/testdata/src/indirect.cont(unhandled_type_*ast.FuncType, int)
func (*Person).Greet()
  func github.com/podhmo/go-scan/tools/goinspect/testdata/src/another.Helper()
  func github.com/podhmo/go-scan/tools/goinspect/testdata/src/myapp.privateFunc()
[accessor] func (*Person).String()
func (*Service).Do(Greeter)
  func .Greet()
func github.com/podhmo/go-scan/tools/goinspect/testdata/src/myapp.main()
func github.com/podhmo/go-scan/tools/goinspect/testdata/src/myapp.Recursive(int)
  [recursive] func github.com/podhmo/go-scan/tools/goinspect/testdata/src/myapp.Recursive(int)
func github.com/podhmo/go-scan/tools/goinspect/testdata/src/special.main()
func github.com/podhmo/go-scan/tools/goinspect/testdata/src/special/util.init()
func github.com/podhmo/go-scan/tools/goinspect/testdata/src/special/util.UtilFunc()
func github.com/podhmo/go-scan/tools/goinspect/testdata/src/target.FuncA()
  func github.com/podhmo/go-scan/tools/goinspect/testdata/src/target.sharedFunc()
func github.com/podhmo/go-scan/tools/goinspect/testdata/src/target.FuncB()
  func github.com/podhmo/go-scan/tools/goinspect/testdata/src/target.sharedFunc()
func github.com/podhmo/go-scan/tools/goinspect/testdata/src/toplevel.Toplevel()
  func github.com/podhmo/go-scan/tools/goinspect/testdata/src/toplevel.calledFunction()
