func (*Person).Greet() #1
  func tools/goinspect/testdata/src/myapp.privateFunc() #2
[accessor] func (*Person).String() #3
func (*Service).Do(Greeter) #4
  func .Greet() #5
func tools/goinspect/testdata/src/myapp.main() #6
func tools/goinspect/testdata/src/myapp.Recursive(int) #7
  [recursive] func tools/goinspect/testdata/src/myapp.Recursive(int) #7
